C:/Users/my1du/Repos/ECE_406/Projects/NUCLEO-WL55JC/Applications/SubGHz_Phy/SubGHz_Phy_PingPong_DualCore/CM0PLUS/MbMux/mbmuxif_sys.c:317:13:MBMUXIF_IsrSystemPrioAAckRcvCb	0	static
C:/Users/my1du/Repos/ECE_406/Projects/NUCLEO-WL55JC/Applications/SubGHz_Phy/SubGHz_Phy_PingPong_DualCore/CM0PLUS/MbMux/mbmuxif_sys.c:324:13:MBMUXIF_IsrSystemPrioACmdRcvCb	0	static
C:/Users/my1du/Repos/ECE_406/Projects/NUCLEO-WL55JC/Applications/SubGHz_Phy/SubGHz_Phy_PingPong_DualCore/CM0PLUS/MbMux/mbmuxif_sys.c:331:13:MBMUXIF_IsrSystemPrioBAckRcvCb	0	static
C:/Users/my1du/Repos/ECE_406/Projects/NUCLEO-WL55JC/Applications/SubGHz_Phy/SubGHz_Phy_PingPong_DualCore/CM0PLUS/MbMux/mbmuxif_sys.c:338:13:MBMUXIF_IsrSystemPrioBCmdRcvCb	0	static
C:/Users/my1du/Repos/ECE_406/Projects/NUCLEO-WL55JC/Applications/SubGHz_Phy/SubGHz_Phy_PingPong_DualCore/CM0PLUS/MbMux/mbmuxif_sys.c:345:15:MBMUXIF_FeatureCm0plusRegistrationCmd	8	static
C:/Users/my1du/Repos/ECE_406/Projects/NUCLEO-WL55JC/Applications/SubGHz_Phy/SubGHz_Phy_PingPong_DualCore/CM0PLUS/MbMux/mbmuxif_sys.c:296:13:MBMUXIF_TaskSystemCmdRcv	8	static
C:/Users/my1du/Repos/ECE_406/Projects/NUCLEO-WL55JC/Applications/SubGHz_Phy/SubGHz_Phy_PingPong_DualCore/CM0PLUS/MbMux/mbmuxif_sys.c:265:13:MBMUXIF_IsrSystemCmdRcvCb	8	static
C:/Users/my1du/Repos/ECE_406/Projects/NUCLEO-WL55JC/Applications/SubGHz_Phy/SubGHz_Phy_PingPong_DualCore/CM0PLUS/MbMux/mbmuxif_sys.c:254:13:MBMUXIF_IsrSystemAckRcvCb	8	static
C:/Users/my1du/Repos/ECE_406/Projects/NUCLEO-WL55JC/Applications/SubGHz_Phy/SubGHz_Phy_PingPong_DualCore/CM0PLUS/MbMux/mbmuxif_sys.c:119:8:MBMUXIF_SystemInit	96	static
C:/Users/my1du/Repos/ECE_406/Projects/NUCLEO-WL55JC/Applications/SubGHz_Phy/SubGHz_Phy_PingPong_DualCore/CM0PLUS/MbMux/mbmuxif_sys.c:165:10:MBMUXIF_GetCpusSynchroFlag	0	static
C:/Users/my1du/Repos/ECE_406/Projects/NUCLEO-WL55JC/Applications/SubGHz_Phy/SubGHz_Phy_PingPong_DualCore/CM0PLUS/MbMux/mbmuxif_sys.c:173:19:MBMUXIF_GetSystemFeatureNotifComPtr	8	static
C:/Users/my1du/Repos/ECE_406/Projects/NUCLEO-WL55JC/Applications/SubGHz_Phy/SubGHz_Phy_PingPong_DualCore/CM0PLUS/MbMux/mbmuxif_sys.c:189:6:MBMUXIF_SystemSendNotif	8	static
C:/Users/my1du/Repos/ECE_406/Projects/NUCLEO-WL55JC/Applications/SubGHz_Phy/SubGHz_Phy_PingPong_DualCore/CM0PLUS/MbMux/mbmuxif_sys.c:207:6:MBMUXIF_SystemSendNotif_NoWait	8	static
C:/Users/my1du/Repos/ECE_406/Projects/NUCLEO-WL55JC/Applications/SubGHz_Phy/SubGHz_Phy_PingPong_DualCore/CM0PLUS/MbMux/mbmuxif_sys.c:221:6:MBMUXIF_SystemSendResp	8	static
C:/Users/my1du/Repos/ECE_406/Projects/NUCLEO-WL55JC/Applications/SubGHz_Phy/SubGHz_Phy_PingPong_DualCore/CM0PLUS/MbMux/mbmuxif_sys.c:240:9:MBMUXIF_ChipRevId	0	static
