C:/Users/my1du/Repos/ECE_406/Projects/NUCLEO-WL55JC/Applications/SubGHz_Phy/SubGHz_Phy_PingPong_DualCore/CM0PLUS/MbMux/mbmux.c:369:13:MBMUX_IsrCommandRcvCb	8	static
C:/Users/my1du/Repos/ECE_406/Projects/NUCLEO-WL55JC/Applications/SubGHz_Phy/SubGHz_Phy_PingPong_DualCore/CM0PLUS/MbMux/mbmux.c:384:13:MBMUX_IsrAcknowledgeRcvCb	8	static
C:/Users/my1du/Repos/ECE_406/Projects/NUCLEO-WL55JC/Applications/SubGHz_Phy/SubGHz_Phy_PingPong_DualCore/CM0PLUS/MbMux/mbmux.c:399:16:MBMUX_GetFeatureChIdx	0	static
C:/Users/my1du/Repos/ECE_406/Projects/NUCLEO-WL55JC/Applications/SubGHz_Phy/SubGHz_Phy_PingPong_DualCore/CM0PLUS/MbMux/mbmux.c:410:13:MBMUX_IsrNotRegistered	8	static
C:/Users/my1du/Repos/ECE_406/Projects/NUCLEO-WL55JC/Applications/SubGHz_Phy/SubGHz_Phy_PingPong_DualCore/CM0PLUS/MbMux/mbmux.c:278:18:MBMUX_SEC_VerifySramBuffer	8	static
C:/Users/my1du/Repos/ECE_406/Projects/NUCLEO-WL55JC/Applications/SubGHz_Phy/SubGHz_Phy_PingPong_DualCore/CM0PLUS/MbMux/mbmux.c:333:13:MBMUX_RetrieveSecureSramConfig	8	static
C:/Users/my1du/Repos/ECE_406/Projects/NUCLEO-WL55JC/Applications/SubGHz_Phy/SubGHz_Phy_PingPong_DualCore/CM0PLUS/MbMux/mbmux.c:135:8:MBMUX_RegisterFeatureCallback	16	static
C:/Users/my1du/Repos/ECE_406/Projects/NUCLEO-WL55JC/Applications/SubGHz_Phy/SubGHz_Phy_PingPong_DualCore/CM0PLUS/MbMux/mbmux.c:171:6:MBMUX_UnregisterFeature	16	static
C:/Users/my1du/Repos/ECE_406/Projects/NUCLEO-WL55JC/Applications/SubGHz_Phy/SubGHz_Phy_PingPong_DualCore/CM0PLUS/MbMux/mbmux.c:199:19:MBMUX_GetFeatureComPtr	8	static
C:/Users/my1du/Repos/ECE_406/Projects/NUCLEO-WL55JC/Applications/SubGHz_Phy/SubGHz_Phy_PingPong_DualCore/CM0PLUS/MbMux/mbmux.c:225:9:MBMUX_NotificationSnd	8	static
C:/Users/my1du/Repos/ECE_406/Projects/NUCLEO-WL55JC/Applications/SubGHz_Phy/SubGHz_Phy_PingPong_DualCore/CM0PLUS/MbMux/mbmux.c:243:10:MBMUX_ResponseSnd	8	static
C:/Users/my1du/Repos/ECE_406/Projects/NUCLEO-WL55JC/Applications/SubGHz_Phy/SubGHz_Phy_PingPong_DualCore/CM0PLUS/MbMux/mbmux.c:257:11:MBMUX_SEC_VerifySramBufferPtr	8	static
C:/Users/my1du/Repos/ECE_406/Projects/NUCLEO-WL55JC/Applications/SubGHz_Phy/SubGHz_Phy_PingPong_DualCore/CM0PLUS/MbMux/mbmux.c:110:6:MBMUX_Init	8	static
