C:/Users/my1du/Repos/ECE_406/Utilities/misc/stm32_systime.c:418:13:CalendarDiv86400	12	static
C:/Users/my1du/Repos/ECE_406/Utilities/misc/stm32_systime.c:444:17:CalendarDiv61	0	static
C:/Users/my1du/Repos/ECE_406/Utilities/misc/stm32_systime.c:381:17:CalendarGetMonth	8	static
C:/Users/my1du/Repos/ECE_406/Utilities/misc/stm32_systime.c:466:13:CalendarDiv60	12	static
C:/Users/my1du/Repos/ECE_406/Utilities/misc/stm32_systime.c:199:11:SysTimeAdd	16	static
C:/Users/my1du/Repos/ECE_406/Utilities/misc/stm32_systime.c:213:11:SysTimeSub	8	static
C:/Users/my1du/Repos/ECE_406/Utilities/misc/stm32_systime.c:227:6:SysTimeSet	48	static
C:/Users/my1du/Repos/ECE_406/Utilities/misc/stm32_systime.c:242:11:SysTimeGet	48	static
C:/Users/my1du/Repos/ECE_406/Utilities/misc/stm32_systime.c:259:11:SysTimeGetMcuTime	24	static
C:/Users/my1du/Repos/ECE_406/Utilities/misc/stm32_systime.c:268:10:SysTimeToMs	48	static
C:/Users/my1du/Repos/ECE_406/Utilities/misc/stm32_systime.c:278:11:SysTimeFromMs	48	static
C:/Users/my1du/Repos/ECE_406/Utilities/misc/stm32_systime.c:289:10:SysTimeMkTime	40	static
C:/Users/my1du/Repos/ECE_406/Utilities/misc/stm32_systime.c:318:6:SysTimeLocalTime	64	static
