C:/Users/my1du/Repos/ECE_406/Projects/NUCLEO-WL55JC/Applications/SubGHz_Phy/SubGHz_Phy_PingPong_DualCore/CM4/SubGHz_Phy/App/subghz_phy_app.c:464:13:BuildGpsPacket	16	static
C:/Users/my1du/Repos/ECE_406/Projects/NUCLEO-WL55JC/Applications/SubGHz_Phy/SubGHz_Phy_PingPong_DualCore/CM4/SubGHz_Phy/App/subghz_phy_app.c:457:13:OnledEvent	8	static
C:/Users/my1du/Repos/ECE_406/Projects/NUCLEO-WL55JC/Applications/SubGHz_Phy/SubGHz_Phy_PingPong_DualCore/CM4/SubGHz_Phy/App/subghz_phy_app.c:366:13:PingPong_Process	192	static
C:/Users/my1du/Repos/ECE_406/Projects/NUCLEO-WL55JC/Applications/SubGHz_Phy/SubGHz_Phy_PingPong_DualCore/CM4/SubGHz_Phy/App/subghz_phy_app.c:354:13:OnRxError	8	static
C:/Users/my1du/Repos/ECE_406/Projects/NUCLEO-WL55JC/Applications/SubGHz_Phy/SubGHz_Phy_PingPong_DualCore/CM4/SubGHz_Phy/App/subghz_phy_app.c:343:13:OnRxTimeout	8	static
C:/Users/my1du/Repos/ECE_406/Projects/NUCLEO-WL55JC/Applications/SubGHz_Phy/SubGHz_Phy_PingPong_DualCore/CM4/SubGHz_Phy/App/subghz_phy_app.c:332:13:OnTxTimeout	8	static
C:/Users/my1du/Repos/ECE_406/Projects/NUCLEO-WL55JC/Applications/SubGHz_Phy/SubGHz_Phy_PingPong_DualCore/CM4/SubGHz_Phy/App/subghz_phy_app.c:280:13:OnTxDone	8	static
C:/Users/my1du/Repos/ECE_406/Projects/NUCLEO-WL55JC/Applications/SubGHz_Phy/SubGHz_Phy_PingPong_DualCore/CM4/SubGHz_Phy/App/subghz_phy_app.c:291:13:OnRxDone	32	static
C:/Users/my1du/Repos/ECE_406/Projects/NUCLEO-WL55JC/Applications/SubGHz_Phy/SubGHz_Phy_PingPong_DualCore/CM4/SubGHz_Phy/App/subghz_phy_app.c:172:6:SubghzApp_Init	72	static
