Archive member included to satisfy reference by file (symbol)

C:/ST/STM32CubeIDE_1.19.0/STM32CubeIDE/plugins/com.st.stm32cube.ide.mcu.externaltools.gnu-tools-for-stm32.13.3.rel1.win32_1.0.0.202411081344/tools/bin/../lib/gcc/arm-none-eabi/13.3.1/../../../../arm-none-eabi/lib/thumb/v6-m/nofp\libc_nano.a(libc_a-exit.o)
                              C:/ST/STM32CubeIDE_1.19.0/STM32CubeIDE/plugins/com.st.stm32cube.ide.mcu.externaltools.gnu-tools-for-stm32.13.3.rel1.win32_1.0.0.202411081344/tools/bin/../lib/gcc/arm-none-eabi/13.3.1/../../../../arm-none-eabi/lib/thumb/v6-m/nofp/crt0.o (exit)
C:/ST/STM32CubeIDE_1.19.0/STM32CubeIDE/plugins/com.st.stm32cube.ide.mcu.externaltools.gnu-tools-for-stm32.13.3.rel1.win32_1.0.0.202411081344/tools/bin/../lib/gcc/arm-none-eabi/13.3.1/../../../../arm-none-eabi/lib/thumb/v6-m/nofp\libc_nano.a(libc_a-findfp.o)
                              C:/ST/STM32CubeIDE_1.19.0/STM32CubeIDE/plugins/com.st.stm32cube.ide.mcu.externaltools.gnu-tools-for-stm32.13.3.rel1.win32_1.0.0.202411081344/tools/bin/../lib/gcc/arm-none-eabi/13.3.1/../../../../arm-none-eabi/lib/thumb/v6-m/nofp\libc_nano.a(libc_a-exit.o) (__stdio_exit_handler)
C:/ST/STM32CubeIDE_1.19.0/STM32CubeIDE/plugins/com.st.stm32cube.ide.mcu.externaltools.gnu-tools-for-stm32.13.3.rel1.win32_1.0.0.202411081344/tools/bin/../lib/gcc/arm-none-eabi/13.3.1/../../../../arm-none-eabi/lib/thumb/v6-m/nofp\libc_nano.a(libc_a-fwalk.o)
                              C:/ST/STM32CubeIDE_1.19.0/STM32CubeIDE/plugins/com.st.stm32cube.ide.mcu.externaltools.gnu-tools-for-stm32.13.3.rel1.win32_1.0.0.202411081344/tools/bin/../lib/gcc/arm-none-eabi/13.3.1/../../../../arm-none-eabi/lib/thumb/v6-m/nofp\libc_nano.a(libc_a-findfp.o) (_fwalk_sglue)
C:/ST/STM32CubeIDE_1.19.0/STM32CubeIDE/plugins/com.st.stm32cube.ide.mcu.externaltools.gnu-tools-for-stm32.13.3.rel1.win32_1.0.0.202411081344/tools/bin/../lib/gcc/arm-none-eabi/13.3.1/../../../../arm-none-eabi/lib/thumb/v6-m/nofp\libc_nano.a(libc_a-stdio.o)
                              C:/ST/STM32CubeIDE_1.19.0/STM32CubeIDE/plugins/com.st.stm32cube.ide.mcu.externaltools.gnu-tools-for-stm32.13.3.rel1.win32_1.0.0.202411081344/tools/bin/../lib/gcc/arm-none-eabi/13.3.1/../../../../arm-none-eabi/lib/thumb/v6-m/nofp\libc_nano.a(libc_a-findfp.o) (__sread)
C:/ST/STM32CubeIDE_1.19.0/STM32CubeIDE/plugins/com.st.stm32cube.ide.mcu.externaltools.gnu-tools-for-stm32.13.3.rel1.win32_1.0.0.202411081344/tools/bin/../lib/gcc/arm-none-eabi/13.3.1/../../../../arm-none-eabi/lib/thumb/v6-m/nofp\libc_nano.a(libc_a-memset.o)
                              C:/ST/STM32CubeIDE_1.19.0/STM32CubeIDE/plugins/com.st.stm32cube.ide.mcu.externaltools.gnu-tools-for-stm32.13.3.rel1.win32_1.0.0.202411081344/tools/bin/../lib/gcc/arm-none-eabi/13.3.1/../../../../arm-none-eabi/lib/thumb/v6-m/nofp/crt0.o (memset)
C:/ST/STM32CubeIDE_1.19.0/STM32CubeIDE/plugins/com.st.stm32cube.ide.mcu.externaltools.gnu-tools-for-stm32.13.3.rel1.win32_1.0.0.202411081344/tools/bin/../lib/gcc/arm-none-eabi/13.3.1/../../../../arm-none-eabi/lib/thumb/v6-m/nofp\libc_nano.a(libc_a-closer.o)
                              C:/ST/STM32CubeIDE_1.19.0/STM32CubeIDE/plugins/com.st.stm32cube.ide.mcu.externaltools.gnu-tools-for-stm32.13.3.rel1.win32_1.0.0.202411081344/tools/bin/../lib/gcc/arm-none-eabi/13.3.1/../../../../arm-none-eabi/lib/thumb/v6-m/nofp\libc_nano.a(libc_a-stdio.o) (_close_r)
C:/ST/STM32CubeIDE_1.19.0/STM32CubeIDE/plugins/com.st.stm32cube.ide.mcu.externaltools.gnu-tools-for-stm32.13.3.rel1.win32_1.0.0.202411081344/tools/bin/../lib/gcc/arm-none-eabi/13.3.1/../../../../arm-none-eabi/lib/thumb/v6-m/nofp\libc_nano.a(libc_a-reent.o)
                              C:/ST/STM32CubeIDE_1.19.0/STM32CubeIDE/plugins/com.st.stm32cube.ide.mcu.externaltools.gnu-tools-for-stm32.13.3.rel1.win32_1.0.0.202411081344/tools/bin/../lib/gcc/arm-none-eabi/13.3.1/../../../../arm-none-eabi/lib/thumb/v6-m/nofp\libc_nano.a(libc_a-closer.o) (errno)
C:/ST/STM32CubeIDE_1.19.0/STM32CubeIDE/plugins/com.st.stm32cube.ide.mcu.externaltools.gnu-tools-for-stm32.13.3.rel1.win32_1.0.0.202411081344/tools/bin/../lib/gcc/arm-none-eabi/13.3.1/../../../../arm-none-eabi/lib/thumb/v6-m/nofp\libc_nano.a(libc_a-impure.o)
                              C:/ST/STM32CubeIDE_1.19.0/STM32CubeIDE/plugins/com.st.stm32cube.ide.mcu.externaltools.gnu-tools-for-stm32.13.3.rel1.win32_1.0.0.202411081344/tools/bin/../lib/gcc/arm-none-eabi/13.3.1/../../../../arm-none-eabi/lib/thumb/v6-m/nofp\libc_nano.a(libc_a-reent.o) (_impure_ptr)
C:/ST/STM32CubeIDE_1.19.0/STM32CubeIDE/plugins/com.st.stm32cube.ide.mcu.externaltools.gnu-tools-for-stm32.13.3.rel1.win32_1.0.0.202411081344/tools/bin/../lib/gcc/arm-none-eabi/13.3.1/../../../../arm-none-eabi/lib/thumb/v6-m/nofp\libc_nano.a(libc_a-lseekr.o)
[...]
Memory Configuration

Name             Origin             Length             Attributes
RAM_SHARED       0x20009000         0x00001000         xrw
RAM2             0x2000a000         0x00006000         xrw
FLASH            0x08020000         0x00020000         xr
*default*        0x00000000         0xffffffff

Linker script and memory map

LOAD C:/ST/STM32CubeIDE_1.19.0/STM32CubeIDE/plugins/com.st.stm32cube.ide.mcu.externaltools.gnu-tools-for-stm32.13.3.rel1.win32_1.0.0.202411081344/tools/bin/../lib/gcc/arm-none-eabi/13.3.1/thumb/v6-m/nofp/crti.o
LOAD C:/ST/STM32CubeIDE_1.19.0/STM32CubeIDE/plugins/com.st.stm32cube.ide.mcu.externaltools.gnu-tools-for-stm32.13.3.rel1.win32_1.0.0.202411081344/tools/bin/../lib/gcc/arm-none-eabi/13.3.1/thumb/v6-m/nofp/crtbegin.o
LOAD C:/ST/STM32CubeIDE_1.19.0/STM32CubeIDE/plugins/com.st.stm32cube.ide.mcu.externaltools.gnu-tools-for-stm32.13.3.rel1.win32_1.0.0.202411081344/tools/bin/../lib/gcc/arm-none-eabi/13.3.1/../../../../arm-none-eabi/lib/thumb/v6-m/nofp/crt0.o
LOAD ./Application/User/Common/System/sys_debug.o
LOAD ./Application/User/Core/gpio.o
LOAD ./Application/User/Core/ipcc.o
LOAD ./Application/User/Core/ipcc_if.o
LOAD ./Application/User/Core/main.o
LOAD ./Application/User/Core/rtc.o
LOAD ./Application/User/Core/stm32_lpm_if.o
LOAD ./Application/User/Core/stm32wlxx_hal_msp.o
LOAD ./Application/User/Core/stm32wlxx_it.o
LOAD ./Application/User/Core/subghz.o
LOAD ./Application/User/Core/sys_app.o
LOAD ./Application/User/Core/syscalls.o
LOAD ./Application/User/Core/sysmem.o
LOAD ./Application/User/Core/timer_if.o
LOAD ./Application/User/MbMux/features_info.o
LOAD ./Application/User/MbMux/mbmux.o
LOAD ./Application/User/MbMux/mbmuxif_radio.o
LOAD ./Application/User/MbMux/mbmuxif_sys.o
LOAD ./Application/User/MbMux/mbmuxif_trace.o
LOAD ./Application/User/MbMux/radio_mbwrapper.o
LOAD ./Application/User/Startup/startup_stm32wl55jcix.o
LOAD ./Application/User/SubGHz_Phy/App/app_subghz_phy.o
LOAD ./Application/User/SubGHz_Phy/Target/radio_board_if.o
LOAD ./Drivers/BSP/STM32WLxx_Nucleo/stm32wlxx_nucleo.o
LOAD ./Drivers/BSP/STM32WLxx_Nucleo/stm32wlxx_nucleo_radio.o
LOAD ./Drivers/CMSIS/system_stm32wlxx.o
LOAD ./Drivers/STM32WLxx_HAL_Driver/stm32wlxx_hal.o
LOAD ./Drivers/STM32WLxx_HAL_Driver/stm32wlxx_hal_cortex.o
LOAD ./Drivers/STM32WLxx_HAL_Driver/stm32wlxx_hal_dma.o
LOAD ./Drivers/STM32WLxx_HAL_Driver/stm32wlxx_hal_dma_ex.o
LOAD ./Drivers/STM32WLxx_HAL_Driver/stm32wlxx_hal_exti.o
LOAD ./Drivers/STM32WLxx_HAL_Driver/stm32wlxx_hal_flash.o
LOAD ./Drivers/STM32WLxx_HAL_Driver/stm32wlxx_hal_flash_ex.o
LOAD ./Drivers/STM32WLxx_HAL_Driver/stm32wlxx_hal_gpio.o
LOAD ./Drivers/STM32WLxx_HAL_Driver/stm32wlxx_hal_ipcc.o
LOAD ./Drivers/STM32WLxx_HAL_Driver/stm32wlxx_hal_pwr.o
LOAD ./Drivers/STM32WLxx_HAL_Driver/stm32wlxx_hal_pwr_ex.o
LOAD ./Drivers/STM32WLxx_HAL_Driver/stm32wlxx_hal_rcc.o
LOAD ./Drivers/STM32WLxx_HAL_Driver/stm32wlxx_hal_rcc_ex.o
LOAD ./Drivers/STM32WLxx_HAL_Driver/stm32wlxx_hal_rtc.o
LOAD ./Drivers/STM32WLxx_HAL_Driver/stm32wlxx_hal_rtc_ex.o
LOAD ./Drivers/STM32WLxx_HAL_Driver/stm32wlxx_hal_subghz.o
LOAD ./Drivers/STM32WLxx_HAL_Driver/stm32wlxx_hal_tim.o
LOAD ./Drivers/STM32WLxx_HAL_Driver/stm32wlxx_hal_tim_ex.o
LOAD ./Middlewares/Third_Party/SubGHz_Phy/lr_fhss_mac.o
LOAD ./Middlewares/Third_Party/SubGHz_Phy/radio.o
LOAD ./Middlewares/Third_Party/SubGHz_Phy/radio_driver.o
LOAD ./Middlewares/Third_Party/SubGHz_Phy/radio_fw.o
LOAD ./Middlewares/Third_Party/SubGHz_Phy/wl_lr_fhss.o
LOAD ./Utilities/stm32_adv_trace.o
LOAD ./Utilities/stm32_lpm.o
LOAD ./Utilities/stm32_mem.o
LOAD ./Utilities/stm32_seq.o
LOAD ./Utilities/stm32_systime.o
LOAD ./Utilities/stm32_timer.o
LOAD ./Utilities/stm32_tiny_sscanf.o
LOAD ./Utilities/stm32_tiny_vsnprintf.o
START GROUP
LOAD C:/ST/STM32CubeIDE_1.19.0/STM32CubeIDE/plugins/com.st.stm32cube.ide.mcu.externaltools.gnu-tools-for-stm32.13.3.rel1.win32_1.0.0.202411081344/tools/bin/../lib/gcc/arm-none-eabi/13.3.1/../../../../arm-none-eabi/lib/thumb/v6-m/nofp\libc_nano.a
LOAD C:/ST/STM32CubeIDE_1.19.0/STM32CubeIDE/plugins/com.st.stm32cube.ide.mcu.externaltools.gnu-tools-for-stm32.13.3.rel1.win32_1.0.0.202411081344/tools/bin/../lib/gcc/arm-none-eabi/13.3.1/../../../../arm-none-eabi/lib/thumb/v6-m/nofp\libm.a
END GROUP
START GROUP
LOAD C:/ST/STM32CubeIDE_1.19.0/STM32CubeIDE/plugins/com.st.stm32cube.ide.mcu.externaltools.gnu-tools-for-stm32.13.3.rel1.win32_1.0.0.202411081344/tools/bin/../lib/gcc/arm-none-eabi/13.3.1/thumb/v6-m/nofp\libgcc.a
LOAD C:/ST/STM32CubeIDE_1.19.0/STM32CubeIDE/plugins/com.st.stm32cube.ide.mcu.externaltools.gnu-tools-for-stm32.13.3.rel1.win32_1.0.0.202411081344/tools/bin/../lib/gcc/arm-none-eabi/13.3.1/../../../../arm-none-eabi/lib/thumb/v6-m/nofp\libc_nano.a
END GROUP
START GROUP
LOAD C:/ST/STM32CubeIDE_1.19.0/STM32CubeIDE/plugins/com.st.stm32cube.ide.mcu.externaltools.gnu-tools-for-stm32.13.3.rel1.win32_1.0.0.202411081344/tools/bin/../lib/gcc/arm-none-eabi/13.3.1/thumb/v6-m/nofp\libgcc.a
LOAD C:/ST/STM32CubeIDE_1.19.0/STM32CubeIDE/plugins/com.st.stm32cube.ide.mcu.externaltools.gnu-tools-for-stm32.13.3.rel1.win32_1.0.0.202411081344/tools/bin/../lib/gcc/arm-none-eabi/13.3.1/../../../../arm-none-eabi/lib/thumb/v6-m/nofp\libc_nano.a
LOAD C:/ST/STM32CubeIDE_1.19.0/STM32CubeIDE/plugins/com.st.stm32cube.ide.mcu.externaltools.gnu-tools-for-stm32.13.3.rel1.win32_1.0.0.202411081344/tools/bin/../lib/gcc/arm-none-eabi/13.3.1/../../../../arm-none-eabi/lib/thumb/v6-m/nofp\libnosys.a
END GROUP
START GROUP
LOAD C:/ST/STM32CubeIDE_1.19.0/STM32CubeIDE/plugins/com.st.stm32cube.ide.mcu.externaltools.gnu-tools-for-stm32.13.3.rel1.win32_1.0.0.202411081344/tools/bin/../lib/gcc/arm-none-eabi/13.3.1/thumb/v6-m/nofp\libgcc.a
LOAD C:/ST/STM32CubeIDE_1.19.0/STM32CubeIDE/plugins/com.st.stm32cube.ide.mcu.externaltools.gnu-tools-for-stm32.13.3.rel1.win32_1.0.0.202411081344/tools/bin/../lib/gcc/arm-none-eabi/13.3.1/../../../../arm-none-eabi/lib/thumb/v6-m/nofp\libc_nano.a
LOAD C:/ST/STM32CubeIDE_1.19.0/STM32CubeIDE/plugins/com.st.stm32cube.ide.mcu.externaltools.gnu-tools-for-stm32.13.3.rel1.win32_1.0.0.202411081344/tools/bin/../lib/gcc/arm-none-eabi/13.3.1/../../../../arm-none-eabi/lib/thumb/v6-m/nofp\libnosys.a
END GROUP
LOAD C:/ST/STM32CubeIDE_1.19.0/STM32CubeIDE/plugins/com.st.stm32cube.ide.mcu.externaltools.gnu-tools-for-stm32.13.3.rel1.win32_1.0.0.202411081344/tools/bin/../lib/gcc/arm-none-eabi/13.3.1/thumb/v6-m/nofp/crtend.o
LOAD C:/ST/STM32CubeIDE_1.19.0/STM32CubeIDE/plugins/com.st.stm32cube.ide.mcu.externaltools.gnu-tools-for-stm32.13.3.rel1.win32_1.0.0.202411081344/tools/bin/../lib/gcc/arm-none-eabi/13.3.1/thumb/v6-m/nofp/crtn.o
                0x20010000                        _estack = (ORIGIN (RAM2) + LENGTH (RAM2))
                0x00000400                        _Min_Heap_Size = 0x400
                0x00001000                        _Min_Stack_Size = 0x1000

.isr_vector     0x08020000       0xc0
                0x08020000                        . = ALIGN (0x8)
 *(.isr_vector)
 .isr_vector    0x08020000       0xc0 ./Application/User/Startup/startup_stm32wl55jcix.o
                0x08020000                g_pfnVectors
                0x080200c0                        . = ALIGN (0x8)

.text           0x080200c0     0x6188
                0x080200c0                        . = ALIGN (0x8)
 *(.text)
 .text          0x080200c0       0x48 C:/ST/STM32CubeIDE_1.19.0/STM32CubeIDE/plugins/com.st.stm32cube.ide.mcu.externaltools.gnu-tools-for-stm32.13.3.rel1.win32_1.0.0.202411081344/tools/bin/../lib/gcc/arm-none-eabi/13.3.1/thumb/v6-m/nofp/crtbegin.o
 .text          0x08020108        0xe C:/ST/STM32CubeIDE_1.19.0/STM32CubeIDE/plugins/com.st.stm32cube.ide.mcu.externaltools.gnu-tools-for-stm32.13.3.rel1.win32_1.0.0.202411081344/tools/bin/../lib/gcc/arm-none-eabi/13.3.1/../../../../arm-none-eabi/lib/thumb/v6-m/nofp\libc_nano.a(libc_a-strlen.o)
                0x08020108                strlen
 *fill*         0x08020116        0x2 
 .text          0x08020118      0x114 C:/ST/STM32CubeIDE_1.19.0/STM32CubeIDE/plugins/com.st.stm32cube.ide.mcu.externaltools.gnu-tools-for-stm32.13.3.rel1.win32_1.0.0.202411081344/tools/bin/../lib/gcc/arm-none-eabi/13.3.1/thumb/v6-m/nofp\libgcc.a(_udivsi3.o)
                0x08020118                __aeabi_uidiv
                0x08020118                __udivsi3
                0x08020224                __aeabi_uidivmod
 .text          0x0802022c      0x1d4 C:/ST/STM32CubeIDE_1.19.0/STM32CubeIDE/plugins/com.st.stm32cube.ide.mcu.externaltools.gnu-tools-for-stm32.13.3.rel1.win32_1.0.0.202411081344/tools/bin/../lib/gcc/arm-none-eabi/13.3.1/thumb/v6-m/nofp\libgcc.a(_divsi3.o)
                0x0802022c                __divsi3
                0x0802022c                __aeabi_idiv
                0x080203f8                __aeabi_idivmod
 .text          0x08020400        0x4 C:/ST/STM32CubeIDE_1.19.0/STM32CubeIDE/plugins/com.st.stm32cube.ide.mcu.externaltools.gnu-tools-for-stm32.13.3.rel1.win32_1.0.0.202411081344/tools/bin/../lib/gcc/arm-none-eabi/13.3.1/thumb/v6-m/nofp\libgcc.a(_dvmd_tls.o)
                0x08020400                __aeabi_idiv0
                0x08020400                __aeabi_ldiv0
 .text          0x08020404       0x40 C:/ST/STM32CubeIDE_1.19.0/STM32CubeIDE/plugins/com.st.stm32cube.ide.mcu.externaltools.gnu-tools-for-stm32.13.3.rel1.win32_1.0.0.202411081344/tools/bin/../lib/gcc/arm-none-eabi/13.3.1/thumb/v6-m/nofp\libgcc.a(_aeabi_uldivmod.o)
                0x08020404                __aeabi_uldivmod
 .text          0x08020444       0x5c C:/ST/STM32CubeIDE_1.19.0/STM32CubeIDE/plugins/com.st.stm32cube.ide.mcu.externaltools.gnu-tools-for-stm32.13.3.rel1.win32_1.0.0.202411081344/tools/bin/../lib/gcc/arm-none-eabi/13.3.1/thumb/v6-m/nofp\libgcc.a(_muldi3.o)
                0x08020444                __muldi3
                0x08020444                __aeabi_lmul
 .text          0x080204a0      0x198 C:/ST/STM32CubeIDE_1.19.0/STM32CubeIDE/plugins/com.st.stm32cube.ide.mcu.externaltools.gnu-tools-for-stm32.13.3.rel1.win32_1.0.0.202411081344/tools/bin/../lib/gcc/arm-none-eabi/13.3.1/thumb/v6-m/nofp\libgcc.a(_udivmoddi4.o)
                0x080204a0                __udivmoddi4
 .text          0x08020638       0x18 C:/ST/STM32CubeIDE_1.19.0/STM32CubeIDE/plugins/com.st.stm32cube.ide.mcu.externaltools.gnu-tools-for-stm32.13.3.rel1.win32_1.0.0.202411081344/tools/bin/../lib/gcc/arm-none-eabi/13.3.1/thumb/v6-m/nofp\libgcc.a(_clzdi2.o)
                0x08020638                __clzdi2
 .text          0x08020650       0x3c C:/ST/STM32CubeIDE_1.19.0/STM32CubeIDE/plugins/com.st.stm32cube.ide.mcu.externaltools.gnu-tools-for-stm32.13.3.rel1.win32_1.0.0.202411081344/tools/bin/../lib/gcc/arm-none-eabi/13.3.1/thumb/v6-m/nofp\libgcc.a(_clzsi2.o)
                0x08020650                __clzsi2
 *(.text*)
 .text.MX_GPIO_Init
                0x0802068c       0x54 ./Application/User/Core/gpio.o
                0x0802068c                MX_GPIO_Init
 .text.MX_IPCC_Init
                0x080206e0       0x20 ./Application/User/Core/ipcc.o
                0x080206e0                MX_IPCC_Init
 .text.HAL_IPCC_MspInit
                0x08020700       0x40 ./Application/User/Core/ipcc.o
                0x08020700                HAL_IPCC_MspInit
 .text.IpccIfIsrTxCb
                0x08020740       0x10 ./Application/User/Core/ipcc_if.o
 .text.IpccIfIsrRxCb
                0x08020750       0x10 ./Application/User/Core/ipcc_if.o
 .text.IPCC_IF_Init
                0x08020760       0x80 ./Application/User/Core/ipcc_if.o
                0x08020760                IPCC_IF_Init
 .text.IPCC_IF_NotificationSnd
                0x080207e0       0x20 ./Application/User/Core/ipcc_if.o
                0x080207e0                IPCC_IF_NotificationSnd
 .text.IPCC_IF_ResponseSnd
                0x08020800       0x20 ./Application/User/Core/ipcc_if.o
                0x08020800                IPCC_IF_ResponseSnd
 .text.main     0x08020820       0x14 ./Application/User/Core/main.o
                0x08020820                main
 .text.Error_Handler
                0x08020834        0x4 ./Application/User/Core/main.o
                0x08020834                Error_Handler
 .text.MX_RTC_Init
                0x08020838       0x80 ./Application/User/Core/rtc.o
                0x08020838                MX_RTC_Init
 .text.HAL_RTC_MspInit
                0x080208b8       0x74 ./Application/User/Core/rtc.o
                0x080208b8                HAL_RTC_MspInit
 .text.PWR_EnterOffMode
                0x0802092c        0x2 ./Application/User/Core/stm32_lpm_if.o
                0x0802092c                PWR_EnterOffMode
 .text.PWR_ExitOffMode
                0x0802092e        0x2 ./Application/User/Core/stm32_lpm_if.o
                0x0802092e                PWR_ExitOffMode
 .text.PWR_EnterStopMode
                0x08020930       0x1c ./Application/User/Core/stm32_lpm_if.o
                0x08020930                PWR_EnterStopMode
 .text.PWR_ExitStopMode
                0x0802094c        0x8 ./Application/User/Core/stm32_lpm_if.o
                0x0802094c                PWR_ExitStopMode
 .text.PWR_ExitSleepMode
                0x08020954        0x8 ./Application/User/Core/stm32_lpm_if.o
                0x08020954                PWR_ExitSleepMode
 .text.PWR_EnterSleepMode
                0x0802095c       0x10 ./Application/User/Core/stm32_lpm_if.o
                0x0802095c                PWR_EnterSleepMode
 .text.HAL_MspInit
                0x0802096c        0x2 ./Application/User/Core/stm32wlxx_hal_msp.o
                0x0802096c                HAL_MspInit
 .text.NMI_Handler
                0x0802096e        0x2 ./Application/User/Core/stm32wlxx_it.o
                0x0802096e                NMI_Handler
 .text.HardFault_Handler
                0x08020970        0x2 ./Application/User/Core/stm32wlxx_it.o
                0x08020970                HardFault_Handler
 .text.SVC_Handler
                0x08020972        0x2 ./Application/User/Core/stm32wlxx_it.o
                0x08020972                SVC_Handler
 .text.PendSV_Handler
                0x08020974        0x2 ./Application/User/Core/stm32wlxx_it.o
                0x08020974                PendSV_Handler
 .text.SysTick_Handler
                0x08020976        0x2 ./Application/User/Core/stm32wlxx_it.o
                0x08020976                SysTick_Handler
 .text.RTC_LSECSS_IRQHandler
                0x08020978       0x18 ./Application/User/Core/stm32wlxx_it.o
                0x08020978                RTC_LSECSS_IRQHandler
 .text.IPCC_C2_RX_C2_TX_IRQHandler
                0x08020990       0x18 ./Application/User/Core/stm32wlxx_it.o
                0x08020990                IPCC_C2_RX_C2_TX_IRQHandler
 .text.SUBGHZ_Radio_IRQHandler
                0x080209a8       0x10 ./Application/User/Core/stm32wlxx_it.o
                0x080209a8                SUBGHZ_Radio_IRQHandler
 .text.MX_SUBGHZ_Init
                0x080209b8       0x1c ./Application/User/Core/subghz.o
                0x080209b8                MX_SUBGHZ_Init
 .text.HAL_SUBGHZ_MspInit
                0x080209d4       0x30 ./Application/User/Core/subghz.o
                0x080209d4                HAL_SUBGHZ_MspInit
 .text.System_Init
                0x08020a04       0x64 ./Application/User/Core/sys_app.o
 .text.tiny_snprintf_like
                0x08020a68       0x18 ./Application/User/Core/sys_app.o
 .text.SystemApp_Init
                0x08020a80       0x34 ./Application/User/Core/sys_app.o
                0x08020a80                SystemApp_Init
 .text.TimestampNow
                0x08020ab4       0x34 ./Application/User/Core/sys_app.o
                0x08020ab4                TimestampNow
 .text.Process_Sys_Cmd
                0x08020ae8       0x2c ./Application/User/Core/sys_app.o
                0x08020ae8                Process_Sys_Cmd
 .text.UTIL_SEQ_EvtIdle
                0x08020b14        0xa ./Application/User/Core/sys_app.o
                0x08020b14                UTIL_SEQ_EvtIdle
 .text.UTIL_SEQ_Idle
                0x08020b1e        0x8 ./Application/User/Core/sys_app.o
                0x08020b1e                UTIL_SEQ_Idle
 .text.UTIL_ADV_TRACE_PreSendHook
                0x08020b26        0xc ./Application/User/Core/sys_app.o
                0x08020b26                UTIL_ADV_TRACE_PreSendHook
 .text.UTIL_ADV_TRACE_PostSendHook
                0x08020b32        0xc ./Application/User/Core/sys_app.o
                0x08020b32                UTIL_ADV_TRACE_PostSendHook
 .text.HAL_InitTick
                0x08020b3e        0x4 ./Application/User/Core/sys_app.o
                0x08020b3e                HAL_InitTick
 *fill*         0x08020b42        0x2 
 .text.HAL_GetTick
                0x08020b44       0x18 ./Application/User/Core/sys_app.o
                0x08020b44                HAL_GetTick
 .text.HAL_Delay
                0x08020b5c       0x10 ./Application/User/Core/sys_app.o
                0x08020b5c                HAL_Delay
 .text.TIMER_IF_SetTimerContext
                0x08020b6c       0x24 ./Application/User/Core/timer_if.o
                0x08020b6c                TIMER_IF_SetTimerContext
 .text.TIMER_IF_GetTimerContext
                0x08020b90        0xc ./Application/User/Core/timer_if.o
                0x08020b90                TIMER_IF_GetTimerContext
 .text.TIMER_IF_GetTimerElapsedTime
                0x08020b9c       0x24 ./Application/User/Core/timer_if.o
                0x08020b9c                TIMER_IF_GetTimerElapsedTime
 .text.TIMER_IF_GetTimerValue
                0x08020bc0       0x2c ./Application/User/Core/timer_if.o
                0x08020bc0                TIMER_IF_GetTimerValue
 .text.TIMER_IF_GetMinimumTimeout
                0x08020bec        0x4 ./Application/User/Core/timer_if.o
                0x08020bec                TIMER_IF_GetMinimumTimeout
 .text.TIMER_IF_Convert_ms2Tick
                0x08020bf0       0x12 ./Application/User/Core/timer_if.o
                0x08020bf0                TIMER_IF_Convert_ms2Tick
 .text.TIMER_IF_Convert_Tick2ms
                0x08020c02       0x16 ./Application/User/Core/timer_if.o
                0x08020c02                TIMER_IF_Convert_Tick2ms
 .text.TIMER_IF_StopTimer
                0x08020c18       0x28 ./Application/User/Core/timer_if.o
                0x08020c18                TIMER_IF_StopTimer
 .text.TIMER_IF_BkUp_Write_MSBticks
                0x08020c40       0x14 ./Application/User/Core/timer_if.o
 .text.TIMER_IF_Init
                0x08020c54       0x54 ./Application/User/Core/timer_if.o
                0x08020c54                TIMER_IF_Init
 .text.TIMER_IF_BkUp_Write_Seconds
                0x08020ca8       0x14 ./Application/User/Core/timer_if.o
                0x08020ca8                TIMER_IF_BkUp_Write_Seconds
 .text.TIMER_IF_BkUp_Write_SubSeconds
                0x08020cbc       0x14 ./Application/User/Core/timer_if.o
                0x08020cbc                TIMER_IF_BkUp_Write_SubSeconds
 .text.TIMER_IF_StartTimer
                0x08020cd0       0x54 ./Application/User/Core/timer_if.o
                0x08020cd0                TIMER_IF_StartTimer
 .text.TIMER_IF_BkUp_Read_MSBticks
                0x08020d24       0x10 ./Application/User/Core/timer_if.o
 .text.TIMER_IF_GetTime
                0x08020d34       0x44 ./Application/User/Core/timer_if.o
                0x08020d34                TIMER_IF_GetTime
 .text.TIMER_IF_BkUp_Read_Seconds
                0x08020d78       0x10 ./Application/User/Core/timer_if.o
                0x08020d78                TIMER_IF_BkUp_Read_Seconds
 .text.TIMER_IF_BkUp_Read_SubSeconds
                0x08020d88       0x10 ./Application/User/Core/timer_if.o
                0x08020d88                TIMER_IF_BkUp_Read_SubSeconds
 .text.TIMER_IF_DelayMs
                0x08020d98       0x3c ./Application/User/Core/timer_if.o
                0x08020d98                TIMER_IF_DelayMs
 .text.HAL_RTC_AlarmAEventCallback
                0x08020dd4       0x2c ./Application/User/Core/timer_if.o
                0x08020dd4                HAL_RTC_AlarmAEventCallback
 .text.HAL_RTCEx_AlarmBEventCallback
                0x08020e00        0x8 ./Application/User/Core/timer_if.o
                0x08020e00                HAL_RTCEx_AlarmBEventCallback
 .text.HAL_RTCEx_SSRUEventCallback
                0x08020e08        0xe ./Application/User/Core/timer_if.o
                0x08020e08                HAL_RTCEx_SSRUEventCallback
 .text.FEAT_INFO_Init
                0x08020e16        0x2 ./Application/User/MbMux/features_info.o
                0x08020e16                FEAT_INFO_Init
 .text.FEAT_INFO_GetListPtr
                0x08020e18        0x8 ./Application/User/MbMux/features_info.o
                0x08020e18                FEAT_INFO_GetListPtr
 .text.MBMUX_IsrCommandRcvCb
                0x08020e20       0x24 ./Application/User/MbMux/mbmux.o
 .text.MBMUX_IsrAcknowledgeRcvCb
                0x08020e44       0x28 ./Application/User/MbMux/mbmux.o
 .text.MBMUX_GetFeatureChIdx
                0x08020e6c       0x18 ./Application/User/MbMux/mbmux.o
 .text.MBMUX_IsrNotRegistered
                0x08020e84        0x8 ./Application/User/MbMux/mbmux.o
 .text.MBMUX_SEC_VerifySramBuffer
                0x08020e8c       0x60 ./Application/User/MbMux/mbmux.o
 .text.MBMUX_RetrieveSecureSramConfig
                0x08020eec       0x4c ./Application/User/MbMux/mbmux.o
 .text.MBMUX_RegisterFeatureCallback
                0x08020f38       0x30 ./Application/User/MbMux/mbmux.o
                0x08020f38                MBMUX_RegisterFeatureCallback
 .text.MBMUX_GetFeatureComPtr
                0x08020f68       0x38 ./Application/User/MbMux/mbmux.o
                0x08020f68                MBMUX_GetFeatureComPtr
 .text.MBMUX_NotificationSnd
                0x08020fa0       0x38 ./Application/User/MbMux/mbmux.o
                0x08020fa0                MBMUX_NotificationSnd
 .text.MBMUX_ResponseSnd
                0x08020fd8        0xe ./Application/User/MbMux/mbmux.o
                0x08020fd8                MBMUX_ResponseSnd
 .text.MBMUX_SEC_VerifySramBufferPtr
                0x08020fe6        0x8 ./Application/User/MbMux/mbmux.o
                0x08020fe6                MBMUX_SEC_VerifySramBufferPtr
 *fill*         0x08020fee        0x2 
 .text.MBMUX_Init
                0x08020ff0       0x60 ./Application/User/MbMux/mbmux.o
                0x08020ff0                MBMUX_Init
 .text.MBMUXIF_TaskRadioNotifSnd
                0x08021050       0x1a ./Application/User/MbMux/mbmuxif_radio.o
 *fill*         0x0802106a        0x2 
 .text.MBMUXIF_TaskRadioCmdRcv
                0x0802106c       0x10 ./Application/User/MbMux/mbmuxif_radio.o
 .text.MBMUXIF_IsrRadioCmdRcvCb
                0x0802107c       0x14 ./Application/User/MbMux/mbmuxif_radio.o
 .text.MBMUXIF_IsrRadioAckRcvCb
                0x08021090        0xa ./Application/User/MbMux/mbmuxif_radio.o
 *fill*         0x0802109a        0x2 
 .text.MBMUXIF_RadioInit
                0x0802109c       0x48 ./Application/User/MbMux/mbmuxif_radio.o
                0x0802109c                MBMUXIF_RadioInit
 .text.MBMUXIF_GetRadioFeatureNotifComPtr
                0x080210e4       0x18 ./Application/User/MbMux/mbmuxif_radio.o
                0x080210e4                MBMUXIF_GetRadioFeatureNotifComPtr
 .text.MBMUXIF_RadioSendNotif
                0x080210fc        0xc ./Application/User/MbMux/mbmuxif_radio.o
                0x080210fc                MBMUXIF_RadioSendNotif
 .text.MBMUXIF_IsrSystemPrioAAckRcvCb
                0x08021108        0x2 ./Application/User/MbMux/mbmuxif_sys.o
 .text.MBMUXIF_IsrSystemPrioACmdRcvCb
                0x0802110a        0x2 ./Application/User/MbMux/mbmuxif_sys.o
 .text.MBMUXIF_IsrSystemPrioBAckRcvCb
                0x0802110c        0x2 ./Application/User/MbMux/mbmuxif_sys.o
 .text.MBMUXIF_IsrSystemPrioBCmdRcvCb
                0x0802110e        0x2 ./Application/User/MbMux/mbmuxif_sys.o
 .text.MBMUXIF_FeatureCm0plusRegistrationCmd
                0x08021110       0xb4 ./Application/User/MbMux/mbmuxif_sys.o
 .text.MBMUXIF_TaskSystemCmdRcv
                0x080211c4       0x38 ./Application/User/MbMux/mbmuxif_sys.o
 .text.MBMUXIF_IsrSystemCmdRcvCb
                0x080211fc       0x2c ./Application/User/MbMux/mbmuxif_sys.o
 .text.MBMUXIF_IsrSystemAckRcvCb
                0x08021228        0xa ./Application/User/MbMux/mbmuxif_sys.o
 *fill*         0x08021232        0x2 
 .text.MBMUXIF_SystemInit
                0x08021234       0x8c ./Application/User/MbMux/mbmuxif_sys.o
                0x08021234                MBMUXIF_SystemInit
 .text.MBMUXIF_GetCpusSynchroFlag
                0x080212c0       0x14 ./Application/User/MbMux/mbmuxif_sys.o
                0x080212c0                MBMUXIF_GetCpusSynchroFlag
 .text.MBMUXIF_GetSystemFeatureNotifComPtr
                0x080212d4       0x16 ./Application/User/MbMux/mbmuxif_sys.o
                0x080212d4                MBMUXIF_GetSystemFeatureNotifComPtr
 .text.MBMUXIF_SystemSendNotif_NoWait
                0x080212ea       0x12 ./Application/User/MbMux/mbmuxif_sys.o
                0x080212ea                MBMUXIF_SystemSendNotif_NoWait
 .text.MBMUXIF_TraceBufferInit
                0x080212fc        0xc ./Application/User/MbMux/mbmuxif_trace.o
 .text.MBMUXIF_TaskTraceAckRcv
                0x08021308       0x10 ./Application/User/MbMux/mbmuxif_trace.o
 .text.MBMUXIF_IsrTraceAckRcvCb
                0x08021318       0x12 ./Application/User/MbMux/mbmuxif_trace.o
 *fill*         0x0802132a        0x2 
 .text.MBMUXIF_TraceInit
                0x0802132c       0x40 ./Application/User/MbMux/mbmuxif_trace.o
                0x0802132c                MBMUXIF_TraceInit
 .text.MBMUXIF_GetTraceFeatureNotifComPtr
                0x0802136c       0x18 ./Application/User/MbMux/mbmuxif_trace.o
                0x0802136c                MBMUXIF_GetTraceFeatureNotifComPtr
 .text.MBMUXIF_TraceSendNotif_NoWait
                0x08021384       0x14 ./Application/User/MbMux/mbmuxif_trace.o
                0x08021384                MBMUXIF_TraceSendNotif_NoWait
 .text.MBMUXIF_TraceBufferSend
                0x08021398       0x2a ./Application/User/MbMux/mbmuxif_trace.o
 .text.RadioRxError_mbwrapper
                0x080213c2       0x14 ./Application/User/MbMux/radio_mbwrapper.o
 .text.RadioRxTimeout_mbwrapper
                0x080213d6       0x14 ./Application/User/MbMux/radio_mbwrapper.o
 .text.RadioTxTimeout_mbwrapper
                0x080213ea       0x14 ./Application/User/MbMux/radio_mbwrapper.o
 .text.RadioTxDone_mbwrapper
                0x080213fe       0x14 ./Application/User/MbMux/radio_mbwrapper.o
 *fill*         0x08021412        0x2 
 .text.RadioRxDone_mbwrapper
                0x08021414       0x58 ./Application/User/MbMux/radio_mbwrapper.o
 .text.Process_Radio_Cmd
                0x0802146c      0x3a8 ./Application/User/MbMux/radio_mbwrapper.o
                0x0802146c                Process_Radio_Cmd
 .text.data_initializers
                0x08021814       0x18 ./Application/User/Startup/startup_stm32wl55jcix.o
 .text.Reset_Handler
                0x0802182c       0x74 ./Application/User/Startup/startup_stm32wl55jcix.o
                0x0802182c                Reset_Handler
 .text.Default_Handler
                0x080218a0        0x2 ./Application/User/Startup/startup_stm32wl55jcix.o
                0x080218a0                I2C1_IRQHandler
                0x080218a0                LPTIM2_IRQHandler
                0x080218a0                LPTIM3_IRQHandler
                0x080218a0                AES_PKA_IRQHandler
                0x080218a0                SPI1_IRQHandler
                0x080218a0                ADC_COMP_DAC_IRQHandler
                0x080218a0                I2C2_IRQHandler
                0x080218a0                TIM17_IRQHandler
                0x080218a0                EXTI15_4_IRQHandler
                0x080218a0                RCC_FLASH_C1SEV_IRQHandler
                0x080218a0                SUBGHZSPI_IRQHandler
                0x080218a0                DMA1_Channel4_5_6_7_IRQHandler
                0x080218a0                EXTI1_0_IRQHandler
                0x080218a0                TIM16_IRQHandler
                0x080218a0                Default_Handler
                0x080218a0                TIM1_IRQHandler
                0x080218a0                I2C3_IRQHandler
                0x080218a0                PVD_PVM_IRQHandler
                0x080218a0                SPI2_IRQHandler
                0x080218a0                DMA2_DMAMUX1_OVR_IRQHandler
                0x080218a0                EXTI3_2_IRQHandler
                0x080218a0                RNG_IRQHandler
                0x080218a0                HSEM_IRQHandler
                0x080218a0                LPUART1_IRQHandler
                0x080218a0                TIM2_IRQHandler
                0x080218a0                TZIC_ILA_IRQHandler
                0x080218a0                USART2_IRQHandler
                0x080218a0                USART1_IRQHandler
                0x080218a0                DMA1_Channel1_2_3_IRQHandler
                0x080218a0                LPTIM1_IRQHandler
 .text.MX_SubGHz_Phy_Init
                0x080218a2        0x8 ./Application/User/SubGHz_Phy/App/app_subghz_phy.o
                0x080218a2                MX_SubGHz_Phy_Init
 .text.MX_SubGHz_Phy_Process
                0x080218aa        0xc ./Application/User/SubGHz_Phy/App/app_subghz_phy.o
                0x080218aa                MX_SubGHz_Phy_Process
 .text.RBI_Init
                0x080218b6        0x8 ./Application/User/SubGHz_Phy/Target/radio_board_if.o
                0x080218b6                RBI_Init
 .text.RBI_ConfigRFSwitch
                0x080218be        0x8 ./Application/User/SubGHz_Phy/Target/radio_board_if.o
                0x080218be                RBI_ConfigRFSwitch
 .text.RBI_GetTxConfig
                0x080218c6        0x8 ./Application/User/SubGHz_Phy/Target/radio_board_if.o
                0x080218c6                RBI_GetTxConfig
 .text.RBI_IsTCXO
                0x080218ce        0x8 ./Application/User/SubGHz_Phy/Target/radio_board_if.o
                0x080218ce                RBI_IsTCXO
 .text.RBI_IsDCDC
                0x080218d6        0x8 ./Application/User/SubGHz_Phy/Target/radio_board_if.o
                0x080218d6                RBI_IsDCDC
 .text.RBI_GetRFOMaxPowerConfig
                0x080218de        0x8 ./Application/User/SubGHz_Phy/Target/radio_board_if.o
                0x080218de                RBI_GetRFOMaxPowerConfig
 *fill*         0x080218e6        0x2 
 .text.BSP_RADIO_Init
                0x080218e8       0x7c ./Drivers/BSP/STM32WLxx_Nucleo/stm32wlxx_nucleo_radio.o
                0x080218e8                BSP_RADIO_Init
 .text.BSP_RADIO_ConfigRFSwitch
                0x08021964       0xa4 ./Drivers/BSP/STM32WLxx_Nucleo/stm32wlxx_nucleo_radio.o
                0x08021964                BSP_RADIO_ConfigRFSwitch
 .text.BSP_RADIO_GetTxConfig
                0x08021a08        0x4 ./Drivers/BSP/STM32WLxx_Nucleo/stm32wlxx_nucleo_radio.o
                0x08021a08                BSP_RADIO_GetTxConfig
 .text.BSP_RADIO_IsTCXO
                0x08021a0c        0x4 ./Drivers/BSP/STM32WLxx_Nucleo/stm32wlxx_nucleo_radio.o
                0x08021a0c                BSP_RADIO_IsTCXO
 .text.BSP_RADIO_IsDCDC
                0x08021a10        0x4 ./Drivers/BSP/STM32WLxx_Nucleo/stm32wlxx_nucleo_radio.o
                0x08021a10                BSP_RADIO_IsDCDC
 .text.BSP_RADIO_GetRFOMaxPowerConfig
                0x08021a14        0xc ./Drivers/BSP/STM32WLxx_Nucleo/stm32wlxx_nucleo_radio.o
                0x08021a14                BSP_RADIO_GetRFOMaxPowerConfig
 .text.SystemInit
                0x08021a20        0x2 ./Drivers/CMSIS/system_stm32wlxx.o
                0x08021a20                SystemInit
 *fill*         0x08021a22        0x2 
 .text.HAL_Init
                0x08021a24       0x24 ./Drivers/STM32WLxx_HAL_Driver/stm32wlxx_hal.o
                0x08021a24                HAL_Init
 .text.HAL_SuspendTick
                0x08021a48       0x10 ./Drivers/STM32WLxx_HAL_Driver/stm32wlxx_hal.o
                0x08021a48                HAL_SuspendTick
 .text.HAL_ResumeTick
                0x08021a58       0x10 ./Drivers/STM32WLxx_HAL_Driver/stm32wlxx_hal.o
                0x08021a58                HAL_ResumeTick
 .text.__NVIC_SetPriority
                0x08021a68       0x60 ./Drivers/STM32WLxx_HAL_Driver/stm32wlxx_hal_cortex.o
 .text.HAL_NVIC_SetPriority
                0x08021ac8        0x8 ./Drivers/STM32WLxx_HAL_Driver/stm32wlxx_hal_cortex.o
                0x08021ac8                HAL_NVIC_SetPriority
 .text.HAL_NVIC_EnableIRQ
                0x08021ad0       0x18 ./Drivers/STM32WLxx_HAL_Driver/stm32wlxx_hal_cortex.o
                0x08021ad0                HAL_NVIC_EnableIRQ
 .text.FLASH_OB_GetWRP
                0x08021ae8       0x34 ./Drivers/STM32WLxx_HAL_Driver/stm32wlxx_hal_flash_ex.o
 .text.FLASH_OB_GetRDP
                0x08021b1c       0x18 ./Drivers/STM32WLxx_HAL_Driver/stm32wlxx_hal_flash_ex.o
 .text.FLASH_OB_GetUser
                0x08021b34       0x14 ./Drivers/STM32WLxx_HAL_Driver/stm32wlxx_hal_flash_ex.o
 .text.FLASH_OB_GetPCROP
                0x08021b48       0x48 ./Drivers/STM32WLxx_HAL_Driver/stm32wlxx_hal_flash_ex.o
 .text.FLASH_OB_GetIPCCBufferAddr
                0x08021b90       0x1c ./Drivers/STM32WLxx_HAL_Driver/stm32wlxx_hal_flash_ex.o
 .text.FLASH_OB_GetC2BootResetConfig
                0x08021bac       0x48 ./Drivers/STM32WLxx_HAL_Driver/stm32wlxx_hal_flash_ex.o
 .text.FLASH_OB_GetSUBGHZSPISecureAccess
                0x08021bf4       0x10 ./Drivers/STM32WLxx_HAL_Driver/stm32wlxx_hal_flash_ex.o
 .text.FLASH_OB_GetC2DebugAccessMode
                0x08021c04       0x14 ./Drivers/STM32WLxx_HAL_Driver/stm32wlxx_hal_flash_ex.o
 .text.FLASH_OB_GetSecureMode
                0x08021c18        0xa ./Drivers/STM32WLxx_HAL_Driver/stm32wlxx_hal_flash_ex.o
 *fill*         0x08021c22        0x2 
 .text.FLASH_OB_GetSecureMemoryConfig
                0x08021c24       0xa4 ./Drivers/STM32WLxx_HAL_Driver/stm32wlxx_hal_flash_ex.o
 .text.HAL_FLASHEx_OBGetConfig
                0x08021cc8       0x94 ./Drivers/STM32WLxx_HAL_Driver/stm32wlxx_hal_flash_ex.o
                0x08021cc8                HAL_FLASHEx_OBGetConfig
 .text.HAL_GPIO_Init
                0x08021d5c      0x168 ./Drivers/STM32WLxx_HAL_Driver/stm32wlxx_hal_gpio.o
                0x08021d5c                HAL_GPIO_Init
 .text.HAL_GPIO_WritePin
                0x08021ec4        0xc ./Drivers/STM32WLxx_HAL_Driver/stm32wlxx_hal_gpio.o
                0x08021ec4                HAL_GPIO_WritePin
 .text.HAL_IPCC_RxCallback
                0x08021ed0        0x2 ./Drivers/STM32WLxx_HAL_Driver/stm32wlxx_hal_ipcc.o
                0x08021ed0                HAL_IPCC_RxCallback
 .text.HAL_IPCC_TxCallback
                0x08021ed2        0x2 ./Drivers/STM32WLxx_HAL_Driver/stm32wlxx_hal_ipcc.o
                0x08021ed2                HAL_IPCC_TxCallback
 .text.HAL_IPCC_TX_IRQHandler
                0x08021ed4       0x54 ./Drivers/STM32WLxx_HAL_Driver/stm32wlxx_hal_ipcc.o
                0x08021ed4                HAL_IPCC_TX_IRQHandler
 .text.HAL_IPCC_RX_IRQHandler
                0x08021f28       0x50 ./Drivers/STM32WLxx_HAL_Driver/stm32wlxx_hal_ipcc.o
                0x08021f28                HAL_IPCC_RX_IRQHandler
 .text.IPCC_UnmaskInterrupt
                0x08021f78       0x30 ./Drivers/STM32WLxx_HAL_Driver/stm32wlxx_hal_ipcc.o
                0x08021f78                IPCC_UnmaskInterrupt
 .text.HAL_IPCC_ActivateNotification
                0x08021fa8       0x5e ./Drivers/STM32WLxx_HAL_Driver/stm32wlxx_hal_ipcc.o
                0x08021fa8                HAL_IPCC_ActivateNotification
 *fill*         0x08022006        0x2 
 .text.HAL_IPCC_NotifyCPU
                0x08022008       0x48 ./Drivers/STM32WLxx_HAL_Driver/stm32wlxx_hal_ipcc.o
                0x08022008                HAL_IPCC_NotifyCPU
 .text.IPCC_SetDefaultCallbacks
                0x08022050       0x28 ./Drivers/STM32WLxx_HAL_Driver/stm32wlxx_hal_ipcc.o
                0x08022050                IPCC_SetDefaultCallbacks
 .text.IPCC_Reset_Register
                0x08022078       0x14 ./Drivers/STM32WLxx_HAL_Driver/stm32wlxx_hal_ipcc.o
                0x08022078                IPCC_Reset_Register
 .text.HAL_IPCC_Init
                0x0802208c       0x44 ./Drivers/STM32WLxx_HAL_Driver/stm32wlxx_hal_ipcc.o
                0x0802208c                HAL_IPCC_Init
 .text.HAL_PWR_EnableBkUpAccess
                0x080220d0       0x14 ./Drivers/STM32WLxx_HAL_Driver/stm32wlxx_hal_pwr.o
                0x080220d0                HAL_PWR_EnableBkUpAccess
 .text.HAL_PWR_EnterSLEEPMode
                0x080220e4       0x4c ./Drivers/STM32WLxx_HAL_Driver/stm32wlxx_hal_pwr.o
                0x080220e4                HAL_PWR_EnterSLEEPMode
 .text.HAL_PWREx_EnableLowPowerRunMode
                0x08022130       0x14 ./Drivers/STM32WLxx_HAL_Driver/stm32wlxx_hal_pwr_ex.o
                0x08022130                HAL_PWREx_EnableLowPowerRunMode
 .text.HAL_PWREx_DisableLowPowerRunMode
                0x08022144       0x4c ./Drivers/STM32WLxx_HAL_Driver/stm32wlxx_hal_pwr_ex.o
                0x08022144                HAL_PWREx_DisableLowPowerRunMode
 .text.HAL_PWREx_EnterSTOP2Mode
                0x08022190       0x40 ./Drivers/STM32WLxx_HAL_Driver/stm32wlxx_hal_pwr_ex.o
                0x08022190                HAL_PWREx_EnterSTOP2Mode
 .text.HAL_RCC_GetSysClockFreq
                0x080221d0      0x128 ./Drivers/STM32WLxx_HAL_Driver/stm32wlxx_hal_rcc.o
                0x080221d0                HAL_RCC_GetSysClockFreq
 .text.HAL_RCC_GetHCLK2Freq
                0x080222f8       0x28 ./Drivers/STM32WLxx_HAL_Driver/stm32wlxx_hal_rcc.o
                0x080222f8                HAL_RCC_GetHCLK2Freq
 .text.LL_RCC_SetI2CClockSource
                0x08022320       0x1e ./Drivers/STM32WLxx_HAL_Driver/stm32wlxx_hal_rcc_ex.o
 *fill*         0x0802233e        0x2 
 .text.HAL_RCCEx_PeriphCLKConfig
                0x08022340      0x220 ./Drivers/STM32WLxx_HAL_Driver/stm32wlxx_hal_rcc_ex.o
                0x08022340                HAL_RCCEx_PeriphCLKConfig
 .text.HAL_RTC_DeactivateAlarm
                0x08022560       0x88 ./Drivers/STM32WLxx_HAL_Driver/stm32wlxx_hal_rtc.o
                0x08022560                HAL_RTC_DeactivateAlarm
 .text.HAL_RTC_AlarmIRQHandler
                0x080225e8       0x3c ./Drivers/STM32WLxx_HAL_Driver/stm32wlxx_hal_rtc.o
                0x080225e8                HAL_RTC_AlarmIRQHandler
 .text.HAL_RTC_WaitForSynchro
                0x08022624       0x34 ./Drivers/STM32WLxx_HAL_Driver/stm32wlxx_hal_rtc.o
                0x08022624                HAL_RTC_WaitForSynchro
 .text.RTC_EnterInitMode
                0x08022658       0x4c ./Drivers/STM32WLxx_HAL_Driver/stm32wlxx_hal_rtc.o
                0x08022658                RTC_EnterInitMode
 .text.RTC_ExitInitMode
                0x080226a4       0x50 ./Drivers/STM32WLxx_HAL_Driver/stm32wlxx_hal_rtc.o
                0x080226a4                RTC_ExitInitMode
 .text.HAL_RTC_Init
                0x080226f4       0xc0 ./Drivers/STM32WLxx_HAL_Driver/stm32wlxx_hal_rtc.o
                0x080226f4                HAL_RTC_Init
 .text.RTC_ByteToBcd2
                0x080227b4       0x16 ./Drivers/STM32WLxx_HAL_Driver/stm32wlxx_hal_rtc.o
                0x080227b4                RTC_ByteToBcd2
 *fill*         0x080227ca        0x2 
 .text.HAL_RTC_SetAlarm_IT
                0x080227cc      0x198 ./Drivers/STM32WLxx_HAL_Driver/stm32wlxx_hal_rtc.o
                0x080227cc                HAL_RTC_SetAlarm_IT
 .text.HAL_RTCEx_EnableBypassShadow
                0x08022964       0x40 ./Drivers/STM32WLxx_HAL_Driver/stm32wlxx_hal_rtc_ex.o
                0x08022964                HAL_RTCEx_EnableBypassShadow
 .text.HAL_RTCEx_SetSSRU_IT
                0x080229a4       0x60 ./Drivers/STM32WLxx_HAL_Driver/stm32wlxx_hal_rtc_ex.o
                0x080229a4                HAL_RTCEx_SetSSRU_IT
 .text.HAL_RTCEx_SSRUIRQHandler
                0x08022a04       0x24 ./Drivers/STM32WLxx_HAL_Driver/stm32wlxx_hal_rtc_ex.o
                0x08022a04                HAL_RTCEx_SSRUIRQHandler
 .text.HAL_RTCEx_BKUPWrite
                0x08022a28       0x10 ./Drivers/STM32WLxx_HAL_Driver/stm32wlxx_hal_rtc_ex.o
                0x08022a28                HAL_RTCEx_BKUPWrite
 .text.HAL_RTCEx_BKUPRead
                0x08022a38       0x10 ./Drivers/STM32WLxx_HAL_Driver/stm32wlxx_hal_rtc_ex.o
                0x08022a38                HAL_RTCEx_BKUPRead
 .text.SUBGHZSPI_Init
                0x08022a48       0x24 ./Drivers/STM32WLxx_HAL_Driver/stm32wlxx_hal_subghz.o
                0x08022a48                SUBGHZSPI_Init
 .text.HAL_SUBGHZ_Init
                0x08022a6c       0xe4 ./Drivers/STM32WLxx_HAL_Driver/stm32wlxx_hal_subghz.o
                0x08022a6c                HAL_SUBGHZ_Init
 .text.SUBGHZSPI_Transmit
                0x08022b50       0x7c ./Drivers/STM32WLxx_HAL_Driver/stm32wlxx_hal_subghz.o
                0x08022b50                SUBGHZSPI_Transmit
 .text.SUBGHZSPI_Receive
                0x08022bcc       0x80 ./Drivers/STM32WLxx_HAL_Driver/stm32wlxx_hal_subghz.o
                0x08022bcc                SUBGHZSPI_Receive
 .text.SUBGHZ_WaitOnBusy
                0x08022c4c       0x60 ./Drivers/STM32WLxx_HAL_Driver/stm32wlxx_hal_subghz.o
                0x08022c4c                SUBGHZ_WaitOnBusy
 .text.SUBGHZ_CheckDeviceReady
                0x08022cac       0x54 ./Drivers/STM32WLxx_HAL_Driver/stm32wlxx_hal_subghz.o
                0x08022cac                SUBGHZ_CheckDeviceReady
 .text.HAL_SUBGHZ_WriteRegisters
                0x08022d00       0xa4 ./Drivers/STM32WLxx_HAL_Driver/stm32wlxx_hal_subghz.o
                0x08022d00                HAL_SUBGHZ_WriteRegisters
 .text.HAL_SUBGHZ_ReadRegisters
                0x08022da4       0xa8 ./Drivers/STM32WLxx_HAL_Driver/stm32wlxx_hal_subghz.o
                0x08022da4                HAL_SUBGHZ_ReadRegisters
 .text.HAL_SUBGHZ_ExecSetCmd
                0x08022e4c       0xb0 ./Drivers/STM32WLxx_HAL_Driver/stm32wlxx_hal_subghz.o
                0x08022e4c                HAL_SUBGHZ_ExecSetCmd
 .text.HAL_SUBGHZ_ExecGetCmd
                0x08022efc       0x98 ./Drivers/STM32WLxx_HAL_Driver/stm32wlxx_hal_subghz.o
                0x08022efc                HAL_SUBGHZ_ExecGetCmd
 .text.HAL_SUBGHZ_IRQHandler
                0x08022f94       0xba ./Drivers/STM32WLxx_HAL_Driver/stm32wlxx_hal_subghz.o
                0x08022f94                HAL_SUBGHZ_IRQHandler
 *fill*         0x0802304e        0x2 
 .text.HAL_SUBGHZ_WriteBuffer
                0x08023050       0x98 ./Drivers/STM32WLxx_HAL_Driver/stm32wlxx_hal_subghz.o
                0x08023050                HAL_SUBGHZ_WriteBuffer
 .text.HAL_SUBGHZ_ReadBuffer
                0x080230e8       0xa0 ./Drivers/STM32WLxx_HAL_Driver/stm32wlxx_hal_subghz.o
                0x080230e8                HAL_SUBGHZ_ReadBuffer
 .text.RadioCheckRfFrequency
                0x08023188        0x4 ./Middlewares/Third_Party/SubGHz_Phy/radio.o
 .text.RadioGetLoRaBandwidthInHz
                0x0802318c       0x64 ./Middlewares/Third_Party/SubGHz_Phy/radio.o
 .text.RadioGetGfskTimeOnAirNumerator
                0x080231f0       0x2a ./Middlewares/Third_Party/SubGHz_Phy/radio.o
 .text.RadioGetLoRaTimeOnAirNumerator
                0x0802321a       0xa2 ./Middlewares/Third_Party/SubGHz_Phy/radio.o
 .text.RadioTimeOnAir
                0x080232bc       0x78 ./Middlewares/Third_Party/SubGHz_Phy/radio.o
 .text.RadioOnTxTimeoutProcess
                0x08023334       0x24 ./Middlewares/Third_Party/SubGHz_Phy/radio.o
 .text.RadioOnTxTimeoutIrq
                0x08023358        0x8 ./Middlewares/Third_Party/SubGHz_Phy/radio.o
 .text.RadioOnRxTimeoutProcess
                0x08023360       0x24 ./Middlewares/Third_Party/SubGHz_Phy/radio.o
 .text.RadioOnRxTimeoutIrq
                0x08023384        0x8 ./Middlewares/Third_Party/SubGHz_Phy/radio.o
 .text.payload_integration
                0x0802338c       0xd2 ./Middlewares/Third_Party/SubGHz_Phy/radio.o
 .text.RadioLrFhssSetCfg
                0x0802345e        0x4 ./Middlewares/Third_Party/SubGHz_Phy/radio.o
 .text.RadioLrFhssGetTimeOnAirInMs
                0x08023462        0x4 ./Middlewares/Third_Party/SubGHz_Phy/radio.o
 *fill*         0x08023466        0x2 
 .text.RadioSetMaxPayloadLength
                0x08023468       0x38 ./Middlewares/Third_Party/SubGHz_Phy/radio.o
 .text.RadioRead
                0x080234a0        0x8 ./Middlewares/Third_Party/SubGHz_Phy/radio.o
 .text.RadioWrite
                0x080234a8        0x8 ./Middlewares/Third_Party/SubGHz_Phy/radio.o
 .text.RadioTxCw
                0x080234b0       0x24 ./Middlewares/Third_Party/SubGHz_Phy/radio.o
 .text.RadioTxPrbs
                0x080234d4       0x2c ./Middlewares/Third_Party/SubGHz_Phy/radio.o
 .text.RadioSetRxDutyCycle
                0x08023500       0x38 ./Middlewares/Third_Party/SubGHz_Phy/radio.o
 .text.RadioRxBoosted
                0x08023538       0x7c ./Middlewares/Third_Party/SubGHz_Phy/radio.o
 .text.RadioStandby
                0x080235b4        0xa ./Middlewares/Third_Party/SubGHz_Phy/radio.o
 .text.RadioGetStatus
                0x080235be       0x22 ./Middlewares/Third_Party/SubGHz_Phy/radio.o
 .text.RadioIrqProcess
                0x080235e0      0x314 ./Middlewares/Third_Party/SubGHz_Phy/radio.o
 .text.RadioOnDioIrq
                0x080238f4       0x14 ./Middlewares/Third_Party/SubGHz_Phy/radio.o
 .text.RadioGetWakeupTime
                0x08023908        0xa ./Middlewares/Third_Party/SubGHz_Phy/radio.o
 .text.RadioReadRegisters
                0x08023912        0x8 ./Middlewares/Third_Party/SubGHz_Phy/radio.o
 .text.RadioWriteRegisters
                0x0802391a        0x8 ./Middlewares/Third_Party/SubGHz_Phy/radio.o
 .text.RadioRssi
                0x08023922        0x8 ./Middlewares/Third_Party/SubGHz_Phy/radio.o
 *fill*         0x0802392a        0x2 
 .text.RadioSetTxContinuousWave
                0x0802392c       0x4c ./Middlewares/Third_Party/SubGHz_Phy/radio.o
 .text.RadioSetChannel
                0x08023978        0x8 ./Middlewares/Third_Party/SubGHz_Phy/radio.o
 .text.RadioStartCad
                0x08023980       0x28 ./Middlewares/Third_Party/SubGHz_Phy/radio.o
 .text.RadioRx  0x080239a8       0x7c ./Middlewares/Third_Party/SubGHz_Phy/radio.o
 .text.RadioSleep
                0x08023a24       0x10 ./Middlewares/Third_Party/SubGHz_Phy/radio.o
 .text.RadioSend
                0x08023a34      0x1ac ./Middlewares/Third_Party/SubGHz_Phy/radio.o
 .text.RadioRandom
                0x08023be0       0x14 ./Middlewares/Third_Party/SubGHz_Phy/radio.o
 .text.RadioSetModem
                0x08023bf4       0x80 ./Middlewares/Third_Party/SubGHz_Phy/radio.o
 .text.RadioSetTxGenericConfig
                0x08023c74      0x320 ./Middlewares/Third_Party/SubGHz_Phy/radio.o
 .text.RadioSetRxGenericConfig
                0x08023f94      0x288 ./Middlewares/Third_Party/SubGHz_Phy/radio.o
 .text.RadioSetPublicNetwork
                0x0802421c       0x44 ./Middlewares/Third_Party/SubGHz_Phy/radio.o
 .text.RadioSetTxConfig
                0x08024260      0x1c8 ./Middlewares/Third_Party/SubGHz_Phy/radio.o
 .text.RadioSetRxConfig
                0x08024428      0x334 ./Middlewares/Third_Party/SubGHz_Phy/radio.o
 .text.RadioIsChannelFree
                0x0802475c       0x7c ./Middlewares/Third_Party/SubGHz_Phy/radio.o
 .text.RadioInit
                0x080247d8       0x98 ./Middlewares/Third_Party/SubGHz_Phy/radio.o
 .text.SUBGRF_GetOperatingMode
                0x08024870        0xc ./Middlewares/Third_Party/SubGHz_Phy/radio_driver.o
                0x08024870                SUBGRF_GetOperatingMode
 .text.SUBGRF_GetPacketType
                0x0802487c        0xc ./Middlewares/Third_Party/SubGHz_Phy/radio_driver.o
                0x0802487c                SUBGRF_GetPacketType
 .text.SUBGRF_WriteRegister
                0x08024888       0x28 ./Middlewares/Third_Party/SubGHz_Phy/radio_driver.o
                0x08024888                SUBGRF_WriteRegister
 .text.SUBGRF_ReadRegister
                0x080248b0       0x2c ./Middlewares/Third_Party/SubGHz_Phy/radio_driver.o
                0x080248b0                SUBGRF_ReadRegister
 .text.Radio_SMPS_Set
                0x080248dc       0x2c ./Middlewares/Third_Party/SubGHz_Phy/radio_driver.o
 .text.SUBGRF_SetWhiteningSeed
                0x08024908       0x38 ./Middlewares/Third_Party/SubGHz_Phy/radio_driver.o
                0x08024908                SUBGRF_SetWhiteningSeed
 .text.SUBGRF_WriteRegisters
                0x08024940       0x20 ./Middlewares/Third_Party/SubGHz_Phy/radio_driver.o
                0x08024940                SUBGRF_WriteRegisters
 .text.SUBGRF_SetSyncWord
                0x08024960       0x12 ./Middlewares/Third_Party/SubGHz_Phy/radio_driver.o
                0x08024960                SUBGRF_SetSyncWord
 *fill*         0x08024972        0x2 
 .text.SUBGRF_SetCrcSeed
                0x08024974       0x28 ./Middlewares/Third_Party/SubGHz_Phy/radio_driver.o
                0x08024974                SUBGRF_SetCrcSeed
 .text.SUBGRF_SetCrcPolynomial
                0x0802499c       0x28 ./Middlewares/Third_Party/SubGHz_Phy/radio_driver.o
                0x0802499c                SUBGRF_SetCrcPolynomial
 .text.SUBGRF_ReadRegisters
                0x080249c4       0x20 ./Middlewares/Third_Party/SubGHz_Phy/radio_driver.o
                0x080249c4                SUBGRF_ReadRegisters
 .text.SUBGRF_WriteBuffer
                0x080249e4       0x20 ./Middlewares/Third_Party/SubGHz_Phy/radio_driver.o
                0x080249e4                SUBGRF_WriteBuffer
 .text.SUBGRF_SetPayload
                0x08024a04        0xe ./Middlewares/Third_Party/SubGHz_Phy/radio_driver.o
                0x08024a04                SUBGRF_SetPayload
 *fill*         0x08024a12        0x2 
 .text.SUBGRF_ReadBuffer
                0x08024a14       0x20 ./Middlewares/Third_Party/SubGHz_Phy/radio_driver.o
                0x08024a14                SUBGRF_ReadBuffer
 .text.SUBGRF_WriteCommand
                0x08024a34       0x20 ./Middlewares/Third_Party/SubGHz_Phy/radio_driver.o
                0x08024a34                SUBGRF_WriteCommand
 .text.SUBGRF_SetSleep
                0x08024a54       0x44 ./Middlewares/Third_Party/SubGHz_Phy/radio_driver.o
                0x08024a54                SUBGRF_SetSleep
 .text.SUBGRF_SetStandby
                0x08024a98       0x30 ./Middlewares/Third_Party/SubGHz_Phy/radio_driver.o
                0x08024a98                SUBGRF_SetStandby
 .text.SUBGRF_SetTx
                0x08024ac8       0x28 ./Middlewares/Third_Party/SubGHz_Phy/radio_driver.o
                0x08024ac8                SUBGRF_SetTx
 .text.SUBGRF_SendPayload
                0x08024af0       0x10 ./Middlewares/Third_Party/SubGHz_Phy/radio_driver.o
                0x08024af0                SUBGRF_SendPayload
 .text.SUBGRF_SetRx
                0x08024b00       0x28 ./Middlewares/Third_Party/SubGHz_Phy/radio_driver.o
                0x08024b00                SUBGRF_SetRx
 .text.SUBGRF_GetRandom
                0x08024b28       0x70 ./Middlewares/Third_Party/SubGHz_Phy/radio_driver.o
                0x08024b28                SUBGRF_GetRandom
 .text.SUBGRF_SetRxBoosted
                0x08024b98       0x34 ./Middlewares/Third_Party/SubGHz_Phy/radio_driver.o
                0x08024b98                SUBGRF_SetRxBoosted
 .text.SUBGRF_SetRxDutyCycle
                0x08024bcc       0x34 ./Middlewares/Third_Party/SubGHz_Phy/radio_driver.o
                0x08024bcc                SUBGRF_SetRxDutyCycle
 .text.SUBGRF_SetCad
                0x08024c00       0x18 ./Middlewares/Third_Party/SubGHz_Phy/radio_driver.o
                0x08024c00                SUBGRF_SetCad
 .text.SUBGRF_SetTxContinuousWave
                0x08024c18        0xe ./Middlewares/Third_Party/SubGHz_Phy/radio_driver.o
                0x08024c18                SUBGRF_SetTxContinuousWave
 .text.SUBGRF_SetTxInfinitePreamble
                0x08024c26        0xe ./Middlewares/Third_Party/SubGHz_Phy/radio_driver.o
                0x08024c26                SUBGRF_SetTxInfinitePreamble
 .text.SUBGRF_SetStopRxTimerOnPreambleDetect
                0x08024c34       0x16 ./Middlewares/Third_Party/SubGHz_Phy/radio_driver.o
                0x08024c34                SUBGRF_SetStopRxTimerOnPreambleDetect
 *fill*         0x08024c4a        0x2 
 .text.SUBGRF_SetLoRaSymbNumTimeout
                0x08024c4c       0x40 ./Middlewares/Third_Party/SubGHz_Phy/radio_driver.o
                0x08024c4c                SUBGRF_SetLoRaSymbNumTimeout
 .text.SUBGRF_SetRegulatorMode
                0x08024c8c       0x2a ./Middlewares/Third_Party/SubGHz_Phy/radio_driver.o
                0x08024c8c                SUBGRF_SetRegulatorMode
 .text.SUBGRF_Calibrate
                0x08024cb6       0x56 ./Middlewares/Third_Party/SubGHz_Phy/radio_driver.o
                0x08024cb6                SUBGRF_Calibrate
 .text.SUBGRF_CalibrateImage
                0x08024d0c       0x8c ./Middlewares/Third_Party/SubGHz_Phy/radio_driver.o
                0x08024d0c                SUBGRF_CalibrateImage
 .text.SUBGRF_SetPaConfig
                0x08024d98       0x1c ./Middlewares/Third_Party/SubGHz_Phy/radio_driver.o
                0x08024d98                SUBGRF_SetPaConfig
 .text.SUBGRF_SetDioIrqParams
                0x08024db4       0x2c ./Middlewares/Third_Party/SubGHz_Phy/radio_driver.o
                0x08024db4                SUBGRF_SetDioIrqParams
 .text.SUBGRF_SetTcxoMode
                0x08024de0       0x24 ./Middlewares/Third_Party/SubGHz_Phy/radio_driver.o
                0x08024de0                SUBGRF_SetTcxoMode
 .text.SUBGRF_Init
                0x08024e04       0x7c ./Middlewares/Third_Party/SubGHz_Phy/radio_driver.o
                0x08024e04                SUBGRF_Init
 .text.SUBGRF_SetRfFrequency
                0x08024e80       0x4c ./Middlewares/Third_Party/SubGHz_Phy/radio_driver.o
                0x08024e80                SUBGRF_SetRfFrequency
 .text.SUBGRF_SetPacketType
                0x08024ecc       0x34 ./Middlewares/Third_Party/SubGHz_Phy/radio_driver.o
                0x08024ecc                SUBGRF_SetPacketType
 .text.SUBGRF_SetTxParams
                0x08024f00      0x11c ./Middlewares/Third_Party/SubGHz_Phy/radio_driver.o
                0x08024f00                SUBGRF_SetTxParams
 .text.SUBGRF_SetModulationParams
                0x0802501c       0xf0 ./Middlewares/Third_Party/SubGHz_Phy/radio_driver.o
                0x0802501c                SUBGRF_SetModulationParams
 .text.SUBGRF_SetPacketParams
                0x0802510c       0xd4 ./Middlewares/Third_Party/SubGHz_Phy/radio_driver.o
                0x0802510c                SUBGRF_SetPacketParams
 .text.SUBGRF_SetBufferBaseAddress
                0x080251e0       0x18 ./Middlewares/Third_Party/SubGHz_Phy/radio_driver.o
                0x080251e0                SUBGRF_SetBufferBaseAddress
 .text.SUBGRF_ReadCommand
                0x080251f8       0x20 ./Middlewares/Third_Party/SubGHz_Phy/radio_driver.o
                0x080251f8                SUBGRF_ReadCommand
 .text.SUBGRF_GetRssiInst
                0x08025218       0x1a ./Middlewares/Third_Party/SubGHz_Phy/radio_driver.o
                0x08025218                SUBGRF_GetRssiInst
 *fill*         0x08025232        0x2 
 .text.SUBGRF_GetRxBufferStatus
                0x08025234       0x44 ./Middlewares/Third_Party/SubGHz_Phy/radio_driver.o
                0x08025234                SUBGRF_GetRxBufferStatus
 .text.SUBGRF_GetPayload
                0x08025278       0x32 ./Middlewares/Third_Party/SubGHz_Phy/radio_driver.o
                0x08025278                SUBGRF_GetPayload
 *fill*         0x080252aa        0x2 
 .text.SUBGRF_GetPacketStatus
                0x080252ac       0x74 ./Middlewares/Third_Party/SubGHz_Phy/radio_driver.o
                0x080252ac                SUBGRF_GetPacketStatus
 .text.SUBGRF_SetSwitch
                0x08025320       0x28 ./Middlewares/Third_Party/SubGHz_Phy/radio_driver.o
                0x08025320                SUBGRF_SetSwitch
 .text.SUBGRF_SetRfTxPower
                0x08025348       0x30 ./Middlewares/Third_Party/SubGHz_Phy/radio_driver.o
                0x08025348                SUBGRF_SetRfTxPower
 .text.SUBGRF_GetRadioWakeUpTime
                0x08025378        0x4 ./Middlewares/Third_Party/SubGHz_Phy/radio_driver.o
                0x08025378                SUBGRF_GetRadioWakeUpTime
 .text.HAL_SUBGHZ_TxCpltCallback
                0x0802537c       0x10 ./Middlewares/Third_Party/SubGHz_Phy/radio_driver.o
                0x0802537c                HAL_SUBGHZ_TxCpltCallback
 .text.HAL_SUBGHZ_RxCpltCallback
                0x0802538c       0x10 ./Middlewares/Third_Party/SubGHz_Phy/radio_driver.o
                0x0802538c                HAL_SUBGHZ_RxCpltCallback
 .text.HAL_SUBGHZ_CRCErrorCallback
                0x0802539c       0x10 ./Middlewares/Third_Party/SubGHz_Phy/radio_driver.o
                0x0802539c                HAL_SUBGHZ_CRCErrorCallback
 .text.HAL_SUBGHZ_CADStatusCallback
                0x080253ac       0x24 ./Middlewares/Third_Party/SubGHz_Phy/radio_driver.o
                0x080253ac                HAL_SUBGHZ_CADStatusCallback
 .text.HAL_SUBGHZ_RxTxTimeoutCallback
                0x080253d0       0x14 ./Middlewares/Third_Party/SubGHz_Phy/radio_driver.o
                0x080253d0                HAL_SUBGHZ_RxTxTimeoutCallback
 .text.HAL_SUBGHZ_HeaderErrorCallback
                0x080253e4       0x10 ./Middlewares/Third_Party/SubGHz_Phy/radio_driver.o
                0x080253e4                HAL_SUBGHZ_HeaderErrorCallback
 .text.HAL_SUBGHZ_PreambleDetectedCallback
                0x080253f4       0x10 ./Middlewares/Third_Party/SubGHz_Phy/radio_driver.o
                0x080253f4                HAL_SUBGHZ_PreambleDetectedCallback
 .text.HAL_SUBGHZ_SyncWordValidCallback
                0x08025404       0x10 ./Middlewares/Third_Party/SubGHz_Phy/radio_driver.o
                0x08025404                HAL_SUBGHZ_SyncWordValidCallback
 .text.HAL_SUBGHZ_HeaderValidCallback
                0x08025414       0x10 ./Middlewares/Third_Party/SubGHz_Phy/radio_driver.o
                0x08025414                HAL_SUBGHZ_HeaderValidCallback
 .text.HAL_SUBGHZ_LrFhssHopCallback
                0x08025424       0x14 ./Middlewares/Third_Party/SubGHz_Phy/radio_driver.o
                0x08025424                HAL_SUBGHZ_LrFhssHopCallback
 .text.SUBGRF_GetFskBandwidthRegValue
                0x08025438       0x2c ./Middlewares/Third_Party/SubGHz_Phy/radio_driver.o
                0x08025438                SUBGRF_GetFskBandwidthRegValue
 .text.SUBGRF_GetCFO
                0x08025464       0x88 ./Middlewares/Third_Party/SubGHz_Phy/radio_driver.o
                0x08025464                SUBGRF_GetCFO
 .text.RFW_TransmitLongPacket
                0x080254ec        0x6 ./Middlewares/Third_Party/SubGHz_Phy/radio_fw.o
                0x080254ec                RFW_TransmitLongPacket
 .text.RFW_ReceiveLongPacket
                0x080254f2        0x6 ./Middlewares/Third_Party/SubGHz_Phy/radio_fw.o
                0x080254f2                RFW_ReceiveLongPacket
 .text.RFW_Init
                0x080254f8        0x6 ./Middlewares/Third_Party/SubGHz_Phy/radio_fw.o
                0x080254f8                RFW_Init
 .text.RFW_DeInit
                0x080254fe        0x2 ./Middlewares/Third_Party/SubGHz_Phy/radio_fw.o
                0x080254fe                RFW_DeInit
 .text.RFW_Is_Init
                0x08025500        0x4 ./Middlewares/Third_Party/SubGHz_Phy/radio_fw.o
                0x08025500                RFW_Is_Init
 .text.RFW_Is_LongPacketModeEnabled
                0x08025504        0x4 ./Middlewares/Third_Party/SubGHz_Phy/radio_fw.o
                0x08025504                RFW_Is_LongPacketModeEnabled
 .text.RFW_SetAntSwitch
                0x08025508        0x2 ./Middlewares/Third_Party/SubGHz_Phy/radio_fw.o
                0x08025508                RFW_SetAntSwitch
 .text.RFW_TransmitInit
                0x0802550a        0x6 ./Middlewares/Third_Party/SubGHz_Phy/radio_fw.o
                0x0802550a                RFW_TransmitInit
 .text.RFW_ReceiveInit
                0x08025510        0x6 ./Middlewares/Third_Party/SubGHz_Phy/radio_fw.o
                0x08025510                RFW_ReceiveInit
 .text.RFW_DeInit_TxLongPacket
                0x08025516        0x2 ./Middlewares/Third_Party/SubGHz_Phy/radio_fw.o
                0x08025516                RFW_DeInit_TxLongPacket
 .text.RFW_ReceivePayload
                0x08025518        0x2 ./Middlewares/Third_Party/SubGHz_Phy/radio_fw.o
                0x08025518                RFW_ReceivePayload
 .text.RFW_SetRadioModem
                0x0802551a        0x2 ./Middlewares/Third_Party/SubGHz_Phy/radio_fw.o
                0x0802551a                RFW_SetRadioModem
 .text.TRACE_AllocateBufer
                0x0802551c       0x7c ./Utilities/stm32_adv_trace.o
 .text.TRACE_Lock
                0x08025598       0x18 ./Utilities/stm32_adv_trace.o
 .text.TRACE_UnLock
                0x080255b0       0x18 ./Utilities/stm32_adv_trace.o
 .text.TRACE_IsLocked
                0x080255c8       0x10 ./Utilities/stm32_adv_trace.o
 .text.UTIL_ADV_TRACE_Init
                0x080255d8       0x34 ./Utilities/stm32_adv_trace.o
                0x080255d8                UTIL_ADV_TRACE_Init
 .text.UTIL_ADV_TRACE_RegisterTimeStampFunction
                0x0802560c        0xc ./Utilities/stm32_adv_trace.o
                0x0802560c                UTIL_ADV_TRACE_RegisterTimeStampFunction
 .text.UTIL_ADV_TRACE_SetVerboseLevel
                0x08025618        0xc ./Utilities/stm32_adv_trace.o
                0x08025618                UTIL_ADV_TRACE_SetVerboseLevel
 .text.TRACE_Send
                0x08025624       0xa0 ./Utilities/stm32_adv_trace.o
 .text.UTIL_ADV_TRACE_COND_FSend
                0x080256c4       0xc8 ./Utilities/stm32_adv_trace.o
                0x080256c4                UTIL_ADV_TRACE_COND_FSend
 .text.TRACE_TxCpltCallback
                0x0802578c       0xb0 ./Utilities/stm32_adv_trace.o
 .text.UTIL_LPM_Init
                0x0802583c       0x14 ./Utilities/stm32_lpm.o
                0x0802583c                UTIL_LPM_Init
 .text.UTIL_LPM_SetStopMode
                0x08025850       0x2c ./Utilities/stm32_lpm.o
                0x08025850                UTIL_LPM_SetStopMode
 .text.UTIL_LPM_SetOffMode
                0x0802587c       0x2c ./Utilities/stm32_lpm.o
                0x0802587c                UTIL_LPM_SetOffMode
 .text.UTIL_LPM_EnterLowPower
                0x080258a8       0x4c ./Utilities/stm32_lpm.o
                0x080258a8                UTIL_LPM_EnterLowPower
 .text.UTIL_MEM_cpy_8
                0x080258f4       0x16 ./Utilities/stm32_mem.o
                0x080258f4                UTIL_MEM_cpy_8
 .text.UTIL_MEM_set_8
                0x0802590a       0x12 ./Utilities/stm32_mem.o
                0x0802590a                UTIL_MEM_set_8
 .text.UTIL_SEQ_SetTask
                0x0802591c       0x28 ./Utilities/stm32_seq.o
                0x0802591c                UTIL_SEQ_SetTask
 .text.UTIL_SEQ_SetEvt
                0x08025944       0x1c ./Utilities/stm32_seq.o
                0x08025944                UTIL_SEQ_SetEvt
 .text.UTIL_SEQ_PreIdle
                0x08025960        0x2 ./Utilities/stm32_seq.o
                0x08025960                UTIL_SEQ_PreIdle
 .text.UTIL_SEQ_PostIdle
                0x08025962        0x2 ./Utilities/stm32_seq.o
                0x08025962                UTIL_SEQ_PostIdle
 .text.SEQ_BitPosition
                0x08025964       0x44 ./Utilities/stm32_seq.o
                0x08025964                SEQ_BitPosition
 .text.UTIL_SEQ_Run
                0x080259a8      0x128 ./Utilities/stm32_seq.o
                0x080259a8                UTIL_SEQ_Run
 .text.UTIL_SEQ_WaitEvt
                0x08025ad0       0x54 ./Utilities/stm32_seq.o
                0x08025ad0                UTIL_SEQ_WaitEvt
 .text.UTIL_SEQ_RegTask
                0x08025b24       0x20 ./Utilities/stm32_seq.o
                0x08025b24                UTIL_SEQ_RegTask
 .text.SysTimeAdd
                0x08025b44       0x4c ./Utilities/stm32_systime.o
                0x08025b44                SysTimeAdd
 .text.SysTimeGet
                0x08025b90       0x44 ./Utilities/stm32_systime.o
                0x08025b90                SysTimeGet
 .text.UTIL_TIMER_Init
                0x08025bd4       0x18 ./Utilities/stm32_timer.o
                0x08025bd4                UTIL_TIMER_Init
 .text.UTIL_TIMER_Create
                0x08025bec       0x40 ./Utilities/stm32_timer.o
                0x08025bec                UTIL_TIMER_Create
 .text.UTIL_TIMER_GetCurrentTime
                0x08025c2c       0x14 ./Utilities/stm32_timer.o
                0x08025c2c                UTIL_TIMER_GetCurrentTime
 .text.UTIL_TIMER_GetElapsedTime
                0x08025c40       0x20 ./Utilities/stm32_timer.o
                0x08025c40                UTIL_TIMER_GetElapsedTime
 .text.TimerExists
                0x08025c60       0x1c ./Utilities/stm32_timer.o
                0x08025c60                TimerExists
 .text.TimerSetTimeout
                0x08025c7c       0x30 ./Utilities/stm32_timer.o
                0x08025c7c                TimerSetTimeout
 .text.UTIL_TIMER_Stop
                0x08025cac       0x74 ./Utilities/stm32_timer.o
                0x08025cac                UTIL_TIMER_Stop
 .text.TimerInsertTimer
                0x08025d20       0x30 ./Utilities/stm32_timer.o
                0x08025d20                TimerInsertTimer
 .text.TimerInsertNewHeadTimer
                0x08025d50       0x20 ./Utilities/stm32_timer.o
                0x08025d50                TimerInsertNewHeadTimer
 .text.UTIL_TIMER_Start
                0x08025d70       0x8c ./Utilities/stm32_timer.o
                0x08025d70                UTIL_TIMER_Start
 .text.UTIL_TIMER_SetPeriod
                0x08025dfc       0x38 ./Utilities/stm32_timer.o
                0x08025dfc                UTIL_TIMER_SetPeriod
 .text.UTIL_TIMER_IRQ_Handler
                0x08025e34       0x98 ./Utilities/stm32_timer.o
                0x08025e34                UTIL_TIMER_IRQ_Handler
 .text.ee_skip_atoi
                0x08025ecc       0x24 ./Utilities/stm32_tiny_vsnprintf.o
 .text.ee_number
                0x08025ef0      0x15c ./Utilities/stm32_tiny_vsnprintf.o
 .text.tiny_vsnprintf_like
                0x0802604c      0x188 ./Utilities/stm32_tiny_vsnprintf.o
                0x0802604c                tiny_vsnprintf_like
 .text.memset   0x080261d4       0x10 C:/ST/STM32CubeIDE_1.19.0/STM32CubeIDE/plugins/com.st.stm32cube.ide.mcu.externaltools.gnu-tools-for-stm32.13.3.rel1.win32_1.0.0.202411081344/tools/bin/../lib/gcc/arm-none-eabi/13.3.1/../../../../arm-none-eabi/lib/thumb/v6-m/nofp\libc_nano.a(libc_a-memset.o)
                0x080261d4                memset
 .text.__libc_init_array
                0x080261e4       0x48 C:/ST/STM32CubeIDE_1.19.0/STM32CubeIDE/plugins/com.st.stm32cube.ide.mcu.externaltools.gnu-tools-for-stm32.13.3.rel1.win32_1.0.0.202411081344/tools/bin/../lib/gcc/arm-none-eabi/13.3.1/../../../../arm-none-eabi/lib/thumb/v6-m/nofp\libc_nano.a(libc_a-init.o)
                0x080261e4                __libc_init_array
 *(.glue_7)
 .glue_7        0x0802622c        0x0 linker stubs
 *(.glue_7t)
 .glue_7t       0x0802622c        0x0 linker stubs
 *(.eh_frame)
 .eh_frame      0x0802622c        0x0 C:/ST/STM32CubeIDE_1.19.0/STM32CubeIDE/plugins/com.st.stm32cube.ide.mcu.externaltools.gnu-tools-for-stm32.13.3.rel1.win32_1.0.0.202411081344/tools/bin/../lib/gcc/arm-none-eabi/13.3.1/thumb/v6-m/nofp/crtbegin.o
 *(.init)
 .init          0x0802622c        0x4 C:/ST/STM32CubeIDE_1.19.0/STM32CubeIDE/plugins/com.st.stm32cube.ide.mcu.externaltools.gnu-tools-for-stm32.13.3.rel1.win32_1.0.0.202411081344/tools/bin/../lib/gcc/arm-none-eabi/13.3.1/thumb/v6-m/nofp/crti.o
                0x0802622c                _init
 .init          0x08026230        0x8 C:/ST/STM32CubeIDE_1.19.0/STM32CubeIDE/plugins/com.st.stm32cube.ide.mcu.externaltools.gnu-tools-for-stm32.13.3.rel1.win32_1.0.0.202411081344/tools/bin/../lib/gcc/arm-none-eabi/13.3.1/thumb/v6-m/nofp/crtn.o
 *(.fini)
 .fini          0x08026238        0x4 C:/ST/STM32CubeIDE_1.19.0/STM32CubeIDE/plugins/com.st.stm32cube.ide.mcu.externaltools.gnu-tools-for-stm32.13.3.rel1.win32_1.0.0.202411081344/tools/bin/../lib/gcc/arm-none-eabi/13.3.1/thumb/v6-m/nofp/crti.o
                0x08026238                _fini
 .fini          0x0802623c        0x8 C:/ST/STM32CubeIDE_1.19.0/STM32CubeIDE/plugins/com.st.stm32cube.ide.mcu.externaltools.gnu-tools-for-stm32.13.3.rel1.win32_1.0.0.202411081344/tools/bin/../lib/gcc/arm-none-eabi/13.3.1/thumb/v6-m/nofp/crtn.o
                0x08026248                        . = ALIGN (0x8)
 *fill*         0x08026244        0x4 
                0x08026248                        _etext = .

.vfp11_veneer   0x08026248        0x0
 .vfp11_veneer  0x08026248        0x0 linker stubs

.v4_bx          0x08026248        0x0
 .v4_bx         0x08026248        0x0 linker stubs

.iplt           0x08026248        0x0
 .iplt          0x08026248        0x0 C:/ST/STM32CubeIDE_1.19.0/STM32CubeIDE/plugins/com.st.stm32cube.ide.mcu.externaltools.gnu-tools-for-stm32.13.3.rel1.win32_1.0.0.202411081344/tools/bin/../lib/gcc/arm-none-eabi/13.3.1/thumb/v6-m/nofp/crtbegin.o

.rodata         0x08026248      0x5d8
                0x08026248                        . = ALIGN (0x8)
 *(.rodata)
 .rodata        0x08026248       0x10 ./Middlewares/Third_Party/SubGHz_Phy/radio.o
 *(.rodata*)
 .rodata.UTIL_PowerDriver
                0x08026258       0x18 ./Application/User/Core/stm32_lpm_if.o
                0x08026258                UTIL_PowerDriver
 .rodata.TimestampNow.str1.4
                0x08026270      0x187 ./Application/User/Core/sys_app.o
                                  0x9 (size before relaxing)
 .rodata.Process_Sys_Cmd.str1.4
                0x080263f7       0x27 ./Application/User/Core/sys_app.o
 *fill*         0x080263f7        0x1 
 .rodata.UTIL_SYSTIMDriver
                0x080263f8       0x14 ./Application/User/Core/timer_if.o
                0x080263f8                UTIL_SYSTIMDriver
 .rodata.UTIL_TimerDriver
                0x0802640c       0x2c ./Application/User/Core/timer_if.o
                0x0802640c                UTIL_TimerDriver
 .rodata.MBMUXIF_FeatureCm0plusRegistrationCmd.str1.4
                0x08026438       0x65 ./Application/User/MbMux/mbmuxif_sys.o
 .rodata.MBMUXIF_FeatureCm0plusRegistrationCmd
                0x08026438       0x28 ./Application/User/MbMux/mbmuxif_sys.o
 .rodata.UTIL_TraceDriver
                0x08026460       0x10 ./Application/User/MbMux/mbmuxif_trace.o
                0x08026460                UTIL_TraceDriver
 .rodata.Process_Radio_Cmd.str1.4
                0x08026470       0x26 ./Application/User/MbMux/radio_mbwrapper.o
 .rodata.Process_Radio_Cmd
                0x08026470       0x7c ./Application/User/MbMux/radio_mbwrapper.o
 .rodata.MSIRangeTable
                0x080264ec       0x40 ./Drivers/CMSIS/system_stm32wlxx.o
                0x080264ec                MSIRangeTable
 .rodata.AHBPrescTable
                0x0802652c       0x40 ./Drivers/CMSIS/system_stm32wlxx.o
                0x0802652c                AHBPrescTable
 .rodata.RadioGetLoRaBandwidthInHz
                0x0802656c       0x2c ./Middlewares/Third_Party/SubGHz_Phy/radio.o
 .rodata.RadioIrqProcess.str1.4
                0x08026598       0x54 ./Middlewares/Third_Party/SubGHz_Phy/radio.o
 .rodata.RadioIrqProcess
                0x08026598       0x84 ./Middlewares/Third_Party/SubGHz_Phy/radio.o
 .rodata.RadioSend.str1.4
                0x0802661c       0x15 ./Middlewares/Third_Party/SubGHz_Phy/radio.o
 .rodata.RadioSend
                0x0802661c       0x14 ./Middlewares/Third_Party/SubGHz_Phy/radio.o
 .rodata.RadioSetModem
                0x08026630       0x18 ./Middlewares/Third_Party/SubGHz_Phy/radio.o
 .rodata.Bandwidths
                0x08026648        0x3 ./Middlewares/Third_Party/SubGHz_Phy/radio.o
                0x08026648                Bandwidths
 *fill*         0x0802664b        0x1 
 .rodata.Radio  0x0802664c       0x8c ./Middlewares/Third_Party/SubGHz_Phy/radio.o
                0x0802664c                Radio
 .rodata.FskBandwidths
                0x080266d8       0xb0 ./Middlewares/Third_Party/SubGHz_Phy/radio_driver.o
 .rodata.SEQ_clz_table_4bit
                0x08026788       0x10 ./Utilities/stm32_seq.o
                0x08026788                SEQ_clz_table_4bit
 .rodata.ee_number.str1.4
                0x08026798       0x4d ./Utilities/stm32_tiny_vsnprintf.o
 .rodata.tiny_vsnprintf_like.str1.4
                0x08026798        0x7 ./Utilities/stm32_tiny_vsnprintf.o
 .rodata.tiny_vsnprintf_like
                0x08026798       0x84 ./Utilities/stm32_tiny_vsnprintf.o
                0x08026820                        . = ALIGN (0x8)
 *fill*         0x0802681c        0x4 

.ARM.extab      0x08026820        0x0
                0x08026820                        . = ALIGN (0x8)
 *(.ARM.extab* .gnu.linkonce.armextab.*)
                0x08026820                        . = ALIGN (0x8)

.ARM            0x08026820        0x8
                0x08026820                        . = ALIGN (0x8)
                0x08026820                        __exidx_start = .
 *(.ARM.exidx*)
 .ARM.exidx     0x08026820        0x8 C:/ST/STM32CubeIDE_1.19.0/STM32CubeIDE/plugins/com.st.stm32cube.ide.mcu.externaltools.gnu-tools-for-stm32.13.3.rel1.win32_1.0.0.202411081344/tools/bin/../lib/gcc/arm-none-eabi/13.3.1/thumb/v6-m/nofp\libgcc.a(_udivmoddi4.o)
                0x08026828                        __exidx_end = .
                0x08026828                        . = ALIGN (0x8)

.rel.dyn        0x08026828        0x0
 .rel.iplt      0x08026828        0x0 C:/ST/STM32CubeIDE_1.19.0/STM32CubeIDE/plugins/com.st.stm32cube.ide.mcu.externaltools.gnu-tools-for-stm32.13.3.rel1.win32_1.0.0.202411081344/tools/bin/../lib/gcc/arm-none-eabi/13.3.1/thumb/v6-m/nofp/crtbegin.o

.preinit_array  0x08026828        0x0
                0x08026828                        . = ALIGN (0x8)
                0x08026828                        PROVIDE (__preinit_array_start = .)
 *(.preinit_array*)
                0x08026828                        PROVIDE (__preinit_array_end = .)
                0x08026828                        . = ALIGN (0x8)

.init_array     0x08026828        0x8
                0x08026828                        . = ALIGN (0x8)
                0x08026828                        PROVIDE (__init_array_start = .)
 *(SORT_BY_NAME(.init_array.*))
 *(.init_array*)
 .init_array    0x08026828        0x4 C:/ST/STM32CubeIDE_1.19.0/STM32CubeIDE/plugins/com.st.stm32cube.ide.mcu.externaltools.gnu-tools-for-stm32.13.3.rel1.win32_1.0.0.202411081344/tools/bin/../lib/gcc/arm-none-eabi/13.3.1/thumb/v6-m/nofp/crtbegin.o
                0x0802682c                        PROVIDE (__init_array_end = .)
                0x08026830                        . = ALIGN (0x8)
 *fill*         0x0802682c        0x4 

.fini_array     0x08026830        0x8
                0x08026830                        . = ALIGN (0x8)
                [!provide]                        PROVIDE (__fini_array_start = .)
 *(SORT_BY_NAME(.fini_array.*))
 *(.fini_array*)
 .fini_array    0x08026830        0x4 C:/ST/STM32CubeIDE_1.19.0/STM32CubeIDE/plugins/com.st.stm32cube.ide.mcu.externaltools.gnu-tools-for-stm32.13.3.rel1.win32_1.0.0.202411081344/tools/bin/../lib/gcc/arm-none-eabi/13.3.1/thumb/v6-m/nofp/crtbegin.o
                [!provide]                        PROVIDE (__fini_array_end = .)
                0x08026838                        . = ALIGN (0x8)
 *fill*         0x08026834        0x4 
                0x08026838                        _sidata = LOADADDR (.data)

.data           0x2000a000       0x10 load address 0x08026838
                0x2000a000                        . = ALIGN (0x8)
                0x2000a000                        _sdata = .
 *(.data)
 *(.data*)
 .data.SystemCoreClock
                0x2000a000        0x4 ./Drivers/CMSIS/system_stm32wlxx.o
                0x2000a000                SystemCoreClock
 .data.MaxPayloadLength
                0x2000a004        0x1 ./Middlewares/Third_Party/SubGHz_Phy/radio.o
 *fill*         0x2000a005        0x3 
 .data.SuperMask
                0x2000a008        0x4 ./Utilities/stm32_seq.o
 .data.TaskMask
                0x2000a00c        0x4 ./Utilities/stm32_seq.o
 *(.RamFunc)
 *(.RamFunc*)
                0x2000a010                        . = ALIGN (0x8)
                0x2000a010                        _edata = .
                0x08026848                        _siMB_MEM2 = LOADADDR (.MB_MEM2)

.igot.plt       0x2000a010        0x0 load address 0x08026848
 .igot.plt      0x2000a010        0x0 C:/ST/STM32CubeIDE_1.19.0/STM32CubeIDE/plugins/com.st.stm32cube.ide.mcu.externaltools.gnu-tools-for-stm32.13.3.rel1.win32_1.0.0.202411081344/tools/bin/../lib/gcc/arm-none-eabi/13.3.1/thumb/v6-m/nofp/crtbegin.o

.MB_MEM2        0x20009000       0x48 load address 0x08026848
                0x20009000                        . = ALIGN (0x8)
                0x20009000                        _sMB_MEM2 = .
 *(MB_MEM2)
 MB_MEM2        0x20009000       0x48 ./Application/User/MbMux/features_info.o
                0x20009000                Feat_Info_List
                0x20009008                Feat_Info_Table
                0x20009048                        . = ALIGN (0x8)
                0x20009048                        _eMB_MEM2 = .

.MB_MEM3        0x20009048      0x300 load address 0x08026890
                0x20009048                        . = ALIGN (0x8)
                0x20009048                        _sMB_MEM3 = .
 *(MB_MEM3)
 MB_MEM3        0x20009048       0xff ./Application/User/MbMux/radio_mbwrapper.o
                0x20009048                aRadioMbWrapRxBuffer
 *fill*         0x20009147        0x1 
 MB_MEM3        0x20009148      0x200 ./Utilities/stm32_adv_trace.o
                0x20009348                        . = ALIGN (0x8)
                0x20009348                        _eMB_MEM3 = .
                0x20009348                        . = ALIGN (0x8)

.bss            0x2000a010      0x460
                0x2000a010                        _sbss = .
                0x2000a010                        __bss_start__ = _sbss
 *(.bss)
 .bss           0x2000a010       0x1c C:/ST/STM32CubeIDE_1.19.0/STM32CubeIDE/plugins/com.st.stm32cube.ide.mcu.externaltools.gnu-tools-for-stm32.13.3.rel1.win32_1.0.0.202411081344/tools/bin/../lib/gcc/arm-none-eabi/13.3.1/thumb/v6-m/nofp/crtbegin.o
 *(.bss*)
 .bss.hipcc     0x2000a02c       0x3c ./Application/User/Core/ipcc.o
                0x2000a02c                hipcc
 .bss.IpccAcknowledgeRcv
                0x2000a068        0x4 ./Application/User/Core/ipcc_if.o
 .bss.IpccCommandRcv
                0x2000a06c        0x4 ./Application/User/Core/ipcc_if.o
 .bss.hrtc      0x2000a070       0x38 ./Application/User/Core/rtc.o
                0x2000a070                hrtc
 .bss.hsubghz   0x2000a0a8        0xc ./Application/User/Core/subghz.o
                0x2000a0a8                hsubghz
 .bss.SYS_TimerInitialisedFlag
                0x2000a0b4        0x1 ./Application/User/Core/sys_app.o
 *fill*         0x2000a0b5        0x3 
 .bss.RtcTimerContext
                0x2000a0b8        0x4 ./Application/User/Core/timer_if.o
 .bss.RTC_Initialized
                0x2000a0bc        0x1 ./Application/User/Core/timer_if.o
 *fill*         0x2000a0bd        0x3 
 .bss.unsecure_sram2_end
                0x2000a0c0        0x4 ./Application/User/MbMux/mbmux.o
 .bss.unsecure_sram1_end
                0x2000a0c4        0x4 ./Application/User/MbMux/mbmux.o
 .bss.OptionsBytesStruct
                0x2000a0c8       0x58 ./Application/User/MbMux/mbmux.o
 .bss.MBMUX_MsgCbPointersTabCm0
                0x2000a120       0x30 ./Application/User/MbMux/mbmux.o
 .bss.p_MBMUX_ComTable
                0x2000a150        0x4 ./Application/User/MbMux/mbmux.o
 .bss.RadioComObj
                0x2000a154        0x4 ./Application/User/MbMux/mbmuxif_radio.o
 .bss.SystemComObj
                0x2000a158        0x4 ./Application/User/MbMux/mbmuxif_sys.o
 .bss.pMb_RefTable
                0x2000a15c        0x4 ./Application/User/MbMux/mbmuxif_sys.o
 .bss.TraceUtilCpltCallback
                0x2000a160        0x4 ./Application/User/MbMux/mbmuxif_trace.o
 .bss.radioevents_mbwrapper
                0x2000a164       0x1c ./Application/User/MbMux/radio_mbwrapper.o
 .bss.RxTimeoutTimer
                0x2000a180       0x18 ./Middlewares/Third_Party/SubGHz_Phy/radio.o
                0x2000a180                RxTimeoutTimer
 .bss.TxTimeoutTimer
                0x2000a198       0x18 ./Middlewares/Third_Party/SubGHz_Phy/radio.o
                0x2000a198                TxTimeoutTimer
 .bss.SubgRf    0x2000a1b0       0x5c ./Middlewares/Third_Party/SubGHz_Phy/radio.o
                0x2000a1b0                SubgRf
 .bss.RadioEvents
                0x2000a20c        0x4 ./Middlewares/Third_Party/SubGHz_Phy/radio.o
 .bss.RadioBuffer
                0x2000a210       0xff ./Middlewares/Third_Party/SubGHz_Phy/radio.o
 *fill*         0x2000a30f        0x1 
 .bss.RadioOnDioIrqCb
                0x2000a310        0x4 ./Middlewares/Third_Party/SubGHz_Phy/radio_driver.o
 .bss.ImageCalibrated
                0x2000a314        0x1 ./Middlewares/Third_Party/SubGHz_Phy/radio_driver.o
 *fill*         0x2000a315        0x3 
 .bss.FrequencyError
                0x2000a318        0x4 ./Middlewares/Third_Party/SubGHz_Phy/radio_driver.o
                0x2000a318                FrequencyError
 .bss.LoRaHeaderType
                0x2000a31c        0x1 ./Middlewares/Third_Party/SubGHz_Phy/radio_driver.o
 .bss.PacketType
                0x2000a31d        0x1 ./Middlewares/Third_Party/SubGHz_Phy/radio_driver.o
 .bss.OperatingMode
                0x2000a31e        0x1 ./Middlewares/Third_Party/SubGHz_Phy/radio_driver.o
 *fill*         0x2000a31f        0x1 
 .bss.sztmp     0x2000a320      0x100 ./Utilities/stm32_adv_trace.o
 .bss.ADV_TRACE_Ctx
                0x2000a420       0x18 ./Utilities/stm32_adv_trace.o
 .bss.OffModeDisable
                0x2000a438        0x4 ./Utilities/stm32_lpm.o
 .bss.StopModeDisable
                0x2000a43c        0x4 ./Utilities/stm32_lpm.o
 .bss.TaskPrio  0x2000a440        0x8 ./Utilities/stm32_seq.o
 .bss.TaskCb    0x2000a448       0x10 ./Utilities/stm32_seq.o
 .bss.CurrentTaskIdx
                0x2000a458        0x4 ./Utilities/stm32_seq.o
 .bss.EvtWaited
                0x2000a45c        0x4 ./Utilities/stm32_seq.o
 .bss.EvtSet    0x2000a460        0x4 ./Utilities/stm32_seq.o
 .bss.TaskSet   0x2000a464        0x4 ./Utilities/stm32_seq.o
 .bss.TimerListHead
                0x2000a468        0x4 ./Utilities/stm32_timer.o
 *(COMMON)
                0x2000a470                        . = ALIGN (0x8)
 *fill*         0x2000a46c        0x4 
                0x2000a470                        _ebss = .
                0x2000a470                        __bss_end__ = _ebss

._user_heap_stack
                0x2000a470     0x1400
                0x2000a470                        . = ALIGN (0x8)
                [!provide]                        PROVIDE (end = .)
                0x2000a470                        PROVIDE (_end = .)
                0x2000a870                        . = (. + _Min_Heap_Size)
 *fill*         0x2000a470      0x400 
                0x2000b870                        . = (. + _Min_Stack_Size)
 *fill*         0x2000a870     0x1000 
                0x2000b870                        . = ALIGN (0x8)

/DISCARD/
 libc.a(*)
 libm.a(*)
 libgcc.a(*)

.ARM.attributes
                0x00000000       0x28
 *(.ARM.attributes)
 .ARM.attributes
                0x00000000       0x1e C:/ST/STM32CubeIDE_1.19.0/STM32CubeIDE/plugins/com.st.stm32cube.ide.mcu.externaltools.gnu-tools-for-stm32.13.3.rel1.win32_1.0.0.202411081344/tools/bin/../lib/gcc/arm-none-eabi/13.3.1/thumb/v6-m/nofp/crti.o
 .ARM.attributes
                0x0000001e       0x2c C:/ST/STM32CubeIDE_1.19.0/STM32CubeIDE/plugins/com.st.stm32cube.ide.mcu.externaltools.gnu-tools-for-stm32.13.3.rel1.win32_1.0.0.202411081344/tools/bin/../lib/gcc/arm-none-eabi/13.3.1/thumb/v6-m/nofp/crtbegin.o
 .ARM.attributes
                0x0000004a       0x2c ./Application/User/Core/gpio.o
 .ARM.attributes
                0x00000076       0x2c ./Application/User/Core/ipcc.o
 .ARM.attributes
                0x000000a2       0x2c ./Application/User/Core/ipcc_if.o
 .ARM.attributes
                0x000000ce       0x2c ./Application/User/Core/main.o
 .ARM.attributes
                0x000000fa       0x2c ./Application/User/Core/rtc.o
 .ARM.attributes
                0x00000126       0x2c ./Application/User/Core/stm32_lpm_if.o
 .ARM.attributes
                0x00000152       0x2c ./Application/User/Core/stm32wlxx_hal_msp.o
 .ARM.attributes
                0x0000017e       0x2c ./Application/User/Core/stm32wlxx_it.o
 .ARM.attributes
                0x000001aa       0x2c ./Application/User/Core/subghz.o
 .ARM.attributes
                0x000001d6       0x2c ./Application/User/Core/sys_app.o
 .ARM.attributes
                0x00000202       0x2c ./Application/User/Core/timer_if.o
 .ARM.attributes
                0x0000022e       0x2c ./Application/User/MbMux/features_info.o
 .ARM.attributes
                0x0000025a       0x2c ./Application/User/MbMux/mbmux.o
 .ARM.attributes
                0x00000286       0x2c ./Application/User/MbMux/mbmuxif_radio.o
 .ARM.attributes
                0x000002b2       0x2c ./Application/User/MbMux/mbmuxif_sys.o
 .ARM.attributes
                0x000002de       0x2c ./Application/User/MbMux/mbmuxif_trace.o
 .ARM.attributes
                0x0000030a       0x2c ./Application/User/MbMux/radio_mbwrapper.o
 .ARM.attributes
                0x00000336       0x22 ./Application/User/Startup/startup_stm32wl55jcix.o
 .ARM.attributes
                0x00000358       0x2c ./Application/User/SubGHz_Phy/App/app_subghz_phy.o
 .ARM.attributes
                0x00000384       0x2c ./Application/User/SubGHz_Phy/Target/radio_board_if.o
 .ARM.attributes
                0x000003b0       0x2c ./Drivers/BSP/STM32WLxx_Nucleo/stm32wlxx_nucleo_radio.o
 .ARM.attributes
                0x000003dc       0x2c ./Drivers/CMSIS/system_stm32wlxx.o
 .ARM.attributes
                0x00000408       0x2c ./Drivers/STM32WLxx_HAL_Driver/stm32wlxx_hal.o
 .ARM.attributes
                0x00000434       0x2c ./Drivers/STM32WLxx_HAL_Driver/stm32wlxx_hal_cortex.o
 .ARM.attributes
                0x00000460       0x2c ./Drivers/STM32WLxx_HAL_Driver/stm32wlxx_hal_flash_ex.o
 .ARM.attributes
                0x0000048c       0x2c ./Drivers/STM32WLxx_HAL_Driver/stm32wlxx_hal_gpio.o
 .ARM.attributes
                0x000004b8       0x2c ./Drivers/STM32WLxx_HAL_Driver/stm32wlxx_hal_ipcc.o
 .ARM.attributes
                0x000004e4       0x2c ./Drivers/STM32WLxx_HAL_Driver/stm32wlxx_hal_pwr.o
 .ARM.attributes
                0x00000510       0x2c ./Drivers/STM32WLxx_HAL_Driver/stm32wlxx_hal_pwr_ex.o
 .ARM.attributes
                0x0000053c       0x2c ./Drivers/STM32WLxx_HAL_Driver/stm32wlxx_hal_rcc.o
 .ARM.attributes
                0x00000568       0x2c ./Drivers/STM32WLxx_HAL_Driver/stm32wlxx_hal_rcc_ex.o
 .ARM.attributes
                0x00000594       0x2c ./Drivers/STM32WLxx_HAL_Driver/stm32wlxx_hal_rtc.o
 .ARM.attributes
                0x000005c0       0x2c ./Drivers/STM32WLxx_HAL_Driver/stm32wlxx_hal_rtc_ex.o
 .ARM.attributes
                0x000005ec       0x2c ./Drivers/STM32WLxx_HAL_Driver/stm32wlxx_hal_subghz.o
 .ARM.attributes
                0x00000618       0x2c ./Middlewares/Third_Party/SubGHz_Phy/radio.o
 .ARM.attributes
                0x00000644       0x2c ./Middlewares/Third_Party/SubGHz_Phy/radio_driver.o
 .ARM.attributes
                0x00000670       0x2c ./Middlewares/Third_Party/SubGHz_Phy/radio_fw.o
 .ARM.attributes
                0x0000069c       0x2c ./Utilities/stm32_adv_trace.o
 .ARM.attributes
                0x000006c8       0x2c ./Utilities/stm32_lpm.o
 .ARM.attributes
                0x000006f4       0x2c ./Utilities/stm32_mem.o
 .ARM.attributes
                0x00000720       0x2c ./Utilities/stm32_seq.o
 .ARM.attributes
                0x0000074c       0x2c ./Utilities/stm32_systime.o
 .ARM.attributes
                0x00000778       0x2c ./Utilities/stm32_timer.o
 .ARM.attributes
                0x000007a4       0x2c ./Utilities/stm32_tiny_vsnprintf.o
 .ARM.attributes
                0x000007d0       0x2c C:/ST/STM32CubeIDE_1.19.0/STM32CubeIDE/plugins/com.st.stm32cube.ide.mcu.externaltools.gnu-tools-for-stm32.13.3.rel1.win32_1.0.0.202411081344/tools/bin/../lib/gcc/arm-none-eabi/13.3.1/../../../../arm-none-eabi/lib/thumb/v6-m/nofp\libc_nano.a(libc_a-memset.o)
 .ARM.attributes
                0x000007fc       0x2c C:/ST/STM32CubeIDE_1.19.0/STM32CubeIDE/plugins/com.st.stm32cube.ide.mcu.externaltools.gnu-tools-for-stm32.13.3.rel1.win32_1.0.0.202411081344/tools/bin/../lib/gcc/arm-none-eabi/13.3.1/../../../../arm-none-eabi/lib/thumb/v6-m/nofp\libc_nano.a(libc_a-init.o)
 .ARM.attributes
                0x00000828       0x1c C:/ST/STM32CubeIDE_1.19.0/STM32CubeIDE/plugins/com.st.stm32cube.ide.mcu.externaltools.gnu-tools-for-stm32.13.3.rel1.win32_1.0.0.202411081344/tools/bin/../lib/gcc/arm-none-eabi/13.3.1/../../../../arm-none-eabi/lib/thumb/v6-m/nofp\libc_nano.a(libc_a-strlen.o)
 .ARM.attributes
                0x00000844       0x1e C:/ST/STM32CubeIDE_1.19.0/STM32CubeIDE/plugins/com.st.stm32cube.ide.mcu.externaltools.gnu-tools-for-stm32.13.3.rel1.win32_1.0.0.202411081344/tools/bin/../lib/gcc/arm-none-eabi/13.3.1/thumb/v6-m/nofp\libgcc.a(_udivsi3.o)
 .ARM.attributes
                0x00000862       0x1e C:/ST/STM32CubeIDE_1.19.0/STM32CubeIDE/plugins/com.st.stm32cube.ide.mcu.externaltools.gnu-tools-for-stm32.13.3.rel1.win32_1.0.0.202411081344/tools/bin/../lib/gcc/arm-none-eabi/13.3.1/thumb/v6-m/nofp\libgcc.a(_divsi3.o)
 .ARM.attributes
                0x00000880       0x1e C:/ST/STM32CubeIDE_1.19.0/STM32CubeIDE/plugins/com.st.stm32cube.ide.mcu.externaltools.gnu-tools-for-stm32.13.3.rel1.win32_1.0.0.202411081344/tools/bin/../lib/gcc/arm-none-eabi/13.3.1/thumb/v6-m/nofp\libgcc.a(_dvmd_tls.o)
 .ARM.attributes
                0x0000089e       0x1e C:/ST/STM32CubeIDE_1.19.0/STM32CubeIDE/plugins/com.st.stm32cube.ide.mcu.externaltools.gnu-tools-for-stm32.13.3.rel1.win32_1.0.0.202411081344/tools/bin/../lib/gcc/arm-none-eabi/13.3.1/thumb/v6-m/nofp\libgcc.a(_aeabi_uldivmod.o)
 .ARM.attributes
                0x000008bc       0x2c C:/ST/STM32CubeIDE_1.19.0/STM32CubeIDE/plugins/com.st.stm32cube.ide.mcu.externaltools.gnu-tools-for-stm32.13.3.rel1.win32_1.0.0.202411081344/tools/bin/../lib/gcc/arm-none-eabi/13.3.1/thumb/v6-m/nofp\libgcc.a(_muldi3.o)
 .ARM.attributes
                0x000008e8       0x2c C:/ST/STM32CubeIDE_1.19.0/STM32CubeIDE/plugins/com.st.stm32cube.ide.mcu.externaltools.gnu-tools-for-stm32.13.3.rel1.win32_1.0.0.202411081344/tools/bin/../lib/gcc/arm-none-eabi/13.3.1/thumb/v6-m/nofp\libgcc.a(_udivmoddi4.o)
 .ARM.attributes
                0x00000914       0x1e C:/ST/STM32CubeIDE_1.19.0/STM32CubeIDE/plugins/com.st.stm32cube.ide.mcu.externaltools.gnu-tools-for-stm32.13.3.rel1.win32_1.0.0.202411081344/tools/bin/../lib/gcc/arm-none-eabi/13.3.1/thumb/v6-m/nofp\libgcc.a(_clzdi2.o)
 .ARM.attributes
                0x00000932       0x1e C:/ST/STM32CubeIDE_1.19.0/STM32CubeIDE/plugins/com.st.stm32cube.ide.mcu.externaltools.gnu-tools-for-stm32.13.3.rel1.win32_1.0.0.202411081344/tools/bin/../lib/gcc/arm-none-eabi/13.3.1/thumb/v6-m/nofp\libgcc.a(_clzsi2.o)
 .ARM.attributes
                0x00000950       0x1e C:/ST/STM32CubeIDE_1.19.0/STM32CubeIDE/plugins/com.st.stm32cube.ide.mcu.externaltools.gnu-tools-for-stm32.13.3.rel1.win32_1.0.0.202411081344/tools/bin/../lib/gcc/arm-none-eabi/13.3.1/thumb/v6-m/nofp/crtn.o
OUTPUT(SubGHz_Phy_PingPong_DualCore_CM0PLUS.elf elf32-littlearm)
LOAD linker stubs
LOAD C:/ST/STM32CubeIDE_1.19.0/STM32CubeIDE/plugins/com.st.stm32cube.ide.mcu.externaltools.gnu-tools-for-stm32.13.3.rel1.win32_1.0.0.202411081344/tools/bin/../lib/gcc/arm-none-eabi/13.3.1/../../../../arm-none-eabi/lib/thumb/v6-m/nofp\libc.a
LOAD C:/ST/STM32CubeIDE_1.19.0/STM32CubeIDE/plugins/com.st.stm32cube.ide.mcu.externaltools.gnu-tools-for-stm32.13.3.rel1.win32_1.0.0.202411081344/tools/bin/../lib/gcc/arm-none-eabi/13.3.1/../../../../arm-none-eabi/lib/thumb/v6-m/nofp\libm.a
LOAD C:/ST/STM32CubeIDE_1.19.0/STM32CubeIDE/plugins/com.st.stm32cube.ide.mcu.externaltools.gnu-tools-for-stm32.13.3.rel1.win32_1.0.0.202411081344/tools/bin/../lib/gcc/arm-none-eabi/13.3.1/thumb/v6-m/nofp\libgcc.a

.debug_info     0x00000000    0x24c65
 .debug_info    0x00000000      0x659 ./Application/User/Core/gpio.o
 .debug_info    0x00000659      0x85f ./Application/User/Core/ipcc.o
 .debug_info    0x00000eb8      0xbaa ./Application/User/Core/ipcc_if.o
 .debug_info    0x00001a62      0x187 ./Application/User/Core/main.o
 .debug_info    0x00001be9      0xd10 ./Application/User/Core/rtc.o
 .debug_info    0x000028f9      0x3b6 ./Application/User/Core/stm32_lpm_if.o
 .debug_info    0x00002caf       0xd0 ./Application/User/Core/stm32wlxx_hal_msp.o
 .debug_info    0x00002d7f      0x736 ./Application/User/Core/stm32wlxx_it.o
 .debug_info    0x000034b5      0x7d1 ./Application/User/Core/subghz.o
 .debug_info    0x00003c86     0x102e ./Application/User/Core/sys_app.o
 .debug_info    0x00004cb4     0x130f ./Application/User/Core/timer_if.o
 .debug_info    0x00005fc3      0x216 ./Application/User/MbMux/features_info.o
 .debug_info    0x000061d9      0xa13 ./Application/User/MbMux/mbmux.o
 .debug_info    0x00006bec      0x5a6 ./Application/User/MbMux/mbmuxif_radio.o
 .debug_info    0x00007192      0xc2e ./Application/User/MbMux/mbmuxif_sys.o
 .debug_info    0x00007dc0      0x755 ./Application/User/MbMux/mbmuxif_trace.o
 .debug_info    0x00008515     0x17de ./Application/User/MbMux/radio_mbwrapper.o
 .debug_info    0x00009cf3       0x30 ./Application/User/Startup/startup_stm32wl55jcix.o
 .debug_info    0x00009d23      0x146 ./Application/User/SubGHz_Phy/App/app_subghz_phy.o
 .debug_info    0x00009e69      0x306 ./Application/User/SubGHz_Phy/Target/radio_board_if.o
 .debug_info    0x0000a16f      0xa3a ./Drivers/BSP/STM32WLxx_Nucleo/stm32wlxx_nucleo_radio.o
 .debug_info    0x0000aba9      0x56b ./Drivers/CMSIS/system_stm32wlxx.o
 .debug_info    0x0000b114     0x11f5 ./Drivers/STM32WLxx_HAL_Driver/stm32wlxx_hal.o
 .debug_info    0x0000c309      0xa35 ./Drivers/STM32WLxx_HAL_Driver/stm32wlxx_hal_cortex.o
 .debug_info    0x0000cd3e      0xefb ./Drivers/STM32WLxx_HAL_Driver/stm32wlxx_hal_flash_ex.o