C:/Repositories/ECE_406/Projects/NUCLEO-WL55JC/Applications/LoRaWAN/LoRaWAN_AT_Slave/LoRaWAN/App/lora_app.c:405:13:OnSysTimeUpdate	0	static
C:/Repositories/ECE_406/Projects/NUCLEO-WL55JC/Applications/LoRaWAN/LoRaWAN_AT_Slave/LoRaWAN/App/lora_app.c:442:13:OnTxPeriodicityChanged	0	static
C:/Repositories/ECE_406/Projects/NUCLEO-WL55JC/Applications/LoRaWAN/LoRaWAN_AT_Slave/LoRaWAN/App/lora_app.c:449:13:OnTxFrameCtrlChanged	0	static
C:/Repositories/ECE_406/Projects/NUCLEO-WL55JC/Applications/LoRaWAN/LoRaWAN_AT_Slave/LoRaWAN/App/lora_app.c:456:13:OnPingSlotPeriodicityChanged	0	static
C:/Repositories/ECE_406/Projects/NUCLEO-WL55JC/Applications/LoRaWAN/LoRaWAN_AT_Slave/LoRaWAN/App/lora_app.c:467:13:OnSystemReset	0	static
C:/Repositories/ECE_406/Projects/NUCLEO-WL55JC/Applications/LoRaWAN/LoRaWAN_AT_Slave/LoRaWAN/App/lora_app.c:395:13:OnBeaconStatusChange	8	static
C:/Repositories/ECE_406/Projects/NUCLEO-WL55JC/Applications/LoRaWAN/LoRaWAN_AT_Slave/LoRaWAN/App/lora_app.c:412:13:OnClassChange	8	static
C:/Repositories/ECE_406/Projects/NUCLEO-WL55JC/Applications/LoRaWAN/LoRaWAN_AT_Slave/LoRaWAN/App/lora_app.c:351:13:OnRxTimerLedEvent	8	static
C:/Repositories/ECE_406/Projects/NUCLEO-WL55JC/Applications/LoRaWAN/LoRaWAN_AT_Slave/LoRaWAN/App/lora_app.c:346:13:OnTxTimerLedEvent	8	static
C:/Repositories/ECE_406/Projects/NUCLEO-WL55JC/Applications/LoRaWAN/LoRaWAN_AT_Slave/LoRaWAN/App/lora_app.c:331:13:OnRxData	16	static
C:/Repositories/ECE_406/Projects/NUCLEO-WL55JC/Applications/LoRaWAN/LoRaWAN_AT_Slave/LoRaWAN/App/lora_app.c:363:13:OnTxData	8	static
C:/Repositories/ECE_406/Projects/NUCLEO-WL55JC/Applications/LoRaWAN/LoRaWAN_AT_Slave/LoRaWAN/App/lora_app.c:379:13:OnJoinRequest	8	static
C:/Repositories/ECE_406/Projects/NUCLEO-WL55JC/Applications/LoRaWAN/LoRaWAN_AT_Slave/LoRaWAN/App/lora_app.c:474:13:OnNvmDataChange	8	static
C:/Repositories/ECE_406/Projects/NUCLEO-WL55JC/Applications/LoRaWAN/LoRaWAN_AT_Slave/LoRaWAN/App/lora_app.c:430:13:OnMacProcessNotify	8	static
C:/Repositories/ECE_406/Projects/NUCLEO-WL55JC/Applications/LoRaWAN/LoRaWAN_AT_Slave/LoRaWAN/App/lora_app.c:419:13:CmdProcessNotify	8	static
C:/Repositories/ECE_406/Projects/NUCLEO-WL55JC/Applications/LoRaWAN/LoRaWAN_AT_Slave/LoRaWAN/App/lora_app.c:485:13:OnStoreContextRequest	8	static
C:/Repositories/ECE_406/Projects/NUCLEO-WL55JC/Applications/LoRaWAN/LoRaWAN_AT_Slave/LoRaWAN/App/lora_app.c:496:13:OnRestoreContextRequest	8	static
C:/Repositories/ECE_406/Projects/NUCLEO-WL55JC/Applications/LoRaWAN/LoRaWAN_AT_Slave/LoRaWAN/App/lora_app.c:356:13:OnJoinTimerLedEvent	8	static
C:/Repositories/ECE_406/Projects/NUCLEO-WL55JC/Applications/LoRaWAN/LoRaWAN_AT_Slave/LoRaWAN/App/lora_app.c:247:6:LoRaWAN_Init	48	static
