Archive member included to satisfy reference by file (symbol)

C:/ST/STM32CubeIDE_1.19.0/STM32CubeIDE/plugins/com.st.stm32cube.ide.mcu.externaltools.gnu-tools-for-stm32.13.3.rel1.win32_1.0.0.202411081344/tools/bin/../lib/gcc/arm-none-eabi/13.3.1/../../../../arm-none-eabi/lib/thumb/v7e-m/nofp\libc_nano.a(libc_a-exit.o)
                              C:/ST/STM32CubeIDE_1.19.0/STM32CubeIDE/plugins/com.st.stm32cube.ide.mcu.externaltools.gnu-tools-for-stm32.13.3.rel1.win32_1.0.0.202411081344/tools/bin/../lib/gcc/arm-none-eabi/13.3.1/../../../../arm-none-eabi/lib/thumb/v7e-m/nofp/crt0.o (exit)
C:/ST/STM32CubeIDE_1.19.0/STM32CubeIDE/plugins/com.st.stm32cube.ide.mcu.externaltools.gnu-tools-for-stm32.13.3.rel1.win32_1.0.0.202411081344/tools/bin/../lib/gcc/arm-none-eabi/13.3.1/../../../../arm-none-eabi/lib/thumb/v7e-m/nofp\libc_nano.a(libc_a-findfp.o)
                              C:/ST/STM32CubeIDE_1.19.0/STM32CubeIDE/plugins/com.st.stm32cube.ide.mcu.externaltools.gnu-tools-for-stm32.13.3.rel1.win32_1.0.0.202411081344/tools/bin/../lib/gcc/arm-none-eabi/13.3.1/../../../../arm-none-eabi/lib/thumb/v7e-m/nofp\libc_nano.a(libc_a-exit.o) (__stdio_exit_handler)
C:/ST/STM32CubeIDE_1.19.0/STM32CubeIDE/plugins/com.st.stm32cube.ide.mcu.externaltools.gnu-tools-for-stm32.13.3.rel1.win32_1.0.0.202411081344/tools/bin/../lib/gcc/arm-none-eabi/13.3.1/../../../../arm-none-eabi/lib/thumb/v7e-m/nofp\libc_nano.a(libc_a-fwalk.o)
                              C:/ST/STM32CubeIDE_1.19.0/STM32CubeIDE/plugins/com.st.stm32cube.ide.mcu.externaltools.gnu-tools-for-stm32.13.3.rel1.win32_1.0.0.202411081344/tools/bin/../lib/gcc/arm-none-eabi/13.3.1/../../../../arm-none-eabi/lib/thumb/v7e-m/nofp\libc_nano.a(libc_a-findfp.o) (_fwalk_sglue)
C:/ST/STM32CubeIDE_1.19.0/STM32CubeIDE/plugins/com.st.stm32cube.ide.mcu.externaltools.gnu-tools-for-stm32.13.3.rel1.win32_1.0.0.202411081344/tools/bin/../lib/gcc/arm-none-eabi/13.3.1/../../../../arm-none-eabi/lib/thumb/v7e-m/nofp\libc_nano.a(libc_a-stdio.o)
                              C:/ST/STM32CubeIDE_1.19.0/STM32CubeIDE/plugins/com.st.stm32cube.ide.mcu.externaltools.gnu-tools-for-stm32.13.3.rel1.win32_1.0.0.202411081344/tools/bin/../lib/gcc/arm-none-eabi/13.3.1/../../../../arm-none-eabi/lib/thumb/v7e-m/nofp\libc_nano.a(libc_a-findfp.o) (__sread)
C:/ST/STM32CubeIDE_1.19.0/STM32CubeIDE/plugins/com.st.stm32cube.ide.mcu.externaltools.gnu-tools-for-stm32.13.3.rel1.win32_1.0.0.202411081344/tools/bin/../lib/gcc/arm-none-eabi/13.3.1/../../../../arm-none-eabi/lib/thumb/v7e-m/nofp\libc_nano.a(libc_a-memset.o)
                              C:/ST/STM32CubeIDE_1.19.0/STM32CubeIDE/plugins/com.st.stm32cube.ide.mcu.externaltools.gnu-tools-for-stm32.13.3.rel1.win32_1.0.0.202411081344/tools/bin/../lib/gcc/arm-none-eabi/13.3.1/../../../../arm-none-eabi/lib/thumb/v7e-m/nofp/crt0.o (memset)
C:/ST/STM32CubeIDE_1.19.0/STM32CubeIDE/plugins/com.st.stm32cube.ide.mcu.externaltools.gnu-tools-for-stm32.13.3.rel1.win32_1.0.0.202411081344/tools/bin/../lib/gcc/arm-none-eabi/13.3.1/../../../../arm-none-eabi/lib/thumb/v7e-m/nofp\libc_nano.a(libc_a-strncmp.o)
                              ./Application/User/SubGHz_Phy/App/subghz_phy_app.o (strncmp)
C:/ST/STM32CubeIDE_1.19.0/STM32CubeIDE/plugins/com.st.stm32cube.ide.mcu.externaltools.gnu-tools-for-stm32.13.3.rel1.win32_1.0.0.202411081344/tools/bin/../lib/gcc/arm-none-eabi/13.3.1/../../../../arm-none-eabi/lib/thumb/v7e-m/nofp\libc_nano.a(libc_a-closer.o)
                              C:/ST/STM32CubeIDE_1.19.0/STM32CubeIDE/plugins/com.st.stm32cube.ide.mcu.externaltools.gnu-tools-for-stm32.13.3.rel1.win32_1.0.0.202411081344/tools/bin/../lib/gcc/arm-none-eabi/13.3.1/../../../../arm-none-eabi/lib/thumb/v7e-m/nofp\libc_nano.a(libc_a-stdio.o) (_close_r)
C:/ST/STM32CubeIDE_1.19.0/STM32CubeIDE/plugins/com.st.stm32cube.ide.mcu.externaltools.gnu-tools-for-stm32.13.3.rel1.win32_1.0.0.202411081344/tools/bin/../lib/gcc/arm-none-eabi/13.3.1/../../../../arm-none-eabi/lib/thumb/v7e-m/nofp\libc_nano.a(libc_a-reent.o)
                              C:/ST/STM32CubeIDE_1.19.0/STM32CubeIDE/plugins/com.st.stm32cube.ide.mcu.externaltools.gnu-tools-for-stm32.13.3.rel1.win32_1.0.0.202411081344/tools/bin/../lib/gcc/arm-none-eabi/13.3.1/../../../../arm-none-eabi/lib/thumb/v7e-m/nofp\libc_nano.a(libc_a-closer.o) (errno)
C:/ST/STM32CubeIDE_1.19.0/STM32CubeIDE/plugins/com.st.stm32cube.ide.mcu.externaltools.gnu-tools-for-stm32.13.3.rel1.win32_1.0.0.202411081344/tools/bin/../lib/gcc/arm-none-eabi/13.3.1/../../../../arm-none-eabi/lib/thumb/v7e-m/nofp\libc_nano.a(libc_a-impure.o)
                              C:/ST/STM32CubeIDE_1.19.0/STM32CubeIDE/plugins/com.st.stm32cube.ide.mcu.externaltools.gnu-tools-for-stm32.13.3.rel1.win32_1.0.0.202411081344/tools/bin/../lib/gcc/arm-none-eabi/13.3.1/../../../../arm-none-eabi/lib/thumb/v7e-m/nofp\libc_nano.a(libc_a-reent.o) (_impure_ptr)
[...]
Memory Configuration

Name             Origin             Length             Attributes
RAM1             0x20000000         0x00008000         xrw
RAM_SHARED       0x20008000         0x00001000         rw
FLASH            0x08000000         0x00020000         xr
*default*        0x00000000         0xffffffff

Linker script and memory map

LOAD C:/ST/STM32CubeIDE_1.19.0/STM32CubeIDE/plugins/com.st.stm32cube.ide.mcu.externaltools.gnu-tools-for-stm32.13.3.rel1.win32_1.0.0.202411081344/tools/bin/../lib/gcc/arm-none-eabi/13.3.1/thumb/v7e-m/nofp/crti.o
LOAD C:/ST/STM32CubeIDE_1.19.0/STM32CubeIDE/plugins/com.st.stm32cube.ide.mcu.externaltools.gnu-tools-for-stm32.13.3.rel1.win32_1.0.0.202411081344/tools/bin/../lib/gcc/arm-none-eabi/13.3.1/thumb/v7e-m/nofp/crtbegin.o
LOAD C:/ST/STM32CubeIDE_1.19.0/STM32CubeIDE/plugins/com.st.stm32cube.ide.mcu.externaltools.gnu-tools-for-stm32.13.3.rel1.win32_1.0.0.202411081344/tools/bin/../lib/gcc/arm-none-eabi/13.3.1/../../../../arm-none-eabi/lib/thumb/v7e-m/nofp/crt0.o
LOAD ./Application/User/Common/System/sys_debug.o
LOAD ./Application/User/Core/dma.o
LOAD ./Application/User/Core/gpio.o
LOAD ./Application/User/Core/ipcc.o
LOAD ./Application/User/Core/ipcc_if.o
LOAD ./Application/User/Core/main.o
LOAD ./Application/User/Core/stm32_lpm_if.o
LOAD ./Application/User/Core/stm32wlxx_hal_msp.o
LOAD ./Application/User/Core/stm32wlxx_it.o
LOAD ./Application/User/Core/sys_app.o
LOAD ./Application/User/Core/syscalls.o
LOAD ./Application/User/Core/sysmem.o
LOAD ./Application/User/Core/timer_if.o
LOAD ./Application/User/Core/usart.o
LOAD ./Application/User/Core/usart_if.o
LOAD ./Application/User/MbMux/mbmux.o
LOAD ./Application/User/MbMux/mbmuxif_radio.o
LOAD ./Application/User/MbMux/mbmuxif_sys.o
LOAD ./Application/User/MbMux/mbmuxif_trace.o
LOAD ./Application/User/MbMux/radio_mbwrapper.o
LOAD ./Application/User/Startup/startup_stm32wl55jcix.o
LOAD ./Application/User/SubGHz_Phy/App/app_subghz_phy.o
LOAD ./Application/User/SubGHz_Phy/App/subghz_phy_app.o
LOAD ./Drivers/BSP/STM32WLxx_Nucleo/stm32wlxx_nucleo.o
LOAD ./Drivers/BSP/STM32WLxx_Nucleo/stm32wlxx_nucleo_radio.o
LOAD ./Drivers/CMSIS/system_stm32wlxx.o
LOAD ./Drivers/STM32WLxx_HAL_Driver/stm32wlxx_hal.o
LOAD ./Drivers/STM32WLxx_HAL_Driver/stm32wlxx_hal_cortex.o
LOAD ./Drivers/STM32WLxx_HAL_Driver/stm32wlxx_hal_dma.o
LOAD ./Drivers/STM32WLxx_HAL_Driver/stm32wlxx_hal_dma_ex.o
LOAD ./Drivers/STM32WLxx_HAL_Driver/stm32wlxx_hal_exti.o
LOAD ./Drivers/STM32WLxx_HAL_Driver/stm32wlxx_hal_flash.o
LOAD ./Drivers/STM32WLxx_HAL_Driver/stm32wlxx_hal_flash_ex.o
LOAD ./Drivers/STM32WLxx_HAL_Driver/stm32wlxx_hal_gpio.o
LOAD ./Drivers/STM32WLxx_HAL_Driver/stm32wlxx_hal_ipcc.o
LOAD ./Drivers/STM32WLxx_HAL_Driver/stm32wlxx_hal_pwr.o
LOAD ./Drivers/STM32WLxx_HAL_Driver/stm32wlxx_hal_pwr_ex.o
LOAD ./Drivers/STM32WLxx_HAL_Driver/stm32wlxx_hal_rcc.o
LOAD ./Drivers/STM32WLxx_HAL_Driver/stm32wlxx_hal_rcc_ex.o
LOAD ./Drivers/STM32WLxx_HAL_Driver/stm32wlxx_hal_rtc.o
LOAD ./Drivers/STM32WLxx_HAL_Driver/stm32wlxx_hal_rtc_ex.o
LOAD ./Drivers/STM32WLxx_HAL_Driver/stm32wlxx_hal_tim.o
LOAD ./Drivers/STM32WLxx_HAL_Driver/stm32wlxx_hal_tim_ex.o
LOAD ./Drivers/STM32WLxx_HAL_Driver/stm32wlxx_hal_uart.o
LOAD ./Drivers/STM32WLxx_HAL_Driver/stm32wlxx_hal_uart_ex.o
LOAD ./Utilities/stm32_adv_trace.o
LOAD ./Utilities/stm32_lpm.o
LOAD ./Utilities/stm32_mem.o
LOAD ./Utilities/stm32_seq.o
LOAD ./Utilities/stm32_systime.o
LOAD ./Utilities/stm32_timer.o
LOAD ./Utilities/stm32_tiny_sscanf.o
LOAD ./Utilities/stm32_tiny_vsnprintf.o
START GROUP
LOAD C:/ST/STM32CubeIDE_1.19.0/STM32CubeIDE/plugins/com.st.stm32cube.ide.mcu.externaltools.gnu-tools-for-stm32.13.3.rel1.win32_1.0.0.202411081344/tools/bin/../lib/gcc/arm-none-eabi/13.3.1/../../../../arm-none-eabi/lib/thumb/v7e-m/nofp\libc_nano.a
LOAD C:/ST/STM32CubeIDE_1.19.0/STM32CubeIDE/plugins/com.st.stm32cube.ide.mcu.externaltools.gnu-tools-for-stm32.13.3.rel1.win32_1.0.0.202411081344/tools/bin/../lib/gcc/arm-none-eabi/13.3.1/../../../../arm-none-eabi/lib/thumb/v7e-m/nofp\libm.a
END GROUP
START GROUP
LOAD C:/ST/STM32CubeIDE_1.19.0/STM32CubeIDE/plugins/com.st.stm32cube.ide.mcu.externaltools.gnu-tools-for-stm32.13.3.rel1.win32_1.0.0.202411081344/tools/bin/../lib/gcc/arm-none-eabi/13.3.1/thumb/v7e-m/nofp\libgcc.a
LOAD C:/ST/STM32CubeIDE_1.19.0/STM32CubeIDE/plugins/com.st.stm32cube.ide.mcu.externaltools.gnu-tools-for-stm32.13.3.rel1.win32_1.0.0.202411081344/tools/bin/../lib/gcc/arm-none-eabi/13.3.1/../../../../arm-none-eabi/lib/thumb/v7e-m/nofp\libc_nano.a
END GROUP
START GROUP
LOAD C:/ST/STM32CubeIDE_1.19.0/STM32CubeIDE/plugins/com.st.stm32cube.ide.mcu.externaltools.gnu-tools-for-stm32.13.3.rel1.win32_1.0.0.202411081344/tools/bin/../lib/gcc/arm-none-eabi/13.3.1/thumb/v7e-m/nofp\libgcc.a
LOAD C:/ST/STM32CubeIDE_1.19.0/STM32CubeIDE/plugins/com.st.stm32cube.ide.mcu.externaltools.gnu-tools-for-stm32.13.3.rel1.win32_1.0.0.202411081344/tools/bin/../lib/gcc/arm-none-eabi/13.3.1/../../../../arm-none-eabi/lib/thumb/v7e-m/nofp\libc_nano.a
LOAD C:/ST/STM32CubeIDE_1.19.0/STM32CubeIDE/plugins/com.st.stm32cube.ide.mcu.externaltools.gnu-tools-for-stm32.13.3.rel1.win32_1.0.0.202411081344/tools/bin/../lib/gcc/arm-none-eabi/13.3.1/../../../../arm-none-eabi/lib/thumb/v7e-m/nofp\libnosys.a
END GROUP
START GROUP
LOAD C:/ST/STM32CubeIDE_1.19.0/STM32CubeIDE/plugins/com.st.stm32cube.ide.mcu.externaltools.gnu-tools-for-stm32.13.3.rel1.win32_1.0.0.202411081344/tools/bin/../lib/gcc/arm-none-eabi/13.3.1/thumb/v7e-m/nofp\libgcc.a
LOAD C:/ST/STM32CubeIDE_1.19.0/STM32CubeIDE/plugins/com.st.stm32cube.ide.mcu.externaltools.gnu-tools-for-stm32.13.3.rel1.win32_1.0.0.202411081344/tools/bin/../lib/gcc/arm-none-eabi/13.3.1/../../../../arm-none-eabi/lib/thumb/v7e-m/nofp\libc_nano.a
LOAD C:/ST/STM32CubeIDE_1.19.0/STM32CubeIDE/plugins/com.st.stm32cube.ide.mcu.externaltools.gnu-tools-for-stm32.13.3.rel1.win32_1.0.0.202411081344/tools/bin/../lib/gcc/arm-none-eabi/13.3.1/../../../../arm-none-eabi/lib/thumb/v7e-m/nofp\libnosys.a
END GROUP
LOAD C:/ST/STM32CubeIDE_1.19.0/STM32CubeIDE/plugins/com.st.stm32cube.ide.mcu.externaltools.gnu-tools-for-stm32.13.3.rel1.win32_1.0.0.202411081344/tools/bin/../lib/gcc/arm-none-eabi/13.3.1/thumb/v7e-m/nofp/crtend.o
LOAD C:/ST/STM32CubeIDE_1.19.0/STM32CubeIDE/plugins/com.st.stm32cube.ide.mcu.externaltools.gnu-tools-for-stm32.13.3.rel1.win32_1.0.0.202411081344/tools/bin/../lib/gcc/arm-none-eabi/13.3.1/thumb/v7e-m/nofp/crtn.o
                0x20008000                        _estack = (ORIGIN (RAM1) + LENGTH (RAM1))
                0x00000200                        _Min_Heap_Size = 0x200
                0x00000800                        _Min_Stack_Size = 0x800

.isr_vector     0x08000000      0x138
                0x08000000                        . = ALIGN (0x8)
 *(.isr_vector)
 .isr_vector    0x08000000      0x138 ./Application/User/Startup/startup_stm32wl55jcix.o
                0x08000000                g_pfnVectors
                0x08000138                        . = ALIGN (0x8)

.text           0x08000138     0x6488
                0x08000138                        . = ALIGN (0x8)
 *(.text)
 .text          0x08000138       0x40 C:/ST/STM32CubeIDE_1.19.0/STM32CubeIDE/plugins/com.st.stm32cube.ide.mcu.externaltools.gnu-tools-for-stm32.13.3.rel1.win32_1.0.0.202411081344/tools/bin/../lib/gcc/arm-none-eabi/13.3.1/thumb/v7e-m/nofp/crtbegin.o
 .text          0x08000178       0x10 C:/ST/STM32CubeIDE_1.19.0/STM32CubeIDE/plugins/com.st.stm32cube.ide.mcu.externaltools.gnu-tools-for-stm32.13.3.rel1.win32_1.0.0.202411081344/tools/bin/../lib/gcc/arm-none-eabi/13.3.1/../../../../arm-none-eabi/lib/thumb/v7e-m/nofp\libc_nano.a(libc_a-strlen.o)
                0x08000178                strlen
 .text          0x08000188       0x30 C:/ST/STM32CubeIDE_1.19.0/STM32CubeIDE/plugins/com.st.stm32cube.ide.mcu.externaltools.gnu-tools-for-stm32.13.3.rel1.win32_1.0.0.202411081344/tools/bin/../lib/gcc/arm-none-eabi/13.3.1/thumb/v7e-m/nofp\libgcc.a(_aeabi_uldivmod.o)
                0x08000188                __aeabi_uldivmod
 .text          0x080001b8      0x2f8 C:/ST/STM32CubeIDE_1.19.0/STM32CubeIDE/plugins/com.st.stm32cube.ide.mcu.externaltools.gnu-tools-for-stm32.13.3.rel1.win32_1.0.0.202411081344/tools/bin/../lib/gcc/arm-none-eabi/13.3.1/thumb/v7e-m/nofp\libgcc.a(_udivmoddi4.o)
                0x080001b8                __udivmoddi4
 .text          0x080004b0        0x4 C:/ST/STM32CubeIDE_1.19.0/STM32CubeIDE/plugins/com.st.stm32cube.ide.mcu.externaltools.gnu-tools-for-stm32.13.3.rel1.win32_1.0.0.202411081344/tools/bin/../lib/gcc/arm-none-eabi/13.3.1/thumb/v7e-m/nofp\libgcc.a(_dvmd_tls.o)
                0x080004b0                __aeabi_idiv0
                0x080004b0                __aeabi_ldiv0
 *(.text*)
 .text.DBG_Init
                0x080004b4       0x88 ./Application/User/Common/System/sys_debug.o
                0x080004b4                DBG_Init
 .text.MX_DMA_Init
                0x0800053c       0x42 ./Application/User/Core/dma.o
                0x0800053c                MX_DMA_Init
 *fill*         0x0800057e        0x2 
 .text.MX_GPIO_Init
                0x08000580       0x90 ./Application/User/Core/gpio.o
                0x08000580                MX_GPIO_Init
 .text.MX_IPCC_Init
                0x08000610       0x20 ./Application/User/Core/ipcc.o
                0x08000610                MX_IPCC_Init
 .text.HAL_IPCC_MspInit
                0x08000630       0x50 ./Application/User/Core/ipcc.o
                0x08000630                HAL_IPCC_MspInit
 .text.IpccIfIsrTxCb
                0x08000680       0x10 ./Application/User/Core/ipcc_if.o
 .text.IpccIfIsrRxCb
                0x08000690       0x10 ./Application/User/Core/ipcc_if.o
 .text.IPCC_IF_Init
                0x080006a0       0x68 ./Application/User/Core/ipcc_if.o
                0x080006a0                IPCC_IF_Init
 .text.IPCC_IF_CommandSnd
                0x08000708       0x1c ./Application/User/Core/ipcc_if.o
                0x08000708                IPCC_IF_CommandSnd
 .text.IPCC_IF_AcknowledgeSnd
                0x08000724       0x1c ./Application/User/Core/ipcc_if.o
                0x08000724                IPCC_IF_AcknowledgeSnd
 .text.Error_Handler
                0x08000740        0x4 ./Application/User/Core/main.o
                0x08000740                Error_Handler
 .text.SystemClock_Config
                0x08000744       0x90 ./Application/User/Core/main.o
                0x08000744                SystemClock_Config
 .text.main     0x080007d4       0x18 ./Application/User/Core/main.o
                0x080007d4                main
 .text.PWR_EnterOffMode
                0x080007ec        0x2 ./Application/User/Core/stm32_lpm_if.o
                0x080007ec                PWR_EnterOffMode
 .text.PWR_ExitOffMode
                0x080007ee        0x2 ./Application/User/Core/stm32_lpm_if.o
                0x080007ee                PWR_ExitOffMode
 .text.PWR_EnterStopMode
                0x080007f0       0x18 ./Application/User/Core/stm32_lpm_if.o
                0x080007f0                PWR_EnterStopMode
 .text.PWR_ExitSleepMode
                0x08000808        0x8 ./Application/User/Core/stm32_lpm_if.o
                0x08000808                PWR_ExitSleepMode
 .text.PWR_ExitStopMode
                0x08000810        0xc ./Application/User/Core/stm32_lpm_if.o
                0x08000810                PWR_ExitStopMode
 .text.PWR_EnterSleepMode
                0x0800081c       0x10 ./Application/User/Core/stm32_lpm_if.o
                0x0800081c                PWR_EnterSleepMode
 .text.HAL_MspInit
                0x0800082c        0x2 ./Application/User/Core/stm32wlxx_hal_msp.o
                0x0800082c                HAL_MspInit
 .text.NMI_Handler
                0x0800082e        0x2 ./Application/User/Core/stm32wlxx_it.o
                0x0800082e                NMI_Handler
 .text.HardFault_Handler
                0x08000830        0x2 ./Application/User/Core/stm32wlxx_it.o
                0x08000830                HardFault_Handler
 .text.MemManage_Handler
                0x08000832        0x2 ./Application/User/Core/stm32wlxx_it.o
                0x08000832                MemManage_Handler
 .text.BusFault_Handler
                0x08000834        0x2 ./Application/User/Core/stm32wlxx_it.o
                0x08000834                BusFault_Handler
 .text.UsageFault_Handler
                0x08000836        0x2 ./Application/User/Core/stm32wlxx_it.o
                0x08000836                UsageFault_Handler
 .text.SVC_Handler
                0x08000838        0x2 ./Application/User/Core/stm32wlxx_it.o
                0x08000838                SVC_Handler
 .text.DebugMon_Handler
                0x0800083a        0x2 ./Application/User/Core/stm32wlxx_it.o
                0x0800083a                DebugMon_Handler
 .text.PendSV_Handler
                0x0800083c        0x2 ./Application/User/Core/stm32wlxx_it.o
                0x0800083c                PendSV_Handler
 .text.SysTick_Handler
                0x0800083e        0x2 ./Application/User/Core/stm32wlxx_it.o
                0x0800083e                SysTick_Handler
 .text.DMA1_Channel5_IRQHandler
                0x08000840       0x10 ./Application/User/Core/stm32wlxx_it.o
                0x08000840                DMA1_Channel5_IRQHandler
 .text.USART2_IRQHandler
                0x08000850       0x10 ./Application/User/Core/stm32wlxx_it.o
                0x08000850                USART2_IRQHandler
 .text.IPCC_C1_RX_IRQHandler
                0x08000860       0x10 ./Application/User/Core/stm32wlxx_it.o
                0x08000860                IPCC_C1_RX_IRQHandler
 .text.IPCC_C1_TX_IRQHandler
                0x08000870       0x10 ./Application/User/Core/stm32wlxx_it.o
                0x08000870                IPCC_C1_TX_IRQHandler
 .text.tiny_snprintf_like
                0x08000880       0x1c ./Application/User/Core/sys_app.o
 .text.TimestampNow
                0x0800089c       0x30 ./Application/User/Core/sys_app.o
 .text.MBMUXIF_Init
                0x080008cc       0xd0 ./Application/User/Core/sys_app.o
 .text.SystemApp_Init
                0x0800099c       0x48 ./Application/User/Core/sys_app.o
                0x0800099c                SystemApp_Init
 .text.Process_Sys_Notif
                0x080009e4       0x3c ./Application/User/Core/sys_app.o
                0x080009e4                Process_Sys_Notif
 .text.UTIL_SEQ_EvtIdle
                0x08000a20        0xa ./Application/User/Core/sys_app.o
                0x08000a20                UTIL_SEQ_EvtIdle
 .text.UTIL_SEQ_Idle
                0x08000a2a        0x8 ./Application/User/Core/sys_app.o
                0x08000a2a                UTIL_SEQ_Idle
 .text.UTIL_ADV_TRACE_PreSendHook
                0x08000a32        0xc ./Application/User/Core/sys_app.o
                0x08000a32                UTIL_ADV_TRACE_PreSendHook
 .text.UTIL_ADV_TRACE_PostSendHook
                0x08000a3e        0xc ./Application/User/Core/sys_app.o
                0x08000a3e                UTIL_ADV_TRACE_PostSendHook
 .text.HAL_InitTick
                0x08000a4a        0x4 ./Application/User/Core/sys_app.o
                0x08000a4a                HAL_InitTick
 *fill*         0x08000a4e        0x2 
 .text.HAL_GetTick
                0x08000a50       0x18 ./Application/User/Core/sys_app.o
                0x08000a50                HAL_GetTick
 .text.HAL_Delay
                0x08000a68       0x12 ./Application/User/Core/sys_app.o
                0x08000a68                HAL_Delay
 *fill*         0x08000a7a        0x2 
 .text.TIMER_IF_SetTimerContext
                0x08000a7c       0x24 ./Application/User/Core/timer_if.o
                0x08000a7c                TIMER_IF_SetTimerContext
 .text.TIMER_IF_GetTimerContext
                0x08000aa0        0xc ./Application/User/Core/timer_if.o
                0x08000aa0                TIMER_IF_GetTimerContext
 .text.TIMER_IF_GetTimerElapsedTime
                0x08000aac       0x24 ./Application/User/Core/timer_if.o
                0x08000aac                TIMER_IF_GetTimerElapsedTime
 .text.TIMER_IF_GetTimerValue
                0x08000ad0       0x28 ./Application/User/Core/timer_if.o
                0x08000ad0                TIMER_IF_GetTimerValue
 .text.TIMER_IF_GetMinimumTimeout
                0x08000af8        0x4 ./Application/User/Core/timer_if.o
                0x08000af8                TIMER_IF_GetMinimumTimeout
 .text.TIMER_IF_Convert_ms2Tick
                0x08000afc       0x14 ./Application/User/Core/timer_if.o
                0x08000afc                TIMER_IF_Convert_ms2Tick
 .text.TIMER_IF_Convert_Tick2ms
                0x08000b10       0x28 ./Application/User/Core/timer_if.o
                0x08000b10                TIMER_IF_Convert_Tick2ms
 .text.TIMER_IF_Init
                0x08000b38       0x2c ./Application/User/Core/timer_if.o
                0x08000b38                TIMER_IF_Init
 .text.TIMER_IF_StopTimer
                0x08000b64       0x20 ./Application/User/Core/timer_if.o
                0x08000b64                TIMER_IF_StopTimer
 .text.TIMER_IF_StartTimer
                0x08000b84       0x50 ./Application/User/Core/timer_if.o
                0x08000b84                TIMER_IF_StartTimer
 .text.TIMER_IF_BkUp_Read_MSBticks
                0x08000bd4       0x10 ./Application/User/Core/timer_if.o
 .text.TIMER_IF_GetTime
                0x08000be4       0x38 ./Application/User/Core/timer_if.o
                0x08000be4                TIMER_IF_GetTime
 .text.TIMER_IF_BkUp_Read_Seconds
                0x08000c1c       0x10 ./Application/User/Core/timer_if.o
                0x08000c1c                TIMER_IF_BkUp_Read_Seconds
 .text.TIMER_IF_BkUp_Read_SubSeconds
                0x08000c2c       0x10 ./Application/User/Core/timer_if.o
                0x08000c2c                TIMER_IF_BkUp_Read_SubSeconds
 .text.TIMER_IF_BkUp_Write_Seconds
                0x08000c3c       0x14 ./Application/User/Core/timer_if.o
                0x08000c3c                TIMER_IF_BkUp_Write_Seconds
 .text.TIMER_IF_BkUp_Write_SubSeconds
                0x08000c50       0x14 ./Application/User/Core/timer_if.o
                0x08000c50                TIMER_IF_BkUp_Write_SubSeconds
 .text.TIMER_IF_DelayMs
                0x08000c64       0x3c ./Application/User/Core/timer_if.o
                0x08000c64                TIMER_IF_DelayMs
 .text.MX_USART2_UART_Init
                0x08000ca0       0x68 ./Application/User/Core/usart.o
                0x08000ca0                MX_USART2_UART_Init
 .text.HAL_UART_MspInit
                0x08000d08       0xe4 ./Application/User/Core/usart.o
                0x08000d08                HAL_UART_MspInit
 .text.HAL_UART_MspDeInit
                0x08000dec       0x38 ./Application/User/Core/usart.o
                0x08000dec                HAL_UART_MspDeInit
 .text.vcom_Init
                0x08000e24       0x28 ./Application/User/Core/usart_if.o
                0x08000e24                vcom_Init
 .text.vcom_DeInit
                0x08000e4c       0x2c ./Application/User/Core/usart_if.o
                0x08000e4c                vcom_DeInit
 .text.vcom_Trace_DMA
                0x08000e78       0x14 ./Application/User/Core/usart_if.o
                0x08000e78                vcom_Trace_DMA
 .text.vcom_ReceiveInit
                0x08000e8c       0x5c ./Application/User/Core/usart_if.o
                0x08000e8c                vcom_ReceiveInit
 .text.vcom_Resume
                0x08000ee8       0x28 ./Application/User/Core/usart_if.o
                0x08000ee8                vcom_Resume
 .text.HAL_UART_TxCpltCallback
                0x08000f10       0x20 ./Application/User/Core/usart_if.o
                0x08000f10                HAL_UART_TxCpltCallback
 .text.HAL_UART_RxCpltCallback
                0x08000f30       0x38 ./Application/User/Core/usart_if.o
                0x08000f30                HAL_UART_RxCpltCallback
 .text.MBMUX_CheckIfFeatureSupportedByCm0plus
                0x08000f68       0x48 ./Application/User/MbMux/mbmux.o
 .text.MBMUX_IsrResponseRcvCb
                0x08000fb0       0x1c ./Application/User/MbMux/mbmux.o
 .text.MBMUX_IsrNotificationRcvCb
                0x08000fcc       0x24 ./Application/User/MbMux/mbmux.o
 .text.MBMUX_FindChStillUnregistered
                0x08000ff0       0x84 ./Application/User/MbMux/mbmux.o
 .text.MBMUX_GetFeatureChIdx
                0x08001074       0x14 ./Application/User/MbMux/mbmux.o
 .text.MBMUX_IsrNotRegistered
                0x08001088        0x8 ./Application/User/MbMux/mbmux.o
 .text.MBMUX_Init
                0x08001090       0x7c ./Application/User/MbMux/mbmux.o
                0x08001090                MBMUX_Init
 .text.MBMUX_SetCm0plusFeatureListPtr
                0x0800110c        0xc ./Application/User/MbMux/mbmux.o
                0x0800110c                MBMUX_SetCm0plusFeatureListPtr
 .text.MBMUX_RegisterFeature
                0x08001118       0xa8 ./Application/User/MbMux/mbmux.o
                0x08001118                MBMUX_RegisterFeature
 .text.MBMUX_GetFeatureComPtr
                0x080011c0       0x34 ./Application/User/MbMux/mbmux.o
                0x080011c0                MBMUX_GetFeatureComPtr
 .text.MBMUX_CommandSnd
                0x080011f4       0x30 ./Application/User/MbMux/mbmux.o
                0x080011f4                MBMUX_CommandSnd
 .text.MBMUX_AcknowledgeSnd
                0x08001224        0xe ./Application/User/MbMux/mbmux.o
                0x08001224                MBMUX_AcknowledgeSnd
 *fill*         0x08001232        0x2 
 .text.MBMUXIF_TaskRadioNotifRcv
                0x08001234       0x10 ./Application/User/MbMux/mbmuxif_radio.o
 .text.MBMUXIF_IsrRadioNotifRcvCb
                0x08001244       0x14 ./Application/User/MbMux/mbmuxif_radio.o
 .text.MBMUXIF_IsrRadioRespRcvCb
                0x08001258        0xa ./Application/User/MbMux/mbmuxif_radio.o
 *fill*         0x08001262        0x2 
 .text.MBMUXIF_RadioInit
                0x08001264       0x80 ./Application/User/MbMux/mbmuxif_radio.o
                0x08001264                MBMUXIF_RadioInit
 .text.MBMUXIF_GetRadioFeatureCmdComPtr
                0x080012e4       0x18 ./Application/User/MbMux/mbmuxif_radio.o
                0x080012e4                MBMUXIF_GetRadioFeatureCmdComPtr
 .text.MBMUXIF_RadioSendCmd
                0x080012fc       0x18 ./Application/User/MbMux/mbmuxif_radio.o
                0x080012fc                MBMUXIF_RadioSendCmd
 .text.MBMUXIF_IsrSystemPrioARespRcvCb
                0x08001314        0x2 ./Application/User/MbMux/mbmuxif_sys.o
 .text.MBMUXIF_IsrSystemPrioBRespRcvCb
                0x08001316        0x2 ./Application/User/MbMux/mbmuxif_sys.o
 .text.MBMUXIF_IsrSystemPrioBNotifRcvCb
                0x08001318        0x2 ./Application/User/MbMux/mbmuxif_sys.o
 *fill*         0x0800131a        0x2 
 .text.MBMUXIF_TaskSystemNotifRcv
                0x0800131c       0x10 ./Application/User/MbMux/mbmuxif_sys.o
 .text.MBMUXIF_IsrSystemNotifRcvCb
                0x0800132c       0x14 ./Application/User/MbMux/mbmuxif_sys.o
 .text.MBMUXIF_IsrSystemRespRcvCb
                0x08001340       0x20 ./Application/User/MbMux/mbmuxif_sys.o
 .text.MBMUXIF_SetCpusSynchroFlag
                0x08001360       0x10 ./Application/User/MbMux/mbmuxif_sys.o
                0x08001360                MBMUXIF_SetCpusSynchroFlag
 .text.MBMUXIF_SystemInit
                0x08001370      0x168 ./Application/User/MbMux/mbmuxif_sys.o
                0x08001370                MBMUXIF_SystemInit
 .text.MBMUXIF_WaitCm0MbmuxIsInitialized
                0x080014d8       0x18 ./Application/User/MbMux/mbmuxif_sys.o
                0x080014d8                MBMUXIF_WaitCm0MbmuxIsInitialized
 .text.MBMUXIF_GetSystemFeatureCmdComPtr
                0x080014f0       0x16 ./Application/User/MbMux/mbmuxif_sys.o
                0x080014f0                MBMUXIF_GetSystemFeatureCmdComPtr
 *fill*         0x08001506        0x2 
 .text.MBMUXIF_SystemSendCmd
                0x08001508       0x38 ./Application/User/MbMux/mbmuxif_sys.o
                0x08001508                MBMUXIF_SystemSendCmd
 .text.MBMUXIF_SystemSendAck
                0x08001540       0x10 ./Application/User/MbMux/mbmuxif_sys.o
                0x08001540                MBMUXIF_SystemSendAck
 .text.MBMUXIF_IsrSystemPrioANotifRcvCb
                0x08001550        0xe ./Application/User/MbMux/mbmuxif_sys.o
 .text.MBMUXIF_SystemSendCm0plusInfoListReq
                0x0800155e       0x1e ./Application/User/MbMux/mbmuxif_sys.o
                0x0800155e                MBMUXIF_SystemSendCm0plusInfoListReq
 .text.MBMUXIF_SystemGetFeatCapabInfoPtr
                0x0800157c       0x40 ./Application/User/MbMux/mbmuxif_sys.o
                0x0800157c                MBMUXIF_SystemGetFeatCapabInfoPtr
 .text.MBMUXIF_SystemSendCm0plusRegistrationCmd
                0x080015bc       0x28 ./Application/User/MbMux/mbmuxif_sys.o
                0x080015bc                MBMUXIF_SystemSendCm0plusRegistrationCmd
 .text.MBMUXIF_SystemPrio_Add
                0x080015e4       0x8c ./Application/User/MbMux/mbmuxif_sys.o
                0x080015e4                MBMUXIF_SystemPrio_Add
 .text.MBMUXIF_TraceInit
                0x08001670       0x38 ./Application/User/MbMux/mbmuxif_trace.o
                0x08001670                MBMUXIF_TraceInit
 .text.MBMUXIF_TraceSendAck
                0x080016a8       0x12 ./Application/User/MbMux/mbmuxif_trace.o
                0x080016a8                MBMUXIF_TraceSendAck
 .text.MBMUXIF_IsrTraceNotifRcvCb
                0x080016ba       0x20 ./Application/User/MbMux/mbmuxif_trace.o
 .text.RadioSetTxGenericConfig
                0x080016da       0x32 ./Application/User/MbMux/radio_mbwrapper.o
 .text.RadioSetRxGenericConfig
                0x0800170c       0x32 ./Application/User/MbMux/radio_mbwrapper.o
 .text.RadioIrqProcess
                0x0800173e       0x14 ./Application/User/MbMux/radio_mbwrapper.o
 .text.RadioGetWakeUpTime
                0x08001752       0x18 ./Application/User/MbMux/radio_mbwrapper.o
 .text.RadioStartCad
                0x0800176a       0x14 ./Application/User/MbMux/radio_mbwrapper.o
 .text.RadioStandby
                0x0800177e       0x14 ./Application/User/MbMux/radio_mbwrapper.o
 .text.RadioSleep
                0x08001792       0x14 ./Application/User/MbMux/radio_mbwrapper.o
 .text.RadioRandom
                0x080017a6       0x18 ./Application/User/MbMux/radio_mbwrapper.o
 .text.RadioGetStatus
                0x080017be       0x18 ./Application/User/MbMux/radio_mbwrapper.o
 .text.RadioTxCw
                0x080017d6       0x1a ./Application/User/MbMux/radio_mbwrapper.o
 .text.RadioTxPrbs
                0x080017f0       0x14 ./Application/User/MbMux/radio_mbwrapper.o
 .text.RadioSetRxDutyCycle
                0x08001804       0x1e ./Application/User/MbMux/radio_mbwrapper.o
 .text.RadioRxBoosted
                0x08001822       0x1a ./Application/User/MbMux/radio_mbwrapper.o
 .text.RadioSetPublicNetwork
                0x0800183c       0x1a ./Application/User/MbMux/radio_mbwrapper.o
 .text.RadioSetMaxPayloadLength
                0x08001856       0x1e ./Application/User/MbMux/radio_mbwrapper.o
 .text.RadioReadRegisters
                0x08001874       0x22 ./Application/User/MbMux/radio_mbwrapper.o
 .text.RadioWriteRegisters
                0x08001896       0x22 ./Application/User/MbMux/radio_mbwrapper.o
 .text.RadioRead
                0x080018b8       0x1e ./Application/User/MbMux/radio_mbwrapper.o
 .text.RadioWrite
                0x080018d6       0x1e ./Application/User/MbMux/radio_mbwrapper.o
 .text.RadioRssi
                0x080018f4       0x20 ./Application/User/MbMux/radio_mbwrapper.o
 .text.RadioSetTxContinuousWave
                0x08001914       0x22 ./Application/User/MbMux/radio_mbwrapper.o
 .text.RadioRx  0x08001936       0x1a ./Application/User/MbMux/radio_mbwrapper.o
 .text.RadioSend
                0x08001950       0x22 ./Application/User/MbMux/radio_mbwrapper.o
 .text.RadioGetTimeOnAir
                0x08001972       0x4a ./Application/User/MbMux/radio_mbwrapper.o
 .text.RadioCheckRfFrequency
                0x080019bc       0x24 ./Application/User/MbMux/radio_mbwrapper.o
 .text.RadioSetTxConfig
                0x080019e0       0x5e ./Application/User/MbMux/radio_mbwrapper.o
 .text.RadioSetRxConfig
                0x08001a3e       0x66 ./Application/User/MbMux/radio_mbwrapper.o
 .text.RadioIsChannelFree
                0x08001aa4       0x36 ./Application/User/MbMux/radio_mbwrapper.o
 .text.RadioSetChannel
                0x08001ada       0x1a ./Application/User/MbMux/radio_mbwrapper.o
 .text.RadioSetModem
                0x08001af4       0x1a ./Application/User/MbMux/radio_mbwrapper.o
 *fill*         0x08001b0e        0x2 
 .text.RadioInit
                0x08001b10       0x40 ./Application/User/MbMux/radio_mbwrapper.o
 .text.Process_Radio_Notif
                0x08001b50       0xac ./Application/User/MbMux/radio_mbwrapper.o
                0x08001b50                Process_Radio_Notif
 .text.data_initializers
                0x08001bfc       0x18 ./Application/User/Startup/startup_stm32wl55jcix.o
 .text.Reset_Handler
                0x08001c14       0x64 ./Application/User/Startup/startup_stm32wl55jcix.o
                0x08001c14                Reset_Handler
 .text.Default_Handler
                0x08001c78        0x2 ./Application/User/Startup/startup_stm32wl55jcix.o
                0x08001c78                RTC_Alarm_IRQHandler
                0x08001c78                EXTI2_IRQHandler
                0x08001c78                TIM1_CC_IRQHandler
                0x08001c78                EXTI3_IRQHandler
                0x08001c78                LPTIM2_IRQHandler
                0x08001c78                I2C3_ER_IRQHandler
                0x08001c78                LPTIM3_IRQHandler
                0x08001c78                EXTI0_IRQHandler
                0x08001c78                I2C2_EV_IRQHandler
                0x08001c78                TAMP_STAMP_LSECSS_SSRU_IRQHandler
                0x08001c78                SPI1_IRQHandler
                0x08001c78                DMA2_Channel2_IRQHandler
                0x08001c78                DMA1_Channel4_IRQHandler
                0x08001c78                PKA_IRQHandler
                0x08001c78                TIM17_IRQHandler
                0x08001c78                DMA1_Channel7_IRQHandler
                0x08001c78                SUBGHZSPI_IRQHandler
                0x08001c78                DMA2_Channel1_IRQHandler
                0x08001c78                I2C1_EV_IRQHandler
                0x08001c78                SUBGHZ_Radio_IRQHandler
                0x08001c78                DMAMUX1_OVR_IRQHandler
                0x08001c78                DMA1_Channel6_IRQHandler
                0x08001c78                TIM16_IRQHandler
                0x08001c78                DMA2_Channel4_IRQHandler
                0x08001c78                RCC_IRQHandler
                0x08001c78                TIM1_TRG_COM_IRQHandler
                0x08001c78                DMA1_Channel1_IRQHandler
                0x08001c78                Default_Handler
                0x08001c78                DMA2_Channel7_IRQHandler
                0x08001c78                EXTI15_10_IRQHandler
                0x08001c78                ADC_IRQHandler
                0x08001c78                C2SEV_PWR_C2H_IRQHandler
                0x08001c78                I2C3_EV_IRQHandler
                0x08001c78                EXTI9_5_IRQHandler
                0x08001c78                RTC_WKUP_IRQHandler
                0x08001c78                PVD_PVM_IRQHandler
                0x08001c78                SPI2_IRQHandler
                0x08001c78                DMA2_Channel5_IRQHandler
                0x08001c78                EXTI4_IRQHandler
                0x08001c78                RNG_IRQHandler
                0x08001c78                DMA1_Channel3_IRQHandler
                0x08001c78                COMP_IRQHandler
                0x08001c78                HSEM_IRQHandler
                0x08001c78                TIM1_UP_IRQHandler
                0x08001c78                WWDG_IRQHandler
                0x08001c78                LPUART1_IRQHandler
                0x08001c78                DMA2_Channel6_IRQHandler
                0x08001c78                TIM2_IRQHandler
                0x08001c78                TIM1_BRK_IRQHandler
                0x08001c78                DAC_IRQHandler
                0x08001c78                EXTI1_IRQHandler
                0x08001c78                AES_IRQHandler
                0x08001c78                I2C2_ER_IRQHandler
                0x08001c78                DMA1_Channel2_IRQHandler
                0x08001c78                FLASH_IRQHandler
                0x08001c78                USART1_IRQHandler
                0x08001c78                I2C1_ER_IRQHandler
                0x08001c78                LPTIM1_IRQHandler
                0x08001c78                DMA2_Channel3_IRQHandler
 .text.MX_SubGHz_Phy_Init
                0x08001c7a        0xc ./Application/User/SubGHz_Phy/App/app_subghz_phy.o
                0x08001c7a                MX_SubGHz_Phy_Init
 .text.MX_SubGHz_Phy_Process
                0x08001c86        0xc ./Application/User/SubGHz_Phy/App/app_subghz_phy.o
                0x08001c86                MX_SubGHz_Phy_Process
 *fill*         0x08001c92        0x2 
 .text.OnledEvent
                0x08001c94       0x28 ./Application/User/SubGHz_Phy/App/subghz_phy_app.o
 .text.PingPong_Process
                0x08001cbc      0x220 ./Application/User/SubGHz_Phy/App/subghz_phy_app.o
 .text.OnRxError
                0x08001edc       0x28 ./Application/User/SubGHz_Phy/App/subghz_phy_app.o
 .text.OnRxTimeout
                0x08001f04       0x24 ./Application/User/SubGHz_Phy/App/subghz_phy_app.o
 .text.OnTxTimeout
                0x08001f28       0x28 ./Application/User/SubGHz_Phy/App/subghz_phy_app.o
 .text.OnRxDone
                0x08001f50       0xdc ./Application/User/SubGHz_Phy/App/subghz_phy_app.o
 .text.OnTxDone
                0x0800202c       0x28 ./Application/User/SubGHz_Phy/App/subghz_phy_app.o
 .text.SubghzApp_Init
                0x08002054      0x1d8 ./Application/User/SubGHz_Phy/App/subghz_phy_app.o
                0x08002054                SubghzApp_Init
 .text.SystemInit
                0x0800222c        0x2 ./Drivers/CMSIS/system_stm32wlxx.o
                0x0800222c                SystemInit
 *fill*         0x0800222e        0x2 
 .text.HAL_Init
                0x08002230       0x2c ./Drivers/STM32WLxx_HAL_Driver/stm32wlxx_hal.o
                0x08002230                HAL_Init
 .text.HAL_SuspendTick
                0x0800225c        0xe ./Drivers/STM32WLxx_HAL_Driver/stm32wlxx_hal.o
                0x0800225c                HAL_SuspendTick
 .text.HAL_ResumeTick
                0x0800226a        0xe ./Drivers/STM32WLxx_HAL_Driver/stm32wlxx_hal.o
                0x0800226a                HAL_ResumeTick
 .text.HAL_DBGMCU_DisableDBGSleepMode
                0x08002278       0x10 ./Drivers/STM32WLxx_HAL_Driver/stm32wlxx_hal.o
                0x08002278                HAL_DBGMCU_DisableDBGSleepMode
 .text.HAL_DBGMCU_DisableDBGStopMode
                0x08002288       0x10 ./Drivers/STM32WLxx_HAL_Driver/stm32wlxx_hal.o
                0x08002288                HAL_DBGMCU_DisableDBGStopMode
 .text.HAL_DBGMCU_DisableDBGStandbyMode
                0x08002298       0x10 ./Drivers/STM32WLxx_HAL_Driver/stm32wlxx_hal.o
                0x08002298                HAL_DBGMCU_DisableDBGStandbyMode
 .text.__NVIC_EnableIRQ
                0x080022a8       0x1c ./Drivers/STM32WLxx_HAL_Driver/stm32wlxx_hal_cortex.o
 .text.__NVIC_DisableIRQ
                0x080022c4       0x24 ./Drivers/STM32WLxx_HAL_Driver/stm32wlxx_hal_cortex.o
 .text.__NVIC_SetPriority
                0x080022e8       0x28 ./Drivers/STM32WLxx_HAL_Driver/stm32wlxx_hal_cortex.o
 .text.NVIC_EncodePriority
                0x08002310       0x3e ./Drivers/STM32WLxx_HAL_Driver/stm32wlxx_hal_cortex.o
 *fill*         0x0800234e        0x2 
 .text.HAL_NVIC_SetPriorityGrouping
                0x08002350       0x24 ./Drivers/STM32WLxx_HAL_Driver/stm32wlxx_hal_cortex.o
                0x08002350                HAL_NVIC_SetPriorityGrouping
 .text.HAL_NVIC_SetPriority
                0x08002374       0x20 ./Drivers/STM32WLxx_HAL_Driver/stm32wlxx_hal_cortex.o
                0x08002374                HAL_NVIC_SetPriority
 .text.HAL_NVIC_EnableIRQ
                0x08002394        0x8 ./Drivers/STM32WLxx_HAL_Driver/stm32wlxx_hal_cortex.o
                0x08002394                HAL_NVIC_EnableIRQ
 .text.HAL_NVIC_DisableIRQ
                0x0800239c        0x8 ./Drivers/STM32WLxx_HAL_Driver/stm32wlxx_hal_cortex.o
                0x0800239c                HAL_NVIC_DisableIRQ
 .text.DMA_SetConfig
                0x080023a4       0x4e ./Drivers/STM32WLxx_HAL_Driver/stm32wlxx_hal_dma.o
 *fill*         0x080023f2        0x2 
 .text.DMA_CalcDMAMUXChannelBaseAndMask
                0x080023f4       0x64 ./Drivers/STM32WLxx_HAL_Driver/stm32wlxx_hal_dma.o
 .text.DMA_CalcDMAMUXRequestGenBaseAndMask
                0x08002458       0x2c ./Drivers/STM32WLxx_HAL_Driver/stm32wlxx_hal_dma.o
 .text.HAL_DMA_Init
                0x08002484       0xe0 ./Drivers/STM32WLxx_HAL_Driver/stm32wlxx_hal_dma.o
                0x08002484                HAL_DMA_Init
 .text.HAL_DMA_DeInit
                0x08002564       0xb8 ./Drivers/STM32WLxx_HAL_Driver/stm32wlxx_hal_dma.o
                0x08002564                HAL_DMA_DeInit
 .text.HAL_DMA_Start_IT
                0x0800261c       0x98 ./Drivers/STM32WLxx_HAL_Driver/stm32wlxx_hal_dma.o
                0x0800261c                HAL_DMA_Start_IT
 .text.HAL_DMA_Abort
                0x080026b4       0x74 ./Drivers/STM32WLxx_HAL_Driver/stm32wlxx_hal_dma.o
                0x080026b4                HAL_DMA_Abort
 .text.HAL_DMA_Abort_IT
                0x08002728       0x72 ./Drivers/STM32WLxx_HAL_Driver/stm32wlxx_hal_dma.o
                0x08002728                HAL_DMA_Abort_IT
 *fill*         0x0800279a        0x2 
 .text.HAL_DMA_IRQHandler
                0x0800279c       0xe8 ./Drivers/STM32WLxx_HAL_Driver/stm32wlxx_hal_dma.o
                0x0800279c                HAL_DMA_IRQHandler
 .text.HAL_DMA_ConfigChannelAttributes
                0x08002884       0x26 ./Drivers/STM32WLxx_HAL_Driver/stm32wlxx_hal_dma.o
                0x08002884                HAL_DMA_ConfigChannelAttributes
 *fill*         0x080028aa        0x2 
 .text.HAL_FLASH_Unlock
                0x080028ac       0x30 ./Drivers/STM32WLxx_HAL_Driver/stm32wlxx_hal_flash.o
                0x080028ac                HAL_FLASH_Unlock
 .text.HAL_FLASH_Lock
                0x080028dc       0x1c ./Drivers/STM32WLxx_HAL_Driver/stm32wlxx_hal_flash.o
                0x080028dc                HAL_FLASH_Lock
 .text.HAL_FLASH_OB_Unlock
                0x080028f8       0x34 ./Drivers/STM32WLxx_HAL_Driver/stm32wlxx_hal_flash.o
                0x080028f8                HAL_FLASH_OB_Unlock
 .text.HAL_FLASH_OB_Lock
                0x0800292c       0x20 ./Drivers/STM32WLxx_HAL_Driver/stm32wlxx_hal_flash.o
                0x0800292c                HAL_FLASH_OB_Lock
 .text.HAL_FLASH_OB_Launch
                0x0800294c       0x14 ./Drivers/STM32WLxx_HAL_Driver/stm32wlxx_hal_flash.o
                0x0800294c                HAL_FLASH_OB_Launch
 .text.FLASH_WaitForLastOperation
                0x08002960       0x80 ./Drivers/STM32WLxx_HAL_Driver/stm32wlxx_hal_flash.o
                0x08002960                FLASH_WaitForLastOperation
 .text.FLASH_OB_WRPConfig
                0x080029e0       0x2c ./Drivers/STM32WLxx_HAL_Driver/stm32wlxx_hal_flash_ex.o
 .text.FLASH_OB_OptrConfig
                0x08002a0c       0x1c ./Drivers/STM32WLxx_HAL_Driver/stm32wlxx_hal_flash_ex.o
 .text.FLASH_OB_PCROP1AConfig
                0x08002a28       0x48 ./Drivers/STM32WLxx_HAL_Driver/stm32wlxx_hal_flash_ex.o
 .text.FLASH_OB_PCROP1BConfig
                0x08002a70       0x18 ./Drivers/STM32WLxx_HAL_Driver/stm32wlxx_hal_flash_ex.o
 .text.FLASH_OB_IPCCBufferAddrConfig
                0x08002a88       0x10 ./Drivers/STM32WLxx_HAL_Driver/stm32wlxx_hal_flash_ex.o
 .text.FLASH_OB_GetWRP
                0x08002a98       0x30 ./Drivers/STM32WLxx_HAL_Driver/stm32wlxx_hal_flash_ex.o
 .text.FLASH_OB_GetRDP
                0x08002ac8       0x18 ./Drivers/STM32WLxx_HAL_Driver/stm32wlxx_hal_flash_ex.o
 .text.FLASH_OB_GetUser
                0x08002ae0       0x14 ./Drivers/STM32WLxx_HAL_Driver/stm32wlxx_hal_flash_ex.o
 .text.FLASH_OB_GetPCROP
                0x08002af4       0x50 ./Drivers/STM32WLxx_HAL_Driver/stm32wlxx_hal_flash_ex.o
 .text.FLASH_OB_GetIPCCBufferAddr
                0x08002b44       0x18 ./Drivers/STM32WLxx_HAL_Driver/stm32wlxx_hal_flash_ex.o
 .text.FLASH_OB_GetC2BootResetConfig
                0x08002b5c       0x40 ./Drivers/STM32WLxx_HAL_Driver/stm32wlxx_hal_flash_ex.o
 .text.FLASH_OB_GetSUBGHZSPISecureAccess
                0x08002b9c       0x10 ./Drivers/STM32WLxx_HAL_Driver/stm32wlxx_hal_flash_ex.o
 .text.FLASH_OB_GetC2DebugAccessMode
                0x08002bac       0x10 ./Drivers/STM32WLxx_HAL_Driver/stm32wlxx_hal_flash_ex.o
 .text.FLASH_OB_ConfigSecureMode
                0x08002bbc       0x16 ./Drivers/STM32WLxx_HAL_Driver/stm32wlxx_hal_flash_ex.o
 *fill*         0x08002bd2        0x2 
 .text.FLASH_OB_SecureConfig
                0x08002bd4      0x134 ./Drivers/STM32WLxx_HAL_Driver/stm32wlxx_hal_flash_ex.o
 .text.FLASH_OB_GetSecureMode
                0x08002d08        0xa ./Drivers/STM32WLxx_HAL_Driver/stm32wlxx_hal_flash_ex.o
 *fill*         0x08002d12        0x2 
 .text.FLASH_OB_GetSecureMemoryConfig
                0x08002d14       0x8c ./Drivers/STM32WLxx_HAL_Driver/stm32wlxx_hal_flash_ex.o
 .text.FLASH_OB_ProceedWriteOperation
                0x08002da0       0x28 ./Drivers/STM32WLxx_HAL_Driver/stm32wlxx_hal_flash_ex.o
 .text.HAL_FLASHEx_OBProgram
                0x08002dc8       0xd4 ./Drivers/STM32WLxx_HAL_Driver/stm32wlxx_hal_flash_ex.o
                0x08002dc8                HAL_FLASHEx_OBProgram
 .text.HAL_FLASHEx_OBGetConfig
                0x08002e9c       0x94 ./Drivers/STM32WLxx_HAL_Driver/stm32wlxx_hal_flash_ex.o
                0x08002e9c                HAL_FLASHEx_OBGetConfig
 .text.HAL_GPIO_Init
                0x08002f30      0x1a4 ./Drivers/STM32WLxx_HAL_Driver/stm32wlxx_hal_gpio.o
                0x08002f30                HAL_GPIO_Init
 .text.HAL_GPIO_DeInit
                0x080030d4       0xfc ./Drivers/STM32WLxx_HAL_Driver/stm32wlxx_hal_gpio.o
                0x080030d4                HAL_GPIO_DeInit
 .text.HAL_GPIO_WritePin
                0x080031d0        0xa ./Drivers/STM32WLxx_HAL_Driver/stm32wlxx_hal_gpio.o
                0x080031d0                HAL_GPIO_WritePin
 .text.HAL_GPIO_TogglePin
                0x080031da       0x12 ./Drivers/STM32WLxx_HAL_Driver/stm32wlxx_hal_gpio.o
                0x080031da                HAL_GPIO_TogglePin
 .text.HAL_IPCC_RxCallback
                0x080031ec        0x2 ./Drivers/STM32WLxx_HAL_Driver/stm32wlxx_hal_ipcc.o
                0x080031ec                HAL_IPCC_RxCallback
 .text.HAL_IPCC_TxCallback
                0x080031ee        0x2 ./Drivers/STM32WLxx_HAL_Driver/stm32wlxx_hal_ipcc.o
                0x080031ee                HAL_IPCC_TxCallback
 .text.HAL_IPCC_TX_IRQHandler
                0x080031f0       0x54 ./Drivers/STM32WLxx_HAL_Driver/stm32wlxx_hal_ipcc.o
                0x080031f0                HAL_IPCC_TX_IRQHandler
 .text.HAL_IPCC_RX_IRQHandler
                0x08003244       0x4c ./Drivers/STM32WLxx_HAL_Driver/stm32wlxx_hal_ipcc.o
                0x08003244                HAL_IPCC_RX_IRQHandler
 .text.IPCC_UnmaskInterrupt
                0x08003290       0x30 ./Drivers/STM32WLxx_HAL_Driver/stm32wlxx_hal_ipcc.o
                0x08003290                IPCC_UnmaskInterrupt
 .text.HAL_IPCC_ActivateNotification
                0x080032c0       0x66 ./Drivers/STM32WLxx_HAL_Driver/stm32wlxx_hal_ipcc.o
                0x080032c0                HAL_IPCC_ActivateNotification
 *fill*         0x08003326        0x2 
 .text.HAL_IPCC_NotifyCPU
                0x08003328       0x48 ./Drivers/STM32WLxx_HAL_Driver/stm32wlxx_hal_ipcc.o
                0x08003328                HAL_IPCC_NotifyCPU
 .text.IPCC_SetDefaultCallbacks
                0x08003370       0x28 ./Drivers/STM32WLxx_HAL_Driver/stm32wlxx_hal_ipcc.o
                0x08003370                IPCC_SetDefaultCallbacks
 .text.IPCC_Reset_Register
                0x08003398       0x10 ./Drivers/STM32WLxx_HAL_Driver/stm32wlxx_hal_ipcc.o
                0x08003398                IPCC_Reset_Register
 .text.HAL_IPCC_Init
                0x080033a8       0x3c ./Drivers/STM32WLxx_HAL_Driver/stm32wlxx_hal_ipcc.o
                0x080033a8                HAL_IPCC_Init
 .text.HAL_PWR_EnableBkUpAccess
                0x080033e4       0x10 ./Drivers/STM32WLxx_HAL_Driver/stm32wlxx_hal_pwr.o
                0x080033e4                HAL_PWR_EnableBkUpAccess
 .text.HAL_PWR_EnterSLEEPMode
                0x080033f4       0x4c ./Drivers/STM32WLxx_HAL_Driver/stm32wlxx_hal_pwr.o
                0x080033f4                HAL_PWR_EnterSLEEPMode
 .text.HAL_PWREx_GetVoltageRange
                0x08003440       0x10 ./Drivers/STM32WLxx_HAL_Driver/stm32wlxx_hal_pwr_ex.o
                0x08003440                HAL_PWREx_GetVoltageRange
 .text.HAL_PWREx_ReleaseCore
                0x08003450       0x10 ./Drivers/STM32WLxx_HAL_Driver/stm32wlxx_hal_pwr_ex.o
                0x08003450                HAL_PWREx_ReleaseCore
 .text.HAL_PWREx_EnableLowPowerRunMode
                0x08003460       0x10 ./Drivers/STM32WLxx_HAL_Driver/stm32wlxx_hal_pwr_ex.o
                0x08003460                HAL_PWREx_EnableLowPowerRunMode
 .text.HAL_PWREx_DisableLowPowerRunMode
                0x08003470       0x4c ./Drivers/STM32WLxx_HAL_Driver/stm32wlxx_hal_pwr_ex.o
                0x08003470                HAL_PWREx_DisableLowPowerRunMode
 .text.HAL_PWREx_EnterSTOP2Mode
                0x080034bc       0x3c ./Drivers/STM32WLxx_HAL_Driver/stm32wlxx_hal_pwr_ex.o
                0x080034bc                HAL_PWREx_EnterSTOP2Mode
 .text.RCC_SetFlashLatency
                0x080034f8       0xbc ./Drivers/STM32WLxx_HAL_Driver/stm32wlxx_hal_rcc.o
 .text.RCC_SetFlashLatencyFromMSIRange
                0x080035b4       0x44 ./Drivers/STM32WLxx_HAL_Driver/stm32wlxx_hal_rcc.o
 .text.HAL_RCC_GetSysClockFreq
                0x080035f8      0x110 ./Drivers/STM32WLxx_HAL_Driver/stm32wlxx_hal_rcc.o
                0x080035f8                HAL_RCC_GetSysClockFreq
 .text.HAL_RCC_GetHCLKFreq
                0x08003708       0x20 ./Drivers/STM32WLxx_HAL_Driver/stm32wlxx_hal_rcc.o
                0x08003708                HAL_RCC_GetHCLKFreq
 .text.HAL_RCC_OscConfig
                0x08003728      0x664 ./Drivers/STM32WLxx_HAL_Driver/stm32wlxx_hal_rcc.o
                0x08003728                HAL_RCC_OscConfig
 .text.HAL_RCC_ClockConfig
                0x08003d8c      0x268 ./Drivers/STM32WLxx_HAL_Driver/stm32wlxx_hal_rcc.o
                0x08003d8c                HAL_RCC_ClockConfig
 .text.HAL_RCC_GetPCLK1Freq
                0x08003ff4       0x20 ./Drivers/STM32WLxx_HAL_Driver/stm32wlxx_hal_rcc.o
                0x08003ff4                HAL_RCC_GetPCLK1Freq
 .text.HAL_RCC_GetPCLK2Freq
                0x08004014       0x20 ./Drivers/STM32WLxx_HAL_Driver/stm32wlxx_hal_rcc.o
                0x08004014                HAL_RCC_GetPCLK2Freq
 .text.HAL_RCC_GetOscConfig
                0x08004034       0x8c ./Drivers/STM32WLxx_HAL_Driver/stm32wlxx_hal_rcc.o
                0x08004034                HAL_RCC_GetOscConfig
 .text.LL_RCC_SetI2CClockSource
                0x080040c0       0x20 ./Drivers/STM32WLxx_HAL_Driver/stm32wlxx_hal_rcc_ex.o
 .text.HAL_RCCEx_PeriphCLKConfig
                0x080040e0      0x240 ./Drivers/STM32WLxx_HAL_Driver/stm32wlxx_hal_rcc_ex.o
                0x080040e0                HAL_RCCEx_PeriphCLKConfig
 .text.HAL_RTC_DeactivateAlarm
                0x08004320       0x80 ./Drivers/STM32WLxx_HAL_Driver/stm32wlxx_hal_rtc.o
                0x08004320                HAL_RTC_DeactivateAlarm
 .text.RTC_ByteToBcd2
                0x080043a0       0x16 ./Drivers/STM32WLxx_HAL_Driver/stm32wlxx_hal_rtc.o
                0x080043a0                RTC_ByteToBcd2
 *fill*         0x080043b6        0x2 
 .text.HAL_RTC_SetAlarm_IT
                0x080043b8      0x178 ./Drivers/STM32WLxx_HAL_Driver/stm32wlxx_hal_rtc.o
                0x080043b8                HAL_RTC_SetAlarm_IT
 .text.HAL_RTCEx_BKUPWrite
                0x08004530        0xe ./Drivers/STM32WLxx_HAL_Driver/stm32wlxx_hal_rtc_ex.o
                0x08004530                HAL_RTCEx_BKUPWrite
 .text.HAL_RTCEx_BKUPRead
                0x0800453e        0xe ./Drivers/STM32WLxx_HAL_Driver/stm32wlxx_hal_rtc_ex.o
                0x0800453e                HAL_RTCEx_BKUPRead
 .text.UART_EndTxTransfer
                0x0800454c       0x32 ./Drivers/STM32WLxx_HAL_Driver/stm32wlxx_hal_uart.o
 .text.UART_EndRxTransfer
                0x0800457e       0x56 ./Drivers/STM32WLxx_HAL_Driver/stm32wlxx_hal_uart.o
 .text.HAL_UART_Transmit_DMA
                0x080045d4       0xa0 ./Drivers/STM32WLxx_HAL_Driver/stm32wlxx_hal_uart.o
                0x080045d4                HAL_UART_Transmit_DMA
 .text.UART_DMATransmitCplt
                0x08004674       0x48 ./Drivers/STM32WLxx_HAL_Driver/stm32wlxx_hal_uart.o
 .text.UART_EndTransmit_IT
                0x080046bc       0x24 ./Drivers/STM32WLxx_HAL_Driver/stm32wlxx_hal_uart.o
 .text.HAL_UART_TxHalfCpltCallback
                0x080046e0        0x2 ./Drivers/STM32WLxx_HAL_Driver/stm32wlxx_hal_uart.o
                0x080046e0                HAL_UART_TxHalfCpltCallback
 .text.UART_DMATxHalfCplt
                0x080046e2        0xa ./Drivers/STM32WLxx_HAL_Driver/stm32wlxx_hal_uart.o
 .text.HAL_UART_ErrorCallback
                0x080046ec        0x2 ./Drivers/STM32WLxx_HAL_Driver/stm32wlxx_hal_uart.o
                0x080046ec                HAL_UART_ErrorCallback
 .text.UART_DMAError
                0x080046ee       0x58 ./Drivers/STM32WLxx_HAL_Driver/stm32wlxx_hal_uart.o
 .text.UART_DMAAbortOnError
                0x08004746       0x14 ./Drivers/STM32WLxx_HAL_Driver/stm32wlxx_hal_uart.o
 .text.HAL_UARTEx_RxEventCallback
                0x0800475a        0x2 ./Drivers/STM32WLxx_HAL_Driver/stm32wlxx_hal_uart.o
                0x0800475a                HAL_UARTEx_RxEventCallback
 .text.HAL_UART_IRQHandler
                0x0800475c      0x344 ./Drivers/STM32WLxx_HAL_Driver/stm32wlxx_hal_uart.o
                0x0800475c                HAL_UART_IRQHandler
 .text.UART_RxISR_8BIT
                0x08004aa0       0xdc ./Drivers/STM32WLxx_HAL_Driver/stm32wlxx_hal_uart.o
 .text.UART_RxISR_16BIT
                0x08004b7c       0xd8 ./Drivers/STM32WLxx_HAL_Driver/stm32wlxx_hal_uart.o
 .text.UART_RxISR_8BIT_FIFOEN
                0x08004c54      0x1cc ./Drivers/STM32WLxx_HAL_Driver/stm32wlxx_hal_uart.o
 .text.UART_RxISR_16BIT_FIFOEN
                0x08004e20      0x1c8 ./Drivers/STM32WLxx_HAL_Driver/stm32wlxx_hal_uart.o
 .text.UART_SetConfig
                0x08004fe8      0x2cc ./Drivers/STM32WLxx_HAL_Driver/stm32wlxx_hal_uart.o
                0x08004fe8                UART_SetConfig
 .text.UART_AdvFeatureConfig
                0x080052b4       0xca ./Drivers/STM32WLxx_HAL_Driver/stm32wlxx_hal_uart.o
                0x080052b4                UART_AdvFeatureConfig
 .text.UART_WaitOnFlagUntilTimeout
                0x0800537e       0xe0 ./Drivers/STM32WLxx_HAL_Driver/stm32wlxx_hal_uart.o
                0x0800537e                UART_WaitOnFlagUntilTimeout
 .text.UART_CheckIdleState
                0x0800545e       0x76 ./Drivers/STM32WLxx_HAL_Driver/stm32wlxx_hal_uart.o
                0x0800545e                UART_CheckIdleState
 .text.HAL_UART_Init
                0x080054d4       0x66 ./Drivers/STM32WLxx_HAL_Driver/stm32wlxx_hal_uart.o
                0x080054d4                HAL_UART_Init
 *fill*         0x0800553a        0x2 
 .text.UART_Start_Receive_IT
                0x0800553c      0x13c ./Drivers/STM32WLxx_HAL_Driver/stm32wlxx_hal_uart.o
                0x0800553c                UART_Start_Receive_IT
 .text.HAL_UART_Receive_IT
                0x08005678       0x4c ./Drivers/STM32WLxx_HAL_Driver/stm32wlxx_hal_uart.o
                0x08005678                HAL_UART_Receive_IT
 .text.UARTEx_Wakeup_AddressConfig
                0x080056c4       0x2e ./Drivers/STM32WLxx_HAL_Driver/stm32wlxx_hal_uart_ex.o
 *fill*         0x080056f2        0x2 
 .text.UARTEx_SetNbDataToProcess
                0x080056f4       0x4c ./Drivers/STM32WLxx_HAL_Driver/stm32wlxx_hal_uart_ex.o
 .text.HAL_UARTEx_WakeupCallback
                0x08005740        0x2 ./Drivers/STM32WLxx_HAL_Driver/stm32wlxx_hal_uart_ex.o
                0x08005740                HAL_UARTEx_WakeupCallback
 .text.HAL_UARTEx_RxFifoFullCallback
                0x08005742        0x2 ./Drivers/STM32WLxx_HAL_Driver/stm32wlxx_hal_uart_ex.o
                0x08005742                HAL_UARTEx_RxFifoFullCallback
 .text.HAL_UARTEx_TxFifoEmptyCallback
                0x08005744        0x2 ./Drivers/STM32WLxx_HAL_Driver/stm32wlxx_hal_uart_ex.o
                0x08005744                HAL_UARTEx_TxFifoEmptyCallback
 .text.HAL_UARTEx_StopModeWakeUpSourceConfig
                0x08005746       0x82 ./Drivers/STM32WLxx_HAL_Driver/stm32wlxx_hal_uart_ex.o
                0x08005746                HAL_UARTEx_StopModeWakeUpSourceConfig
 .text.HAL_UARTEx_EnableStopMode
                0x080057c8       0x2e ./Drivers/STM32WLxx_HAL_Driver/stm32wlxx_hal_uart_ex.o
                0x080057c8                HAL_UARTEx_EnableStopMode
 .text.HAL_UARTEx_EnableFifoMode
                0x080057f6       0x48 ./Drivers/STM32WLxx_HAL_Driver/stm32wlxx_hal_uart_ex.o
                0x080057f6                HAL_UARTEx_EnableFifoMode
 .text.HAL_UARTEx_SetTxFifoThreshold
                0x0800583e       0x4a ./Drivers/STM32WLxx_HAL_Driver/stm32wlxx_hal_uart_ex.o
                0x0800583e                HAL_UARTEx_SetTxFifoThreshold
 .text.HAL_UARTEx_SetRxFifoThreshold
                0x08005888       0x4a ./Drivers/STM32WLxx_HAL_Driver/stm32wlxx_hal_uart_ex.o
                0x08005888                HAL_UARTEx_SetRxFifoThreshold
 *fill*         0x080058d2        0x2 
 .text.TRACE_AllocateBufer
                0x080058d4       0x88 ./Utilities/stm32_adv_trace.o
 .text.TRACE_Lock
                0x0800595c       0x18 ./Utilities/stm32_adv_trace.o
 .text.TRACE_UnLock
                0x08005974       0x18 ./Utilities/stm32_adv_trace.o
 .text.TRACE_IsLocked
                0x0800598c       0x10 ./Utilities/stm32_adv_trace.o
 .text.UTIL_ADV_TRACE_Init
                0x0800599c       0x34 ./Utilities/stm32_adv_trace.o
                0x0800599c                UTIL_ADV_TRACE_Init
 .text.UTIL_ADV_TRACE_IsBufferEmpty
                0x080059d0       0x18 ./Utilities/stm32_adv_trace.o
                0x080059d0                UTIL_ADV_TRACE_IsBufferEmpty
 .text.UTIL_ADV_TRACE_RegisterTimeStampFunction
                0x080059e8        0xc ./Utilities/stm32_adv_trace.o
                0x080059e8                UTIL_ADV_TRACE_RegisterTimeStampFunction
 .text.UTIL_ADV_TRACE_SetVerboseLevel
                0x080059f4        0xc ./Utilities/stm32_adv_trace.o
                0x080059f4                UTIL_ADV_TRACE_SetVerboseLevel
 .text.TRACE_Send
                0x08005a00       0x9c ./Utilities/stm32_adv_trace.o
 .text.UTIL_ADV_TRACE_COND_FSend
                0x08005a9c       0xc8 ./Utilities/stm32_adv_trace.o
                0x08005a9c                UTIL_ADV_TRACE_COND_FSend
 .text.UTIL_ADV_TRACE_Send
                0x08005b64       0x58 ./Utilities/stm32_adv_trace.o
                0x08005b64                UTIL_ADV_TRACE_Send
 .text.TRACE_TxCpltCallback
                0x08005bbc       0xb0 ./Utilities/stm32_adv_trace.o
 .text.UTIL_LPM_Init
                0x08005c6c       0x14 ./Utilities/stm32_lpm.o
                0x08005c6c                UTIL_LPM_Init
 .text.UTIL_LPM_SetStopMode
                0x08005c80       0x2c ./Utilities/stm32_lpm.o
                0x08005c80                UTIL_LPM_SetStopMode
 .text.UTIL_LPM_SetOffMode
                0x08005cac       0x2c ./Utilities/stm32_lpm.o
                0x08005cac                UTIL_LPM_SetOffMode
 .text.UTIL_LPM_EnterLowPower
                0x08005cd8       0x48 ./Utilities/stm32_lpm.o
                0x08005cd8                UTIL_LPM_EnterLowPower
 .text.UTIL_MEM_set_8
                0x08005d20       0x12 ./Utilities/stm32_mem.o
                0x08005d20                UTIL_MEM_set_8
 *fill*         0x08005d32        0x2 
 .text.UTIL_SEQ_SetTask
                0x08005d34       0x28 ./Utilities/stm32_seq.o
                0x08005d34                UTIL_SEQ_SetTask
 .text.UTIL_SEQ_SetEvt
                0x08005d5c       0x18 ./Utilities/stm32_seq.o
                0x08005d5c                UTIL_SEQ_SetEvt
 .text.UTIL_SEQ_PreIdle
                0x08005d74        0x2 ./Utilities/stm32_seq.o
                0x08005d74                UTIL_SEQ_PreIdle
 .text.UTIL_SEQ_PostIdle
                0x08005d76        0x2 ./Utilities/stm32_seq.o
                0x08005d76                UTIL_SEQ_PostIdle
 .text.SEQ_BitPosition
                0x08005d78       0x3c ./Utilities/stm32_seq.o
                0x08005d78                SEQ_BitPosition
 .text.UTIL_SEQ_Run
                0x08005db4      0x12c ./Utilities/stm32_seq.o
                0x08005db4                UTIL_SEQ_Run
 .text.UTIL_SEQ_WaitEvt
                0x08005ee0       0x58 ./Utilities/stm32_seq.o
                0x08005ee0                UTIL_SEQ_WaitEvt
 .text.UTIL_SEQ_RegTask
                0x08005f38       0x20 ./Utilities/stm32_seq.o
                0x08005f38                UTIL_SEQ_RegTask
 .text.SysTimeAdd
                0x08005f58       0x3e ./Utilities/stm32_systime.o
                0x08005f58                SysTimeAdd
 *fill*         0x08005f96        0x2 
 .text.SysTimeGet
                0x08005f98       0x44 ./Utilities/stm32_systime.o
                0x08005f98                SysTimeGet
 .text.UTIL_TIMER_Init
                0x08005fdc       0x18 ./Utilities/stm32_timer.o
                0x08005fdc                UTIL_TIMER_Init
 .text.UTIL_TIMER_Create
                0x08005ff4       0x3c ./Utilities/stm32_timer.o
                0x08005ff4                UTIL_TIMER_Create
 .text.TimerExists
                0x08006030       0x1c ./Utilities/stm32_timer.o
                0x08006030                TimerExists
 .text.TimerSetTimeout
                0x0800604c       0x30 ./Utilities/stm32_timer.o
                0x0800604c                TimerSetTimeout
 .text.UTIL_TIMER_Stop
                0x0800607c       0x6c ./Utilities/stm32_timer.o
                0x0800607c                UTIL_TIMER_Stop
 .text.TimerInsertTimer
                0x080060e8       0x2c ./Utilities/stm32_timer.o
                0x080060e8                TimerInsertTimer
 .text.TimerInsertNewHeadTimer
                0x08006114       0x1c ./Utilities/stm32_timer.o
                0x08006114                TimerInsertNewHeadTimer
 .text.UTIL_TIMER_Start
                0x08006130       0x8c ./Utilities/stm32_timer.o
                0x08006130                UTIL_TIMER_Start
 .text.UTIL_TIMER_IRQ_Handler
                0x080061bc       0x8c ./Utilities/stm32_timer.o
                0x080061bc                UTIL_TIMER_IRQ_Handler
 .text.ee_skip_atoi
                0x08006248       0x26 ./Utilities/stm32_tiny_vsnprintf.o
 *fill*         0x0800626e        0x2 
 .text.ee_number
                0x08006270      0x114 ./Utilities/stm32_tiny_vsnprintf.o
 .text.tiny_vsnprintf_like
                0x08006384      0x188 ./Utilities/stm32_tiny_vsnprintf.o
                0x08006384                tiny_vsnprintf_like
 .text.memset   0x0800650c       0x10 C:/ST/STM32CubeIDE_1.19.0/STM32CubeIDE/plugins/com.st.stm32cube.ide.mcu.externaltools.gnu-tools-for-stm32.13.3.rel1.win32_1.0.0.202411081344/tools/bin/../lib/gcc/arm-none-eabi/13.3.1/../../../../arm-none-eabi/lib/thumb/v7e-m/nofp\libc_nano.a(libc_a-memset.o)
                0x0800650c                memset
 .text.strncmp  0x0800651c       0x24 C:/ST/STM32CubeIDE_1.19.0/STM32CubeIDE/plugins/com.st.stm32cube.ide.mcu.externaltools.gnu-tools-for-stm32.13.3.rel1.win32_1.0.0.202411081344/tools/bin/../lib/gcc/arm-none-eabi/13.3.1/../../../../arm-none-eabi/lib/thumb/v7e-m/nofp\libc_nano.a(libc_a-strncmp.o)
                0x0800651c                strncmp
 .text.__libc_init_array
                0x08006540       0x48 C:/ST/STM32CubeIDE_1.19.0/STM32CubeIDE/plugins/com.st.stm32cube.ide.mcu.externaltools.gnu-tools-for-stm32.13.3.rel1.win32_1.0.0.202411081344/tools/bin/../lib/gcc/arm-none-eabi/13.3.1/../../../../arm-none-eabi/lib/thumb/v7e-m/nofp\libc_nano.a(libc_a-init.o)
                0x08006540                __libc_init_array
 .text.memcpy   0x08006588       0x1c C:/ST/STM32CubeIDE_1.19.0/STM32CubeIDE/plugins/com.st.stm32cube.ide.mcu.externaltools.gnu-tools-for-stm32.13.3.rel1.win32_1.0.0.202411081344/tools/bin/../lib/gcc/arm-none-eabi/13.3.1/../../../../arm-none-eabi/lib/thumb/v7e-m/nofp\libc_nano.a(libc_a-memcpy-stub.o)
                0x08006588                memcpy
 *(.glue_7)
 .glue_7        0x080065a4        0x0 linker stubs
 *(.glue_7t)
 .glue_7t       0x080065a4        0x0 linker stubs
 *(.eh_frame)
 .eh_frame      0x080065a4        0x0 C:/ST/STM32CubeIDE_1.19.0/STM32CubeIDE/plugins/com.st.stm32cube.ide.mcu.externaltools.gnu-tools-for-stm32.13.3.rel1.win32_1.0.0.202411081344/tools/bin/../lib/gcc/arm-none-eabi/13.3.1/thumb/v7e-m/nofp/crtbegin.o
 *(.init)
 .init          0x080065a4        0x4 C:/ST/STM32CubeIDE_1.19.0/STM32CubeIDE/plugins/com.st.stm32cube.ide.mcu.externaltools.gnu-tools-for-stm32.13.3.rel1.win32_1.0.0.202411081344/tools/bin/../lib/gcc/arm-none-eabi/13.3.1/thumb/v7e-m/nofp/crti.o
                0x080065a4                _init
 .init          0x080065a8        0x8 C:/ST/STM32CubeIDE_1.19.0/STM32CubeIDE/plugins/com.st.stm32cube.ide.mcu.externaltools.gnu-tools-for-stm32.13.3.rel1.win32_1.0.0.202411081344/tools/bin/../lib/gcc/arm-none-eabi/13.3.1/thumb/v7e-m/nofp/crtn.o
 *(.fini)
 .fini          0x080065b0        0x4 C:/ST/STM32CubeIDE_1.19.0/STM32CubeIDE/plugins/com.st.stm32cube.ide.mcu.externaltools.gnu-tools-for-stm32.13.3.rel1.win32_1.0.0.202411081344/tools/bin/../lib/gcc/arm-none-eabi/13.3.1/thumb/v7e-m/nofp/crti.o
                0x080065b0                _fini
 .fini          0x080065b4        0x8 C:/ST/STM32CubeIDE_1.19.0/STM32CubeIDE/plugins/com.st.stm32cube.ide.mcu.externaltools.gnu-tools-for-stm32.13.3.rel1.win32_1.0.0.202411081344/tools/bin/../lib/gcc/arm-none-eabi/13.3.1/thumb/v7e-m/nofp/crtn.o
                0x080065c0                        . = ALIGN (0x8)
 *fill*         0x080065bc        0x4 
                0x080065c0                        _etext = .

.vfp11_veneer   0x080065c0        0x0
 .vfp11_veneer  0x080065c0        0x0 linker stubs

.v4_bx          0x080065c0        0x0
 .v4_bx         0x080065c0        0x0 linker stubs

.iplt           0x080065c0        0x0
 .iplt          0x080065c0        0x0 C:/ST/STM32CubeIDE_1.19.0/STM32CubeIDE/plugins/com.st.stm32cube.ide.mcu.externaltools.gnu-tools-for-stm32.13.3.rel1.win32_1.0.0.202411081344/tools/bin/../lib/gcc/arm-none-eabi/13.3.1/thumb/v7e-m/nofp/crtbegin.o

.rodata         0x080065c0      0x6d8
                0x080065c0                        . = ALIGN (0x8)
 *(.rodata)
 .rodata        0x080065c0       0x1c ./Drivers/STM32WLxx_HAL_Driver/stm32wlxx_hal_rcc.o
 *(.rodata*)
 .rodata.UTIL_PowerDriver
                0x080065dc       0x18 ./Application/User/Core/stm32_lpm_if.o
                0x080065dc                UTIL_PowerDriver
 .rodata.TimestampNow.str1.4
                0x080065f4      0x4ef ./Application/User/Core/sys_app.o
                                  0x9 (size before relaxing)
 .rodata.MBMUXIF_Init.str1.4
                0x08006ae3      0x158 ./Application/User/Core/sys_app.o
 .rodata.Process_Sys_Notif.str1.4
                0x08006ae3       0x1f ./Application/User/Core/sys_app.o
 *fill*         0x08006ae3        0x1 
 .rodata.UTIL_SYSTIMDriver
                0x08006ae4       0x14 ./Application/User/Core/timer_if.o
                0x08006ae4                UTIL_SYSTIMDriver
 .rodata.UTIL_TimerDriver
                0x08006af8       0x2c ./Application/User/Core/timer_if.o
                0x08006af8                UTIL_TimerDriver
 .rodata.UTIL_TraceDriver
                0x08006b24       0x10 ./Application/User/Core/usart_if.o
                0x08006b24                UTIL_TraceDriver
 .rodata.MBMUXIF_SystemInit.str1.4
                0x08006b34      0x114 ./Application/User/MbMux/mbmuxif_sys.o
 .rodata.Process_Radio_Notif.str1.4
                0x08006b34       0x1e ./Application/User/MbMux/radio_mbwrapper.o
 .rodata.Radio  0x08006b34       0x8c ./Application/User/MbMux/radio_mbwrapper.o
                0x08006b34                Radio
 .rodata.PingPong_Process.str1.4
                0x08006bc0       0x83 ./Application/User/SubGHz_Phy/App/subghz_phy_app.o
 .rodata.OnRxError.str1.4
                0x08006bc0        0xc ./Application/User/SubGHz_Phy/App/subghz_phy_app.o
 .rodata.OnRxTimeout.str1.4
                0x08006bc0        0xe ./Application/User/SubGHz_Phy/App/subghz_phy_app.o
 .rodata.OnTxTimeout.str1.4
                0x08006bc0        0xe ./Application/User/SubGHz_Phy/App/subghz_phy_app.o
 .rodata.OnRxDone.str1.4
                0x08006bc0       0x4f ./Application/User/SubGHz_Phy/App/subghz_phy_app.o
 .rodata.OnTxDone.str1.4
                0x08006bc0        0xb ./Application/User/SubGHz_Phy/App/subghz_phy_app.o
 .rodata.SubghzApp_Init.str1.4
                0x08006bc0       0xd2 ./Application/User/SubGHz_Phy/App/subghz_phy_app.o
 .rodata.MSIRangeTable
                0x08006bc0       0x40 ./Drivers/CMSIS/system_stm32wlxx.o
                0x08006bc0                MSIRangeTable
 .rodata.APBPrescTable
                0x08006c00       0x20 ./Drivers/CMSIS/system_stm32wlxx.o
                0x08006c00                APBPrescTable
 .rodata.AHBPrescTable
                0x08006c20       0x40 ./Drivers/CMSIS/system_stm32wlxx.o
                0x08006c20                AHBPrescTable
 .rodata.UARTPrescTable
                0x08006c60       0x18 ./Drivers/STM32WLxx_HAL_Driver/stm32wlxx_hal_uart.o
                0x08006c60                UARTPrescTable
 .rodata.denominator.0
                0x08006c78        0x8 ./Drivers/STM32WLxx_HAL_Driver/stm32wlxx_hal_uart_ex.o
 .rodata.numerator.1
                0x08006c80        0x8 ./Drivers/STM32WLxx_HAL_Driver/stm32wlxx_hal_uart_ex.o
 .rodata.SEQ_clz_table_4bit
                0x08006c88       0x10 ./Utilities/stm32_seq.o
                0x08006c88                SEQ_clz_table_4bit
 .rodata.ee_number.str1.4
                0x08006c98       0x4d ./Utilities/stm32_tiny_vsnprintf.o
 .rodata.tiny_vsnprintf_like.str1.4
                0x08006c98        0x7 ./Utilities/stm32_tiny_vsnprintf.o
                0x08006ce8                        . = ALIGN (0x8)

.ARM.extab      0x08006c98        0x0
                0x08006c98                        . = ALIGN (0x8)
 *(.ARM.extab* .gnu.linkonce.armextab.*)
                0x08006c98                        . = ALIGN (0x8)

.ARM            0x08006c98        0x8
                0x08006c98                        . = ALIGN (0x8)
                0x08006c98                        __exidx_start = .
 *(.ARM.exidx*)
 .ARM.exidx     0x08006c98        0x8 C:/ST/STM32CubeIDE_1.19.0/STM32CubeIDE/plugins/com.st.stm32cube.ide.mcu.externaltools.gnu-tools-for-stm32.13.3.rel1.win32_1.0.0.202411081344/tools/bin/../lib/gcc/arm-none-eabi/13.3.1/../../../../arm-none-eabi/lib/thumb/v7e-m/nofp\libc_nano.a(libc_a-strlen.o)
 .ARM.exidx     0x08006ca0        0x0 C:/ST/STM32CubeIDE_1.19.0/STM32CubeIDE/plugins/com.st.stm32cube.ide.mcu.externaltools.gnu-tools-for-stm32.13.3.rel1.win32_1.0.0.202411081344/tools/bin/../lib/gcc/arm-none-eabi/13.3.1/thumb/v7e-m/nofp\libgcc.a(_udivmoddi4.o)
                                  0x8 (size before relaxing)
                0x08006ca0                        __exidx_end = .
                0x08006ca0                        . = ALIGN (0x8)

.rel.dyn        0x08006ca0        0x0
 .rel.iplt      0x08006ca0        0x0 C:/ST/STM32CubeIDE_1.19.0/STM32CubeIDE/plugins/com.st.stm32cube.ide.mcu.externaltools.gnu-tools-for-stm32.13.3.rel1.win32_1.0.0.202411081344/tools/bin/../lib/gcc/arm-none-eabi/13.3.1/thumb/v7e-m/nofp/crtbegin.o

.preinit_array  0x08006ca0        0x0
                0x08006ca0                        . = ALIGN (0x8)
                0x08006ca0                        PROVIDE (__preinit_array_start = .)
 *(.preinit_array*)
                0x08006ca0                        PROVIDE (__preinit_array_end = .)
                0x08006ca0                        . = ALIGN (0x8)

.init_array     0x08006ca0        0x8
                0x08006ca0                        . = ALIGN (0x8)
                0x08006ca0                        PROVIDE (__init_array_start = .)
 *(SORT_BY_NAME(.init_array.*))
 *(.init_array*)
 .init_array    0x08006ca0        0x4 C:/ST/STM32CubeIDE_1.19.0/STM32CubeIDE/plugins/com.st.stm32cube.ide.mcu.externaltools.gnu-tools-for-stm32.13.3.rel1.win32_1.0.0.202411081344/tools/bin/../lib/gcc/arm-none-eabi/13.3.1/thumb/v7e-m/nofp/crtbegin.o
                0x08006ca4                        PROVIDE (__init_array_end = .)
                0x08006ca8                        . = ALIGN (0x8)
 *fill*         0x08006ca4        0x4 

.fini_array     0x08006ca8        0x8
                0x08006ca8                        . = ALIGN (0x8)
                [!provide]                        PROVIDE (__fini_array_start = .)
 *(SORT_BY_NAME(.fini_array.*))
 *(.fini_array*)
 .fini_array    0x08006ca8        0x4 C:/ST/STM32CubeIDE_1.19.0/STM32CubeIDE/plugins/com.st.stm32cube.ide.mcu.externaltools.gnu-tools-for-stm32.13.3.rel1.win32_1.0.0.202411081344/tools/bin/../lib/gcc/arm-none-eabi/13.3.1/thumb/v7e-m/nofp/crtbegin.o
                [!provide]                        PROVIDE (__fini_array_end = .)
                0x08006cb0                        . = ALIGN (0x8)
 *fill*         0x08006cac        0x4 
                0x08006cb0                        _sidata = LOADADDR (.data)

.data           0x20000000       0x18 load address 0x08006cb0
                0x20000000                        . = ALIGN (0x8)
                0x20000000                        _sdata = .
 *(.data)
 *(.data*)
 .data.pMb_RefTable
                0x20000000        0x4 ./Application/User/MbMux/mbmuxif_sys.o
                0x20000000                pMb_RefTable
 .data.isMaster
                0x20000004        0x1 ./Application/User/SubGHz_Phy/App/subghz_phy_app.o
                0x20000004                isMaster
 *fill*         0x20000005        0x3 
 .data.SystemCoreClock
                0x20000008        0x4 ./Drivers/CMSIS/system_stm32wlxx.o
                0x20000008                SystemCoreClock
 .data.uwTickPrio
                0x2000000c        0x4 ./Drivers/STM32WLxx_HAL_Driver/stm32wlxx_hal.o
                0x2000000c                uwTickPrio
 .data.SuperMask
                0x20000010        0x4 ./Utilities/stm32_seq.o
 .data.TaskMask
                0x20000014        0x4 ./Utilities/stm32_seq.o
 *(.RamFunc)
 *(.RamFunc*)
                0x20000018                        . = ALIGN (0x8)
                0x20000018                        _edata = .

.igot.plt       0x20000018        0x0 load address 0x08006cc8
 .igot.plt      0x20000018        0x0 C:/ST/STM32CubeIDE_1.19.0/STM32CubeIDE/plugins/com.st.stm32cube.ide.mcu.externaltools.gnu-tools-for-stm32.13.3.rel1.win32_1.0.0.202411081344/tools/bin/../lib/gcc/arm-none-eabi/13.3.1/thumb/v7e-m/nofp/crtbegin.o

MAPPING_TABLE   0x20008000      0x140
                0x20008000                        . = ALIGN (0x8)
                0x20008000                        _sMAPPING_TABLE = .
 *(MAPPING_TABLE)
 MAPPING_TABLE  0x20008000      0x13c ./Application/User/MbMux/mbmuxif_sys.o
                0x20008140                        . = ALIGN (0x8)
 *fill*         0x2000813c        0x4 
                0x20008140                        _eMAPPING_TABLE = .

MB_MEM1         0x20008140       0xb8
                0x20008140                        . = ALIGN (0x8)
                0x20008140                        _sMB_MEM1 = .
 *(MB_MEM1)
 MB_MEM1        0x20008140       0x4c ./Application/User/MbMux/mbmuxif_radio.o
                0x20008140                aRadioNotifAckBuff
                0x20008150                aRadioCmdRespBuff
 MB_MEM1        0x2000818c       0x40 ./Application/User/MbMux/mbmuxif_sys.o
                0x2000818c                aSystemPrioBNotifAckBuff
                0x20008190                aSystemPrioBCmdRespBuff
                0x20008194                aSystemPrioANotifAckBuff
                0x20008198                aSystemPrioACmdRespBuff
                0x2000819c                aSystemNotifAckBuff
                0x200081b0                aSystemCmdRespBuff
 MB_MEM1        0x200081cc       0x2c ./Application/User/MbMux/mbmuxif_trace.o
                0x200081cc                aTraceNotifAckBuff
                0x200081f8                        . = ALIGN (0x8)
                0x200081f8                        _eMB_MEM1 = .
                0x200081f8                        . = ALIGN (0x8)

.bss            0x20000018      0x7c8
                0x20000018                        _sbss = .
                0x20000018                        __bss_start__ = _sbss
 *(.bss)
 .bss           0x20000018       0x1c C:/ST/STM32CubeIDE_1.19.0/STM32CubeIDE/plugins/com.st.stm32cube.ide.mcu.externaltools.gnu-tools-for-stm32.13.3.rel1.win32_1.0.0.202411081344/tools/bin/../lib/gcc/arm-none-eabi/13.3.1/thumb/v7e-m/nofp/crtbegin.o
 *(.bss*)
 .bss.hipcc     0x20000034       0x3c ./Application/User/Core/ipcc.o
                0x20000034                hipcc
 .bss.IpccNotificationRcv
                0x20000070        0x4 ./Application/User/Core/ipcc_if.o
 .bss.IpccResponseRcv
                0x20000074        0x4 ./Application/User/Core/ipcc_if.o
 .bss.SYS_TimerInitialisedFlag
                0x20000078        0x1 ./Application/User/Core/sys_app.o
 *fill*         0x20000079        0x3 
 .bss.RtcTimerContext
                0x2000007c        0x4 ./Application/User/Core/timer_if.o
 .bss.RTC_Initialized
                0x20000080        0x1 ./Application/User/Core/timer_if.o
 *fill*         0x20000081        0x3 
 .bss.hrtc      0x20000084       0x38 ./Application/User/Core/timer_if.o
                0x20000084                hrtc
 .bss.hdma_usart2_tx
                0x200000bc       0x60 ./Application/User/Core/usart.o
                0x200000bc                hdma_usart2_tx
 .bss.huart2    0x2000011c       0x94 ./Application/User/Core/usart.o
                0x2000011c                huart2
 .bss.RxCpltCallback
                0x200001b0        0x4 ./Application/User/Core/usart_if.o
 .bss.TxCpltCallback
                0x200001b4        0x4 ./Application/User/Core/usart_if.o
 .bss.charRx    0x200001b8        0x1 ./Application/User/Core/usart_if.o
                0x200001b8                charRx
 *fill*         0x200001b9        0x3 
 .bss.p_MBMUX_Cm0plusFeatureList
                0x200001bc        0x4 ./Application/User/MbMux/mbmux.o
 .bss.p_MBMUX_ComTable
                0x200001c0        0x4 ./Application/User/MbMux/mbmux.o
 .bss.RadioComObj
                0x200001c4        0x4 ./Application/User/MbMux/mbmuxif_radio.o
 .bss.SystemComObj
                0x200001c8        0x4 ./Application/User/MbMux/mbmuxif_sys.o
                0x200001c8                SystemComObj
 .bss.MbSystemRespRcvFlag
                0x200001cc        0x1 ./Application/User/MbMux/mbmuxif_sys.o
 .bss.AllowSequencerForSysCmd
                0x200001cd        0x1 ./Application/User/MbMux/mbmuxif_sys.o
 *fill*         0x200001ce        0x2 
 .bss.OptionsBytesStruct
                0x200001d0       0x58 ./Application/User/MbMux/mbmuxif_sys.o
 .bss.radioevents_wrap
                0x20000228       0x1c ./Application/User/MbMux/radio_mbwrapper.o
 .bss.random_delay
                0x20000244        0x4 ./Application/User/SubGHz_Phy/App/subghz_phy_app.o
 .bss.timerLed  0x20000248       0x18 ./Application/User/SubGHz_Phy/App/subghz_phy_app.o
 .bss.SnrValue  0x20000260        0x1 ./Application/User/SubGHz_Phy/App/subghz_phy_app.o
                0x20000260                SnrValue
 .bss.RssiValue
                0x20000261        0x1 ./Application/User/SubGHz_Phy/App/subghz_phy_app.o
                0x20000261                RssiValue
 .bss.RxBufferSize
                0x20000262        0x2 ./Application/User/SubGHz_Phy/App/subghz_phy_app.o
                0x20000262                RxBufferSize
 .bss.BufferTx  0x20000264       0xff ./Application/User/SubGHz_Phy/App/subghz_phy_app.o
 *fill*         0x20000363        0x1 
 .bss.BufferRx  0x20000364       0xff ./Application/User/SubGHz_Phy/App/subghz_phy_app.o
 .bss.State     0x20000463        0x1 ./Application/User/SubGHz_Phy/App/subghz_phy_app.o
 .bss.RadioEvents
                0x20000464       0x1c ./Application/User/SubGHz_Phy/App/subghz_phy_app.o
 .bss.pFlash    0x20000480       0x18 ./Drivers/STM32WLxx_HAL_Driver/stm32wlxx_hal_flash.o
                0x20000480                pFlash
 .bss.sztmp     0x20000498      0x100 ./Utilities/stm32_adv_trace.o
 .bss.ADV_TRACE_Buffer
                0x20000598      0x200 ./Utilities/stm32_adv_trace.o
 .bss.ADV_TRACE_Ctx
                0x20000798       0x18 ./Utilities/stm32_adv_trace.o
 .bss.OffModeDisable
                0x200007b0        0x4 ./Utilities/stm32_lpm.o
 .bss.StopModeDisable
                0x200007b4        0x4 ./Utilities/stm32_lpm.o
 .bss.TaskPrio  0x200007b8        0x8 ./Utilities/stm32_seq.o
 .bss.TaskCb    0x200007c0        0xc ./Utilities/stm32_seq.o
 .bss.CurrentTaskIdx
                0x200007cc        0x4 ./Utilities/stm32_seq.o
 .bss.EvtWaited
                0x200007d0        0x4 ./Utilities/stm32_seq.o
 .bss.EvtSet    0x200007d4        0x4 ./Utilities/stm32_seq.o
 .bss.TaskSet   0x200007d8        0x4 ./Utilities/stm32_seq.o
 .bss.TimerListHead
                0x200007dc        0x4 ./Utilities/stm32_timer.o
 *(COMMON)
                0x200007e0                        . = ALIGN (0x8)
                0x200007e0                        _ebss = .
                0x200007e0                        __bss_end__ = _ebss
                0x200007e0                        . = ALIGN (0x8)

RAM1_region     0x200007e0        0x0
                0x200007e0                        _sRAM1_region = .
 *(.RAM1_region)
                0x200007e0                        . = ALIGN (0x8)
                0x200007e0                        _eRAM1_region = .

._user_heap_stack
                0x200007e0      0xa00
                0x200007e0                        . = ALIGN (0x8)
                [!provide]                        PROVIDE (end = .)
                0x200007e0                        PROVIDE (_end = .)
                0x200009e0                        . = (. + _Min_Heap_Size)
 *fill*         0x200007e0      0x200 
                0x200011e0                        . = (. + _Min_Stack_Size)
 *fill*         0x200009e0      0x800 
                0x200011e0                        . = ALIGN (0x8)

/DISCARD/
 libc.a(*)
 libm.a(*)
 libgcc.a(*)

.ARM.attributes
                0x00000000       0x2a
 *(.ARM.attributes)
 .ARM.attributes
                0x00000000       0x1e C:/ST/STM32CubeIDE_1.19.0/STM32CubeIDE/plugins/com.st.stm32cube.ide.mcu.externaltools.gnu-tools-for-stm32.13.3.rel1.win32_1.0.0.202411081344/tools/bin/../lib/gcc/arm-none-eabi/13.3.1/thumb/v7e-m/nofp/crti.o
 .ARM.attributes
                0x0000001e       0x2e C:/ST/STM32CubeIDE_1.19.0/STM32CubeIDE/plugins/com.st.stm32cube.ide.mcu.externaltools.gnu-tools-for-stm32.13.3.rel1.win32_1.0.0.202411081344/tools/bin/../lib/gcc/arm-none-eabi/13.3.1/thumb/v7e-m/nofp/crtbegin.o
 .ARM.attributes
                0x0000004c       0x2e ./Application/User/Common/System/sys_debug.o
 .ARM.attributes
                0x0000007a       0x2e ./Application/User/Core/dma.o
 .ARM.attributes
                0x000000a8       0x2e ./Application/User/Core/gpio.o
 .ARM.attributes
                0x000000d6       0x2e ./Application/User/Core/ipcc.o
 .ARM.attributes
                0x00000104       0x2e ./Application/User/Core/ipcc_if.o
 .ARM.attributes
                0x00000132       0x2e ./Application/User/Core/main.o
 .ARM.attributes
                0x00000160       0x2e ./Application/User/Core/stm32_lpm_if.o
 .ARM.attributes
                0x0000018e       0x2e ./Application/User/Core/stm32wlxx_hal_msp.o
 .ARM.attributes
                0x000001bc       0x2e ./Application/User/Core/stm32wlxx_it.o
 .ARM.attributes
                0x000001ea       0x2e ./Application/User/Core/sys_app.o
 .ARM.attributes
                0x00000218       0x2e ./Application/User/Core/timer_if.o
 .ARM.attributes
                0x00000246       0x2e ./Application/User/Core/usart.o
 .ARM.attributes
                0x00000274       0x2e ./Application/User/Core/usart_if.o
 .ARM.attributes
                0x000002a2       0x2e ./Application/User/MbMux/mbmux.o
 .ARM.attributes
                0x000002d0       0x2e ./Application/User/MbMux/mbmuxif_radio.o
 .ARM.attributes
                0x000002fe       0x2e ./Application/User/MbMux/mbmuxif_sys.o
 .ARM.attributes
                0x0000032c       0x2e ./Application/User/MbMux/mbmuxif_trace.o
 .ARM.attributes
                0x0000035a       0x2e ./Application/User/MbMux/radio_mbwrapper.o
 .ARM.attributes
                0x00000388       0x21 ./Application/User/Startup/startup_stm32wl55jcix.o
 .ARM.attributes
                0x000003a9       0x2e ./Application/User/SubGHz_Phy/App/app_subghz_phy.o
 .ARM.attributes
                0x000003d7       0x2e ./Application/User/SubGHz_Phy/App/subghz_phy_app.o
 .ARM.attributes
                0x00000405       0x2e ./Drivers/CMSIS/system_stm32wlxx.o
 .ARM.attributes
                0x00000433       0x2e ./Drivers/STM32WLxx_HAL_Driver/stm32wlxx_hal.o
 .ARM.attributes
                0x00000461       0x2e ./Drivers/STM32WLxx_HAL_Driver/stm32wlxx_hal_cortex.o
 .ARM.attributes
                0x0000048f       0x2e ./Drivers/STM32WLxx_HAL_Driver/stm32wlxx_hal_dma.o
 .ARM.attributes
                0x000004bd       0x2e ./Drivers/STM32WLxx_HAL_Driver/stm32wlxx_hal_flash.o
 .ARM.attributes
                0x000004eb       0x2e ./Drivers/STM32WLxx_HAL_Driver/stm32wlxx_hal_flash_ex.o
 .ARM.attributes
                0x00000519       0x2e ./Drivers/STM32WLxx_HAL_Driver/stm32wlxx_hal_gpio.o
 .ARM.attributes
                0x00000547       0x2e ./Drivers/STM32WLxx_HAL_Driver/stm32wlxx_hal_ipcc.o
 .ARM.attributes
                0x00000575       0x2e ./Drivers/STM32WLxx_HAL_Driver/stm32wlxx_hal_pwr.o
 .ARM.attributes
                0x000005a3       0x2e ./Drivers/STM32WLxx_HAL_Driver/stm32wlxx_hal_pwr_ex.o
 .ARM.attributes
                0x000005d1       0x2e ./Drivers/STM32WLxx_HAL_Driver/stm32wlxx_hal_rcc.o
 .ARM.attributes
                0x000005ff       0x2e ./Drivers/STM32WLxx_HAL_Driver/stm32wlxx_hal_rcc_ex.o
 .ARM.attributes
                0x0000062d       0x2e ./Drivers/STM32WLxx_HAL_Driver/stm32wlxx_hal_rtc.o
 .ARM.attributes
                0x0000065b       0x2e ./Drivers/STM32WLxx_HAL_Driver/stm32wlxx_hal_rtc_ex.o
 .ARM.attributes
                0x00000689       0x2e ./Drivers/STM32WLxx_HAL_Driver/stm32wlxx_hal_uart.o
 .ARM.attributes
                0x000006b7       0x2e ./Drivers/STM32WLxx_HAL_Driver/stm32wlxx_hal_uart_ex.o
 .ARM.attributes
                0x000006e5       0x2e ./Utilities/stm32_adv_trace.o
 .ARM.attributes
                0x00000713       0x2e ./Utilities/stm32_lpm.o
 .ARM.attributes
                0x00000741       0x2e ./Utilities/stm32_mem.o
 .ARM.attributes
                0x0000076f       0x2e ./Utilities/stm32_seq.o
 .ARM.attributes
                0x0000079d       0x2e ./Utilities/stm32_systime.o
 .ARM.attributes
                0x000007cb       0x2e ./Utilities/stm32_timer.o
 .ARM.attributes
                0x000007f9       0x2e ./Utilities/stm32_tiny_vsnprintf.o
 .ARM.attributes
                0x00000827       0x2e C:/ST/STM32CubeIDE_1.19.0/STM32CubeIDE/plugins/com.st.stm32cube.ide.mcu.externaltools.gnu-tools-for-stm32.13.3.rel1.win32_1.0.0.202411081344/tools/bin/../lib/gcc/arm-none-eabi/13.3.1/../../../../arm-none-eabi/lib/thumb/v7e-m/nofp\libc_nano.a(libc_a-memset.o)
 .ARM.attributes
                0x00000855       0x2e C:/ST/STM32CubeIDE_1.19.0/STM32CubeIDE/plugins/com.st.stm32cube.ide.mcu.externaltools.gnu-tools-for-stm32.13.3.rel1.win32_1.0.0.202411081344/tools/bin/../lib/gcc/arm-none-eabi/13.3.1/../../../../arm-none-eabi/lib/thumb/v7e-m/nofp\libc_nano.a(libc_a-strncmp.o)
 .ARM.attributes
                0x00000883       0x2e C:/ST/STM32CubeIDE_1.19.0/STM32CubeIDE/plugins/com.st.stm32cube.ide.mcu.externaltools.gnu-tools-for-stm32.13.3.rel1.win32_1.0.0.202411081344/tools/bin/../lib/gcc/arm-none-eabi/13.3.1/../../../../arm-none-eabi/lib/thumb/v7e-m/nofp\libc_nano.a(libc_a-init.o)
 .ARM.attributes
                0x000008b1       0x2e C:/ST/STM32CubeIDE_1.19.0/STM32CubeIDE/plugins/com.st.stm32cube.ide.mcu.externaltools.gnu-tools-for-stm32.13.3.rel1.win32_1.0.0.202411081344/tools/bin/../lib/gcc/arm-none-eabi/13.3.1/../../../../arm-none-eabi/lib/thumb/v7e-m/nofp\libc_nano.a(libc_a-memcpy-stub.o)
 .ARM.attributes
                0x000008df       0x17 C:/ST/STM32CubeIDE_1.19.0/STM32CubeIDE/plugins/com.st.stm32cube.ide.mcu.externaltools.gnu-tools-for-stm32.13.3.rel1.win32_1.0.0.202411081344/tools/bin/../lib/gcc/arm-none-eabi/13.3.1/../../../../arm-none-eabi/lib/thumb/v7e-m/nofp\libc_nano.a(libc_a-strlen.o)
 .ARM.attributes
                0x000008f6       0x1e C:/ST/STM32CubeIDE_1.19.0/STM32CubeIDE/plugins/com.st.stm32cube.ide.mcu.externaltools.gnu-tools-for-stm32.13.3.rel1.win32_1.0.0.202411081344/tools/bin/../lib/gcc/arm-none-eabi/13.3.1/thumb/v7e-m/nofp\libgcc.a(_aeabi_uldivmod.o)
 .ARM.attributes
                0x00000914       0x2e C:/ST/STM32CubeIDE_1.19.0/STM32CubeIDE/plugins/com.st.stm32cube.ide.mcu.externaltools.gnu-tools-for-stm32.13.3.rel1.win32_1.0.0.202411081344/tools/bin/../lib/gcc/arm-none-eabi/13.3.1/thumb/v7e-m/nofp\libgcc.a(_udivmoddi4.o)
 .ARM.attributes
                0x00000942       0x1e C:/ST/STM32CubeIDE_1.19.0/STM32CubeIDE/plugins/com.st.stm32cube.ide.mcu.externaltools.gnu-tools-for-stm32.13.3.rel1.win32_1.0.0.202411081344/tools/bin/../lib/gcc/arm-none-eabi/13.3.1/thumb/v7e-m/nofp\libgcc.a(_dvmd_tls.o)
 .ARM.attributes
                0x00000960       0x1e C:/ST/STM32CubeIDE_1.19.0/STM32CubeIDE/plugins/com.st.stm32cube.ide.mcu.externaltools.gnu-tools-for-stm32.13.3.rel1.win32_1.0.0.202411081344/tools/bin/../lib/gcc/arm-none-eabi/13.3.1/thumb/v7e-m/nofp/crtn.o
OUTPUT(SubGHz_Phy_PingPong_DualCore_CM4.elf elf32-littlearm)
LOAD linker stubs
LOAD C:/ST/STM32CubeIDE_1.19.0/STM32CubeIDE/plugins/com.st.stm32cube.ide.mcu.externaltools.gnu-tools-for-stm32.13.3.rel1.win32_1.0.0.202411081344/tools/bin/../lib/gcc/arm-none-eabi/13.3.1/../../../../arm-none-eabi/lib/thumb/v7e-m/nofp\libc.a
LOAD C:/ST/STM32CubeIDE_1.19.0/STM32CubeIDE/plugins/com.st.stm32cube.ide.mcu.externaltools.gnu-tools-for-stm32.13.3.rel1.win32_1.0.0.202411081344/tools/bin/../lib/gcc/arm-none-eabi/13.3.1/../../../../arm-none-eabi/lib/thumb/v7e-m/nofp\libm.a
LOAD C:/ST/STM32CubeIDE_1.19.0/STM32CubeIDE/plugins/com.st.stm32cube.ide.mcu.externaltools.gnu-tools-for-stm32.13.3.rel1.win32_1.0.0.202411081344/tools/bin/../lib/gcc/arm-none-eabi/13.3.1/thumb/v7e-m/nofp\libgcc.a

.debug_info     0x00000000    0x281c4
 .debug_info    0x00000000      0x6c2 ./Application/User/Common/System/sys_debug.o
 .debug_info    0x000006c2      0x6c0 ./Application/User/Core/dma.o
 .debug_info    0x00000d82      0x6a0 ./Application/User/Core/gpio.o
 .debug_info    0x00001422      0x970 ./Application/User/Core/ipcc.o
 .debug_info    0x00001d92      0x80a ./Application/User/Core/ipcc_if.o
 .debug_info    0x0000259c      0x968 ./Application/User/Core/main.o
 .debug_info    0x00002f04      0x3ce ./Application/User/Core/stm32_lpm_if.o
 .debug_info    0x000032d2       0xd0 ./Application/User/Core/stm32wlxx_hal_msp.o
 .debug_info    0x000033a2      0xa91 ./Application/User/Core/stm32wlxx_it.o
 .debug_info    0x00003e33      0xf6b ./Application/User/Core/sys_app.o
 .debug_info    0x00004d9e     0x104a ./Application/User/Core/timer_if.o
 .debug_info    0x00005de8     0x133b ./Application/User/Core/usart.o
 .debug_info    0x00007123     0x149f ./Application/User/Core/usart_if.o
 .debug_info    0x000085c2      0x8eb ./Application/User/MbMux/mbmux.o
 .debug_info    0x00008ead      0x699 ./Application/User/MbMux/mbmuxif_radio.o
 .debug_info    0x00009546     0x132d ./Application/User/MbMux/mbmuxif_sys.o
 .debug_info    0x0000a873      0x45c ./Application/User/MbMux/mbmuxif_trace.o
 .debug_info    0x0000accf     0x24de ./Application/User/MbMux/radio_mbwrapper.o
 .debug_info    0x0000d1ad       0x30 ./Application/User/Startup/startup_stm32wl55jcix.o
 .debug_info    0x0000d1dd      0x155 ./Application/User/SubGHz_Phy/App/app_subghz_phy.o
 .debug_info    0x0000d332     0x2132 ./Application/User/SubGHz_Phy/App/subghz_phy_app.o
 .debug_info    0x0000f464      0x535 ./Drivers/CMSIS/system_stm32wlxx.o
 .debug_info    0x0000f999     0x1514 ./Drivers/STM32WLxx_HAL_Driver/stm32wlxx_hal.o
 .debug_info    0x00010ead      0xfaf ./Drivers/STM32WLxx_HAL_Driver/stm32wlxx_hal_cortex.o
 .debug_info    0x00011e5c      0xaa8 ./Drivers/STM32WLxx_HAL_Driver/stm32wlxx_hal_dma.o
 .debug_info    0x00012904      0x824 ./Drivers/STM32WLxx_HAL_Driver/stm32wlxx_hal_flash.o
 .debug_info    0x00013128      0xf06 ./Drivers/STM32WLxx_HAL_Driver/stm32wlxx_hal_flash_ex.o
 .debug_info    0x0001402e      0x743 ./Drivers/STM32WLxx_HAL_Driver/stm32wlxx_hal_gpio.o
 .debug_info    0x00014771      0x968 ./Drivers/STM32WLxx_HAL_Driver/stm32wlxx_hal_ipcc.o
 .debug_info    0x000150d9      0x9d0 ./Drivers/STM32WLxx_HAL_Driver/stm32wlxx_hal_pwr.o
 .debug_info    0x00015aa9      0xfed ./Drivers/STM32WLxx_HAL_Driver/stm32wlxx_hal_pwr_ex.o
 .debug_info    0x00016a96     0x1e22 ./Drivers/STM32WLxx_HAL_Driver/stm32wlxx_hal_rcc.o
 .debug_info    0x000188b8     0x1d67 ./Drivers/STM32WLxx_HAL_Driver/stm32wlxx_hal_rcc_ex.o
 .debug_info    0x0001a61f     0x122e ./Drivers/STM32WLxx_HAL_Driver/stm32wlxx_hal_rtc.o
 .debug_info    0x0001b84d     0x1839 ./Drivers/STM32WLxx_HAL_Driver/stm32wlxx_hal_rtc_ex.o
 .debug_info    0x0001d086     0x6462 ./Drivers/STM32WLxx_HAL_Driver/stm32wlxx_hal_uart.o
 .debug_info    0x000234e8     0x1270 ./Drivers/STM32WLxx_HAL_Driver/stm32wlxx_hal_uart_ex.o
 .debug_info    0x00024758      0xfd6 ./Utilities/stm32_adv_trace.o
 .debug_info    0x0002572e      0x453 ./Utilities/stm32_lpm.o
 .debug_info    0x00025b81      0x1fe ./Utilities/stm32_mem.o
 .debug_info    0x00025d7f      0xc16 ./Utilities/stm32_seq.o
 .debug_info    0x00026995      0x8f2 ./Utilities/stm32_systime.o
 .debug_info    0x00027287      0xb82 ./Utilities/stm32_timer.o
 .debug_info    0x00027e09      0x3bb ./Utilities/stm32_tiny_vsnprintf.o

.debug_abbrev   0x00000000     0x6e77
 .debug_abbrev  0x00000000      0x20e ./Application/User/Common/System/sys_debug.o
 .debug_abbrev  0x0000020e      0x19a ./Application/User/Core/dma.o
 .debug_abbrev  0x000003a8      0x1f0 ./Application/User/Core/gpio.o
 .debug_abbrev  0x00000598      0x263 ./Application/User/Core/ipcc.o
 .debug_abbrev  0x000007fb      0x26f ./Application/User/Core/ipcc_if.o
 .debug_abbrev  0x00000a6a      0x267 ./Application/User/Core/main.o
 .debug_abbrev  0x00000cd1      0x1c5 ./Application/User/Core/stm32_lpm_if.o
 .debug_abbrev  0x00000e96       0x7e ./Application/User/Core/stm32wlxx_hal_msp.o
 .debug_abbrev  0x00000f14      0x18d ./Application/User/Core/stm32wlxx_it.o
 .debug_abbrev  0x000010a1      0x36b ./Application/User/Core/sys_app.o
 .debug_abbrev  0x0000140c      0x3b6 ./Application/User/Core/timer_if.o
 .debug_abbrev  0x000017c2      0x2cb ./Application/User/Core/usart.o
 .debug_abbrev  0x00001a8d      0x2ff ./Application/User/Core/usart_if.o
 .debug_abbrev  0x00001d8c      0x2dc ./Application/User/MbMux/mbmux.o
 .debug_abbrev  0x00002068      0x21e ./Application/User/MbMux/mbmuxif_radio.o
 .debug_abbrev  0x00002286      0x394 ./Application/User/MbMux/mbmuxif_sys.o
 .debug_abbrev  0x0000261a      0x1bd ./Application/User/MbMux/mbmuxif_trace.o
 .debug_abbrev  0x000027d7      0x2fd ./Application/User/MbMux/radio_mbwrapper.o
 .debug_abbrev  0x00002ad4       0x24 ./Application/User/Startup/startup_stm32wl55jcix.o
 .debug_abbrev  0x00002af8       0xe4 ./Application/User/SubGHz_Phy/App/app_subghz_phy.o
 .debug_abbrev  0x00002bdc      0x30e ./Application/User/SubGHz_Phy/App/subghz_phy_app.o
 .debug_abbrev  0x00002eea      0x144 ./Drivers/CMSIS/system_stm32wlxx.o
 .debug_abbrev  0x0000302e      0x393 ./Drivers/STM32WLxx_HAL_Driver/stm32wlxx_hal.o
 .debug_abbrev  0x000033c1      0x385 ./Drivers/STM32WLxx_HAL_Driver/stm32wlxx_hal_cortex.o
 .debug_abbrev  0x00003746      0x25f ./Drivers/STM32WLxx_HAL_Driver/stm32wlxx_hal_dma.o
 .debug_abbrev  0x000039a5      0x32c ./Drivers/STM32WLxx_HAL_Driver/stm32wlxx_hal_flash.o
 .debug_abbrev  0x00003cd1      0x307 ./Drivers/STM32WLxx_HAL_Driver/stm32wlxx_hal_flash_ex.o
 .debug_abbrev  0x00003fd8      0x21a ./Drivers/STM32WLxx_HAL_Driver/stm32wlxx_hal_gpio.o
 .debug_abbrev  0x000041f2      0x2a8 ./Drivers/STM32WLxx_HAL_Driver/stm32wlxx_hal_ipcc.o
 .debug_abbrev  0x0000449a      0x24d ./Drivers/STM32WLxx_HAL_Driver/stm32wlxx_hal_pwr.o
 .debug_abbrev  0x000046e7      0x35b ./Drivers/STM32WLxx_HAL_Driver/stm32wlxx_hal_pwr_ex.o
 .debug_abbrev  0x00004a42      0x384 ./Drivers/STM32WLxx_HAL_Driver/stm32wlxx_hal_rcc.o
 .debug_abbrev  0x00004dc6      0x368 ./Drivers/STM32WLxx_HAL_Driver/stm32wlxx_hal_rcc_ex.o
 .debug_abbrev  0x0000512e      0x247 ./Drivers/STM32WLxx_HAL_Driver/stm32wlxx_hal_rtc.o
 .debug_abbrev  0x00005375      0x252 ./Drivers/STM32WLxx_HAL_Driver/stm32wlxx_hal_rtc_ex.o
 .debug_abbrev  0x000055c7      0x35f ./Drivers/STM32WLxx_HAL_Driver/stm32wlxx_hal_uart.o
 .debug_abbrev  0x00005926      0x34d ./Drivers/STM32WLxx_HAL_Driver/stm32wlxx_hal_uart_ex.o
 .debug_abbrev  0x00005c73      0x45f ./Utilities/stm32_adv_trace.o
 .debug_abbrev  0x000060d2      0x20b ./Utilities/stm32_lpm.o
 .debug_abbrev  0x000062dd       0xd7 ./Utilities/stm32_mem.o
 .debug_abbrev  0x000063b4      0x2f6 ./Utilities/stm32_seq.o
 .debug_abbrev  0x000066aa      0x2c7 ./Utilities/stm32_systime.o
 .debug_abbrev  0x00006971      0x333 ./Utilities/stm32_timer.o