Archive member included to satisfy reference by file (symbol)

C:/ST/STM32CubeIDE_1.19.0/STM32CubeIDE/plugins/com.st.stm32cube.ide.mcu.externaltools.gnu-tools-for-stm32.13.3.rel1.win32_1.0.0.202411081344/tools/bin/../lib/gcc/arm-none-eabi/13.3.1/../../../../arm-none-eabi/lib/thumb/v7e-m/nofp\libc_nano.a(libc_a-atof.o)
                              ./Application/User/Core/gps_parse.o (atof)
C:/ST/STM32CubeIDE_1.19.0/STM32CubeIDE/plugins/com.st.stm32cube.ide.mcu.externaltools.gnu-tools-for-stm32.13.3.rel1.win32_1.0.0.202411081344/tools/bin/../lib/gcc/arm-none-eabi/13.3.1/../../../../arm-none-eabi/lib/thumb/v7e-m/nofp\libc_nano.a(libc_a-atoi.o)
                              ./Application/User/Core/gps_parse.o (atoi)
C:/ST/STM32CubeIDE_1.19.0/STM32CubeIDE/plugins/com.st.stm32cube.ide.mcu.externaltools.gnu-tools-for-stm32.13.3.rel1.win32_1.0.0.202411081344/tools/bin/../lib/gcc/arm-none-eabi/13.3.1/../../../../arm-none-eabi/lib/thumb/v7e-m/nofp\libc_nano.a(libc_a-exit.o)
                              C:/ST/STM32CubeIDE_1.19.0/STM32CubeIDE/plugins/com.st.stm32cube.ide.mcu.externaltools.gnu-tools-for-stm32.13.3.rel1.win32_1.0.0.202411081344/tools/bin/../lib/gcc/arm-none-eabi/13.3.1/../../../../arm-none-eabi/lib/thumb/v7e-m/nofp/crt0.o (exit)
C:/ST/STM32CubeIDE_1.19.0/STM32CubeIDE/plugins/com.st.stm32cube.ide.mcu.externaltools.gnu-tools-for-stm32.13.3.rel1.win32_1.0.0.202411081344/tools/bin/../lib/gcc/arm-none-eabi/13.3.1/../../../../arm-none-eabi/lib/thumb/v7e-m/nofp\libc_nano.a(libc_a-strtod.o)
                              C:/ST/STM32CubeIDE_1.19.0/STM32CubeIDE/plugins/com.st.stm32cube.ide.mcu.externaltools.gnu-tools-for-stm32.13.3.rel1.win32_1.0.0.202411081344/tools/bin/../lib/gcc/arm-none-eabi/13.3.1/../../../../arm-none-eabi/lib/thumb/v7e-m/nofp\libc_nano.a(libc_a-atof.o) (strtod)
C:/ST/STM32CubeIDE_1.19.0/STM32CubeIDE/plugins/com.st.stm32cube.ide.mcu.externaltools.gnu-tools-for-stm32.13.3.rel1.win32_1.0.0.202411081344/tools/bin/../lib/gcc/arm-none-eabi/13.3.1/../../../../arm-none-eabi/lib/thumb/v7e-m/nofp\libc_nano.a(libc_a-strtol.o)
                              C:/ST/STM32CubeIDE_1.19.0/STM32CubeIDE/plugins/com.st.stm32cube.ide.mcu.externaltools.gnu-tools-for-stm32.13.3.rel1.win32_1.0.0.202411081344/tools/bin/../lib/gcc/arm-none-eabi/13.3.1/../../../../arm-none-eabi/lib/thumb/v7e-m/nofp\libc_nano.a(libc_a-atoi.o) (_strtol_r)
C:/ST/STM32CubeIDE_1.19.0/STM32CubeIDE/plugins/com.st.stm32cube.ide.mcu.externaltools.gnu-tools-for-stm32.13.3.rel1.win32_1.0.0.202411081344/tools/bin/../lib/gcc/arm-none-eabi/13.3.1/../../../../arm-none-eabi/lib/thumb/v7e-m/nofp\libc_nano.a(libc_a-ctype_.o)
                              C:/ST/STM32CubeIDE_1.19.0/STM32CubeIDE/plugins/com.st.stm32cube.ide.mcu.externaltools.gnu-tools-for-stm32.13.3.rel1.win32_1.0.0.202411081344/tools/bin/../lib/gcc/arm-none-eabi/13.3.1/../../../../arm-none-eabi/lib/thumb/v7e-m/nofp\libc_nano.a(libc_a-strtol.o) (_ctype_)
C:/ST/STM32CubeIDE_1.19.0/STM32CubeIDE/plugins/com.st.stm32cube.ide.mcu.externaltools.gnu-tools-for-stm32.13.3.rel1.win32_1.0.0.202411081344/tools/bin/../lib/gcc/arm-none-eabi/13.3.1/../../../../arm-none-eabi/lib/thumb/v7e-m/nofp\libc_nano.a(libc_a-nano-vfprintf_float.o)
                              (_printf_float)
C:/ST/STM32CubeIDE_1.19.0/STM32CubeIDE/plugins/com.st.stm32cube.ide.mcu.externaltools.gnu-tools-for-stm32.13.3.rel1.win32_1.0.0.202411081344/tools/bin/../lib/gcc/arm-none-eabi/13.3.1/../../../../arm-none-eabi/lib/thumb/v7e-m/nofp\libc_nano.a(libc_a-nano-vfprintf_i.o)
                              C:/ST/STM32CubeIDE_1.19.0/STM32CubeIDE/plugins/com.st.stm32cube.ide.mcu.externaltools.gnu-tools-for-stm32.13.3.rel1.win32_1.0.0.202411081344/tools/bin/../lib/gcc/arm-none-eabi/13.3.1/../../../../arm-none-eabi/lib/thumb/v7e-m/nofp\libc_nano.a(libc_a-nano-vfprintf_float.o) (_printf_common)
C:/ST/STM32CubeIDE_1.19.0/STM32CubeIDE/plugins/com.st.stm32cube.ide.mcu.externaltools.gnu-tools-for-stm32.13.3.rel1.win32_1.0.0.202411081344/tools/bin/../lib/gcc/arm-none-eabi/13.3.1/../../../../arm-none-eabi/lib/thumb/v7e-m/nofp\libc_nano.a(libc_a-findfp.o)
                              C:/ST/STM32CubeIDE_1.19.0/STM32CubeIDE/plugins/com.st.stm32cube.ide.mcu.externaltools.gnu-tools-for-stm32.13.3.rel1.win32_1.0.0.202411081344/tools/bin/../lib/gcc/arm-none-eabi/13.3.1/../../../../arm-none-eabi/lib/thumb/v7e-m/nofp\libc_nano.a(libc_a-exit.o) (__stdio_exit_handler)
C:/ST/STM32CubeIDE_1.19.0/STM32CubeIDE/plugins/com.st.stm32cube.ide.mcu.externaltools.gnu-tools-for-stm32.13.3.rel1.win32_1.0.0.202411081344/tools/bin/../lib/gcc/arm-none-eabi/13.3.1/../../../../arm-none-eabi/lib/thumb/v7e-m/nofp\libc_nano.a(libc_a-fwalk.o)
                              C:/ST/STM32CubeIDE_1.19.0/STM32CubeIDE/plugins/com.st.stm32cube.ide.mcu.externaltools.gnu-tools-for-stm32.13.3.rel1.win32_1.0.0.202411081344/tools/bin/../lib/gcc/arm-none-eabi/13.3.1/../../../../arm-none-eabi/lib/thumb/v7e-m/nofp\libc_nano.a(libc_a-findfp.o) (_fwalk_sglue)
[...]
Memory Configuration

Name             Origin             Length             Attributes
RAM1             0x20000000         0x00008000         xrw
RAM_SHARED       0x20008000         0x00001000         rw
FLASH            0x08000000         0x00020000         xr
*default*        0x00000000         0xffffffff

Linker script and memory map

LOAD C:/ST/STM32CubeIDE_1.19.0/STM32CubeIDE/plugins/com.st.stm32cube.ide.mcu.externaltools.gnu-tools-for-stm32.13.3.rel1.win32_1.0.0.202411081344/tools/bin/../lib/gcc/arm-none-eabi/13.3.1/thumb/v7e-m/nofp/crti.o
LOAD C:/ST/STM32CubeIDE_1.19.0/STM32CubeIDE/plugins/com.st.stm32cube.ide.mcu.externaltools.gnu-tools-for-stm32.13.3.rel1.win32_1.0.0.202411081344/tools/bin/../lib/gcc/arm-none-eabi/13.3.1/thumb/v7e-m/nofp/crtbegin.o
LOAD C:/ST/STM32CubeIDE_1.19.0/STM32CubeIDE/plugins/com.st.stm32cube.ide.mcu.externaltools.gnu-tools-for-stm32.13.3.rel1.win32_1.0.0.202411081344/tools/bin/../lib/gcc/arm-none-eabi/13.3.1/../../../../arm-none-eabi/lib/thumb/v7e-m/nofp/crt0.o
LOAD ./Application/User/Common/System/sys_debug.o
LOAD ./Application/User/Core/dma.o
LOAD ./Application/User/Core/gpio.o
LOAD ./Application/User/Core/gps_parse.o
LOAD ./Application/User/Core/ipcc.o
LOAD ./Application/User/Core/ipcc_if.o
LOAD ./Application/User/Core/main.o
LOAD ./Application/User/Core/stm32_lpm_if.o
LOAD ./Application/User/Core/stm32wlxx_hal_msp.o
LOAD ./Application/User/Core/stm32wlxx_it.o
LOAD ./Application/User/Core/sys_app.o
LOAD ./Application/User/Core/syscalls.o
LOAD ./Application/User/Core/sysmem.o
LOAD ./Application/User/Core/timer_if.o
LOAD ./Application/User/Core/usart.o
LOAD ./Application/User/Core/usart_if.o
LOAD ./Application/User/MbMux/mbmux.o
LOAD ./Application/User/MbMux/mbmuxif_radio.o
LOAD ./Application/User/MbMux/mbmuxif_sys.o
LOAD ./Application/User/MbMux/mbmuxif_trace.o
LOAD ./Application/User/MbMux/radio_mbwrapper.o
LOAD ./Application/User/Startup/startup_stm32wl55jcix.o
LOAD ./Application/User/SubGHz_Phy/App/app_subghz_phy.o
LOAD ./Application/User/SubGHz_Phy/App/subghz_phy_app.o
LOAD ./Drivers/BSP/STM32WLxx_Nucleo/stm32wlxx_nucleo.o
LOAD ./Drivers/BSP/STM32WLxx_Nucleo/stm32wlxx_nucleo_radio.o
LOAD ./Drivers/CMSIS/system_stm32wlxx.o
LOAD ./Drivers/STM32WLxx_HAL_Driver/stm32wlxx_hal.o
LOAD ./Drivers/STM32WLxx_HAL_Driver/stm32wlxx_hal_cortex.o
LOAD ./Drivers/STM32WLxx_HAL_Driver/stm32wlxx_hal_dma.o
LOAD ./Drivers/STM32WLxx_HAL_Driver/stm32wlxx_hal_dma_ex.o
LOAD ./Drivers/STM32WLxx_HAL_Driver/stm32wlxx_hal_exti.o
LOAD ./Drivers/STM32WLxx_HAL_Driver/stm32wlxx_hal_flash.o
LOAD ./Drivers/STM32WLxx_HAL_Driver/stm32wlxx_hal_flash_ex.o
LOAD ./Drivers/STM32WLxx_HAL_Driver/stm32wlxx_hal_gpio.o
LOAD ./Drivers/STM32WLxx_HAL_Driver/stm32wlxx_hal_ipcc.o
LOAD ./Drivers/STM32WLxx_HAL_Driver/stm32wlxx_hal_pwr.o
LOAD ./Drivers/STM32WLxx_HAL_Driver/stm32wlxx_hal_pwr_ex.o
LOAD ./Drivers/STM32WLxx_HAL_Driver/stm32wlxx_hal_rcc.o
LOAD ./Drivers/STM32WLxx_HAL_Driver/stm32wlxx_hal_rcc_ex.o
LOAD ./Drivers/STM32WLxx_HAL_Driver/stm32wlxx_hal_rtc.o
LOAD ./Drivers/STM32WLxx_HAL_Driver/stm32wlxx_hal_rtc_ex.o
LOAD ./Drivers/STM32WLxx_HAL_Driver/stm32wlxx_hal_tim.o
LOAD ./Drivers/STM32WLxx_HAL_Driver/stm32wlxx_hal_tim_ex.o
LOAD ./Drivers/STM32WLxx_HAL_Driver/stm32wlxx_hal_uart.o
LOAD ./Drivers/STM32WLxx_HAL_Driver/stm32wlxx_hal_uart_ex.o
LOAD ./Utilities/stm32_adv_trace.o
LOAD ./Utilities/stm32_lpm.o
LOAD ./Utilities/stm32_mem.o
LOAD ./Utilities/stm32_seq.o
LOAD ./Utilities/stm32_systime.o
LOAD ./Utilities/stm32_timer.o
LOAD ./Utilities/stm32_tiny_sscanf.o
LOAD ./Utilities/stm32_tiny_vsnprintf.o
START GROUP
LOAD C:/ST/STM32CubeIDE_1.19.0/STM32CubeIDE/plugins/com.st.stm32cube.ide.mcu.externaltools.gnu-tools-for-stm32.13.3.rel1.win32_1.0.0.202411081344/tools/bin/../lib/gcc/arm-none-eabi/13.3.1/../../../../arm-none-eabi/lib/thumb/v7e-m/nofp\libc_nano.a
LOAD C:/ST/STM32CubeIDE_1.19.0/STM32CubeIDE/plugins/com.st.stm32cube.ide.mcu.externaltools.gnu-tools-for-stm32.13.3.rel1.win32_1.0.0.202411081344/tools/bin/../lib/gcc/arm-none-eabi/13.3.1/../../../../arm-none-eabi/lib/thumb/v7e-m/nofp\libm.a
END GROUP
START GROUP
LOAD C:/ST/STM32CubeIDE_1.19.0/STM32CubeIDE/plugins/com.st.stm32cube.ide.mcu.externaltools.gnu-tools-for-stm32.13.3.rel1.win32_1.0.0.202411081344/tools/bin/../lib/gcc/arm-none-eabi/13.3.1/thumb/v7e-m/nofp\libgcc.a
LOAD C:/ST/STM32CubeIDE_1.19.0/STM32CubeIDE/plugins/com.st.stm32cube.ide.mcu.externaltools.gnu-tools-for-stm32.13.3.rel1.win32_1.0.0.202411081344/tools/bin/../lib/gcc/arm-none-eabi/13.3.1/../../../../arm-none-eabi/lib/thumb/v7e-m/nofp\libc_nano.a
END GROUP
START GROUP
LOAD C:/ST/STM32CubeIDE_1.19.0/STM32CubeIDE/plugins/com.st.stm32cube.ide.mcu.externaltools.gnu-tools-for-stm32.13.3.rel1.win32_1.0.0.202411081344/tools/bin/../lib/gcc/arm-none-eabi/13.3.1/thumb/v7e-m/nofp\libgcc.a
LOAD C:/ST/STM32CubeIDE_1.19.0/STM32CubeIDE/plugins/com.st.stm32cube.ide.mcu.externaltools.gnu-tools-for-stm32.13.3.rel1.win32_1.0.0.202411081344/tools/bin/../lib/gcc/arm-none-eabi/13.3.1/../../../../arm-none-eabi/lib/thumb/v7e-m/nofp\libc_nano.a
LOAD C:/ST/STM32CubeIDE_1.19.0/STM32CubeIDE/plugins/com.st.stm32cube.ide.mcu.externaltools.gnu-tools-for-stm32.13.3.rel1.win32_1.0.0.202411081344/tools/bin/../lib/gcc/arm-none-eabi/13.3.1/../../../../arm-none-eabi/lib/thumb/v7e-m/nofp\libnosys.a
END GROUP
START GROUP
LOAD C:/ST/STM32CubeIDE_1.19.0/STM32CubeIDE/plugins/com.st.stm32cube.ide.mcu.externaltools.gnu-tools-for-stm32.13.3.rel1.win32_1.0.0.202411081344/tools/bin/../lib/gcc/arm-none-eabi/13.3.1/thumb/v7e-m/nofp\libgcc.a
LOAD C:/ST/STM32CubeIDE_1.19.0/STM32CubeIDE/plugins/com.st.stm32cube.ide.mcu.externaltools.gnu-tools-for-stm32.13.3.rel1.win32_1.0.0.202411081344/tools/bin/../lib/gcc/arm-none-eabi/13.3.1/../../../../arm-none-eabi/lib/thumb/v7e-m/nofp\libc_nano.a
LOAD C:/ST/STM32CubeIDE_1.19.0/STM32CubeIDE/plugins/com.st.stm32cube.ide.mcu.externaltools.gnu-tools-for-stm32.13.3.rel1.win32_1.0.0.202411081344/tools/bin/../lib/gcc/arm-none-eabi/13.3.1/../../../../arm-none-eabi/lib/thumb/v7e-m/nofp\libnosys.a
END GROUP
LOAD C:/ST/STM32CubeIDE_1.19.0/STM32CubeIDE/plugins/com.st.stm32cube.ide.mcu.externaltools.gnu-tools-for-stm32.13.3.rel1.win32_1.0.0.202411081344/tools/bin/../lib/gcc/arm-none-eabi/13.3.1/thumb/v7e-m/nofp/crtend.o
LOAD C:/ST/STM32CubeIDE_1.19.0/STM32CubeIDE/plugins/com.st.stm32cube.ide.mcu.externaltools.gnu-tools-for-stm32.13.3.rel1.win32_1.0.0.202411081344/tools/bin/../lib/gcc/arm-none-eabi/13.3.1/thumb/v7e-m/nofp/crtn.o
                0x20008000                        _estack = (ORIGIN (RAM1) + LENGTH (RAM1))
                0x00000200                        _Min_Heap_Size = 0x200
                0x00000800                        _Min_Stack_Size = 0x800

.isr_vector     0x08000000      0x138
                0x08000000                        . = ALIGN (0x8)
 *(.isr_vector)
 .isr_vector    0x08000000      0x138 ./Application/User/Startup/startup_stm32wl55jcix.o
                0x08000000                g_pfnVectors
                0x08000138                        . = ALIGN (0x8)

.text           0x08000140     0xbdb8
                0x08000140                        . = ALIGN (0x8)
 *(.text)
 .text          0x08000140       0x40 C:/ST/STM32CubeIDE_1.19.0/STM32CubeIDE/plugins/com.st.stm32cube.ide.mcu.externaltools.gnu-tools-for-stm32.13.3.rel1.win32_1.0.0.202411081344/tools/bin/../lib/gcc/arm-none-eabi/13.3.1/thumb/v7e-m/nofp/crtbegin.o
 .text          0x08000180       0xa0 C:/ST/STM32CubeIDE_1.19.0/STM32CubeIDE/plugins/com.st.stm32cube.ide.mcu.externaltools.gnu-tools-for-stm32.13.3.rel1.win32_1.0.0.202411081344/tools/bin/../lib/gcc/arm-none-eabi/13.3.1/../../../../arm-none-eabi/lib/thumb/v7e-m/nofp\libc_nano.a(libc_a-memchr.o)
                0x08000180                memchr
 .text          0x08000220       0x10 C:/ST/STM32CubeIDE_1.19.0/STM32CubeIDE/plugins/com.st.stm32cube.ide.mcu.externaltools.gnu-tools-for-stm32.13.3.rel1.win32_1.0.0.202411081344/tools/bin/../lib/gcc/arm-none-eabi/13.3.1/../../../../arm-none-eabi/lib/thumb/v7e-m/nofp\libc_nano.a(libc_a-strlen.o)
                0x08000220                strlen
 .text          0x08000230      0x378 C:/ST/STM32CubeIDE_1.19.0/STM32CubeIDE/plugins/com.st.stm32cube.ide.mcu.externaltools.gnu-tools-for-stm32.13.3.rel1.win32_1.0.0.202411081344/tools/bin/../lib/gcc/arm-none-eabi/13.3.1/thumb/v7e-m/nofp\libgcc.a(_arm_addsubdf3.o)
                0x08000230                __aeabi_drsub
                0x08000238                __aeabi_dsub
                0x08000238                __subdf3
                0x0800023c                __aeabi_dadd
                0x0800023c                __adddf3
                0x080004b4                __floatunsidf
                0x080004b4                __aeabi_ui2d
                0x080004d4                __floatsidf
                0x080004d4                __aeabi_i2d
                0x080004f8                __aeabi_f2d
                0x080004f8                __extendsfdf2
                0x0800053c                __floatundidf
                0x0800053c                __aeabi_ul2d
                0x0800054c                __floatdidf
                0x0800054c                __aeabi_l2d
 .text          0x080005a8      0x424 C:/ST/STM32CubeIDE_1.19.0/STM32CubeIDE/plugins/com.st.stm32cube.ide.mcu.externaltools.gnu-tools-for-stm32.13.3.rel1.win32_1.0.0.202411081344/tools/bin/../lib/gcc/arm-none-eabi/13.3.1/thumb/v7e-m/nofp\libgcc.a(_arm_muldivdf3.o)
                0x080005a8                __aeabi_dmul
                0x080005a8                __muldf3
                0x080007fc                __divdf3
                0x080007fc                __aeabi_ddiv
 .text          0x080009cc      0x110 C:/ST/STM32CubeIDE_1.19.0/STM32CubeIDE/plugins/com.st.stm32cube.ide.mcu.externaltools.gnu-tools-for-stm32.13.3.rel1.win32_1.0.0.202411081344/tools/bin/../lib/gcc/arm-none-eabi/13.3.1/thumb/v7e-m/nofp\libgcc.a(_arm_cmpdf2.o)
                0x080009cc                __gtdf2
                0x080009cc                __gedf2
                0x080009d4                __ltdf2
                0x080009d4                __ledf2
                0x080009dc                __nedf2
                0x080009dc                __eqdf2
                0x080009dc                __cmpdf2
                0x08000a58                __aeabi_cdrcmple
                0x08000a68                __aeabi_cdcmpeq
                0x08000a68                __aeabi_cdcmple
                0x08000a78                __aeabi_dcmpeq
                0x08000a8c                __aeabi_dcmplt
                0x08000aa0                __aeabi_dcmple
                0x08000ab4                __aeabi_dcmpge
                0x08000ac8                __aeabi_dcmpgt
 .text          0x08000adc       0x2c C:/ST/STM32CubeIDE_1.19.0/STM32CubeIDE/plugins/com.st.stm32cube.ide.mcu.externaltools.gnu-tools-for-stm32.13.3.rel1.win32_1.0.0.202411081344/tools/bin/../lib/gcc/arm-none-eabi/13.3.1/thumb/v7e-m/nofp\libgcc.a(_arm_unorddf2.o)
                0x08000adc                __unorddf2
                0x08000adc                __aeabi_dcmpun
 .text          0x08000b08       0x50 C:/ST/STM32CubeIDE_1.19.0/STM32CubeIDE/plugins/com.st.stm32cube.ide.mcu.externaltools.gnu-tools-for-stm32.13.3.rel1.win32_1.0.0.202411081344/tools/bin/../lib/gcc/arm-none-eabi/13.3.1/thumb/v7e-m/nofp\libgcc.a(_arm_fixdfsi.o)
                0x08000b08                __aeabi_d2iz
                0x08000b08                __fixdfsi
 .text          0x08000b58       0x40 C:/ST/STM32CubeIDE_1.19.0/STM32CubeIDE/plugins/com.st.stm32cube.ide.mcu.externaltools.gnu-tools-for-stm32.13.3.rel1.win32_1.0.0.202411081344/tools/bin/../lib/gcc/arm-none-eabi/13.3.1/thumb/v7e-m/nofp\libgcc.a(_arm_fixunsdfsi.o)
                0x08000b58                __aeabi_d2uiz
                0x08000b58                __fixunsdfsi
 .text          0x08000b98       0xa0 C:/ST/STM32CubeIDE_1.19.0/STM32CubeIDE/plugins/com.st.stm32cube.ide.mcu.externaltools.gnu-tools-for-stm32.13.3.rel1.win32_1.0.0.202411081344/tools/bin/../lib/gcc/arm-none-eabi/13.3.1/thumb/v7e-m/nofp\libgcc.a(_arm_truncdfsf2.o)
                0x08000b98                __truncdfsf2
                0x08000b98                __aeabi_d2f
 .text          0x08000c38      0x21c C:/ST/STM32CubeIDE_1.19.0/STM32CubeIDE/plugins/com.st.stm32cube.ide.mcu.externaltools.gnu-tools-for-stm32.13.3.rel1.win32_1.0.0.202411081344/tools/bin/../lib/gcc/arm-none-eabi/13.3.1/thumb/v7e-m/nofp\libgcc.a(_arm_addsubsf3.o)
                0x08000c38                __aeabi_frsub
                0x08000c40                __subsf3
                0x08000c40                __aeabi_fsub
                0x08000c44                __aeabi_fadd
                0x08000c44                __addsf3
                0x08000da4                __aeabi_ui2f
                0x08000da4                __floatunsisf
                0x08000dac                __aeabi_i2f
                0x08000dac                __floatsisf
                0x08000dc8                __aeabi_ul2f
                0x08000dc8                __floatundisf
                0x08000dd8                __aeabi_l2f
                0x08000dd8                __floatdisf
 .text          0x08000e54      0x2a0 C:/ST/STM32CubeIDE_1.19.0/STM32CubeIDE/plugins/com.st.stm32cube.ide.mcu.externaltools.gnu-tools-for-stm32.13.3.rel1.win32_1.0.0.202411081344/tools/bin/../lib/gcc/arm-none-eabi/13.3.1/thumb/v7e-m/nofp\libgcc.a(_arm_muldivsf3.o)
                0x08000e54                __mulsf3
                0x08000e54                __aeabi_fmul
                0x08000fbc                __aeabi_fdiv
                0x08000fbc                __divsf3
 .text          0x080010f4       0x4c C:/ST/STM32CubeIDE_1.19.0/STM32CubeIDE/plugins/com.st.stm32cube.ide.mcu.externaltools.gnu-tools-for-stm32.13.3.rel1.win32_1.0.0.202411081344/tools/bin/../lib/gcc/arm-none-eabi/13.3.1/thumb/v7e-m/nofp\libgcc.a(_arm_fixsfsi.o)
                0x080010f4                __aeabi_f2iz
                0x080010f4                __fixsfsi
 .text          0x08001140       0x30 C:/ST/STM32CubeIDE_1.19.0/STM32CubeIDE/plugins/com.st.stm32cube.ide.mcu.externaltools.gnu-tools-for-stm32.13.3.rel1.win32_1.0.0.202411081344/tools/bin/../lib/gcc/arm-none-eabi/13.3.1/thumb/v7e-m/nofp\libgcc.a(_aeabi_uldivmod.o)
                0x08001140                __aeabi_uldivmod
 .text          0x08001170       0x30 C:/ST/STM32CubeIDE_1.19.0/STM32CubeIDE/plugins/com.st.stm32cube.ide.mcu.externaltools.gnu-tools-for-stm32.13.3.rel1.win32_1.0.0.202411081344/tools/bin/../lib/gcc/arm-none-eabi/13.3.1/thumb/v7e-m/nofp\libgcc.a(_fixdfdi.o)
                0x08001170                __fixdfdi
                0x08001170                __aeabi_d2lz
 .text          0x080011a0       0x3c C:/ST/STM32CubeIDE_1.19.0/STM32CubeIDE/plugins/com.st.stm32cube.ide.mcu.externaltools.gnu-tools-for-stm32.13.3.rel1.win32_1.0.0.202411081344/tools/bin/../lib/gcc/arm-none-eabi/13.3.1/thumb/v7e-m/nofp\libgcc.a(_fixunsdfdi.o)
                0x080011a0                __fixunsdfdi
                0x080011a0                __aeabi_d2ulz
 .text          0x080011dc      0x2f8 C:/ST/STM32CubeIDE_1.19.0/STM32CubeIDE/plugins/com.st.stm32cube.ide.mcu.externaltools.gnu-tools-for-stm32.13.3.rel1.win32_1.0.0.202411081344/tools/bin/../lib/gcc/arm-none-eabi/13.3.1/thumb/v7e-m/nofp\libgcc.a(_udivmoddi4.o)
                0x080011dc                __udivmoddi4
 .text          0x080014d4        0x4 C:/ST/STM32CubeIDE_1.19.0/STM32CubeIDE/plugins/com.st.stm32cube.ide.mcu.externaltools.gnu-tools-for-stm32.13.3.rel1.win32_1.0.0.202411081344/tools/bin/../lib/gcc/arm-none-eabi/13.3.1/thumb/v7e-m/nofp\libgcc.a(_dvmd_tls.o)
                0x080014d4                __aeabi_idiv0
                0x080014d4                __aeabi_ldiv0
 *(.text*)
 .text.DBG_Init
                0x080014d8       0x88 ./Application/User/Common/System/sys_debug.o
                0x080014d8                DBG_Init
 .text.MX_DMA_Init
                0x08001560       0x42 ./Application/User/Core/dma.o
                0x08001560                MX_DMA_Init
 *fill*         0x080015a2        0x2 
 .text.MX_GPIO_Init
                0x080015a4       0x90 ./Application/User/Core/gpio.o
                0x080015a4                MX_GPIO_Init
 .text.GPS_Parse_GGA
                0x08001634      0x188 ./Application/User/Core/gps_parse.o
                0x08001634                GPS_Parse_GGA
 .text.ParseGpsData
                0x080017bc       0xdc ./Application/User/Core/gps_parse.o
                0x080017bc                ParseGpsData
 .text.MX_IPCC_Init
                0x08001898       0x20 ./Application/User/Core/ipcc.o
                0x08001898                MX_IPCC_Init
 .text.HAL_IPCC_MspInit
                0x080018b8       0x50 ./Application/User/Core/ipcc.o
                0x080018b8                HAL_IPCC_MspInit
 .text.IpccIfIsrTxCb
                0x08001908       0x10 ./Application/User/Core/ipcc_if.o
 .text.IpccIfIsrRxCb
                0x08001918       0x10 ./Application/User/Core/ipcc_if.o
 .text.IPCC_IF_Init
                0x08001928       0x68 ./Application/User/Core/ipcc_if.o
                0x08001928                IPCC_IF_Init
 .text.IPCC_IF_CommandSnd
                0x08001990       0x1c ./Application/User/Core/ipcc_if.o
                0x08001990                IPCC_IF_CommandSnd
 .text.IPCC_IF_AcknowledgeSnd
                0x080019ac       0x1c ./Application/User/Core/ipcc_if.o
                0x080019ac                IPCC_IF_AcknowledgeSnd
 .text.USART1_DMA_Init
                0x080019c8       0xe4 ./Application/User/Core/main.o
                0x080019c8                USART1_DMA_Init
 .text.Error_Handler
                0x08001aac        0x4 ./Application/User/Core/main.o
                0x08001aac                Error_Handler
 .text.SystemClock_Config
                0x08001ab0       0x90 ./Application/User/Core/main.o
                0x08001ab0                SystemClock_Config
 .text.main     0x08001b40       0x20 ./Application/User/Core/main.o
                0x08001b40                main
 .text.PWR_EnterOffMode
                0x08001b60        0x2 ./Application/User/Core/stm32_lpm_if.o
                0x08001b60                PWR_EnterOffMode
 .text.PWR_ExitOffMode
                0x08001b62        0x2 ./Application/User/Core/stm32_lpm_if.o
                0x08001b62                PWR_ExitOffMode
 .text.PWR_EnterStopMode
                0x08001b64       0x18 ./Application/User/Core/stm32_lpm_if.o
                0x08001b64                PWR_EnterStopMode
 .text.PWR_ExitSleepMode
                0x08001b7c        0x8 ./Application/User/Core/stm32_lpm_if.o
                0x08001b7c                PWR_ExitSleepMode
 .text.PWR_ExitStopMode
                0x08001b84        0xc ./Application/User/Core/stm32_lpm_if.o
                0x08001b84                PWR_ExitStopMode
 .text.PWR_EnterSleepMode
                0x08001b90       0x10 ./Application/User/Core/stm32_lpm_if.o
                0x08001b90                PWR_EnterSleepMode
 .text.HAL_MspInit
                0x08001ba0        0x2 ./Application/User/Core/stm32wlxx_hal_msp.o
                0x08001ba0                HAL_MspInit
 .text.NMI_Handler
                0x08001ba2        0x2 ./Application/User/Core/stm32wlxx_it.o
                0x08001ba2                NMI_Handler
 .text.HardFault_Handler
                0x08001ba4        0x2 ./Application/User/Core/stm32wlxx_it.o
                0x08001ba4                HardFault_Handler
 .text.MemManage_Handler
                0x08001ba6        0x2 ./Application/User/Core/stm32wlxx_it.o
                0x08001ba6                MemManage_Handler
 .text.BusFault_Handler
                0x08001ba8        0x2 ./Application/User/Core/stm32wlxx_it.o
                0x08001ba8                BusFault_Handler
 .text.UsageFault_Handler
                0x08001baa        0x2 ./Application/User/Core/stm32wlxx_it.o
                0x08001baa                UsageFault_Handler
 .text.SVC_Handler
                0x08001bac        0x2 ./Application/User/Core/stm32wlxx_it.o
                0x08001bac                SVC_Handler
 .text.DebugMon_Handler
                0x08001bae        0x2 ./Application/User/Core/stm32wlxx_it.o
                0x08001bae                DebugMon_Handler
 .text.PendSV_Handler
                0x08001bb0        0x2 ./Application/User/Core/stm32wlxx_it.o
                0x08001bb0                PendSV_Handler
 .text.SysTick_Handler
                0x08001bb2        0x2 ./Application/User/Core/stm32wlxx_it.o
                0x08001bb2                SysTick_Handler
 .text.DMA1_Channel5_IRQHandler
                0x08001bb4       0x10 ./Application/User/Core/stm32wlxx_it.o
                0x08001bb4                DMA1_Channel5_IRQHandler
 .text.USART2_IRQHandler
                0x08001bc4       0x10 ./Application/User/Core/stm32wlxx_it.o
                0x08001bc4                USART2_IRQHandler
 .text.IPCC_C1_RX_IRQHandler
                0x08001bd4       0x10 ./Application/User/Core/stm32wlxx_it.o
                0x08001bd4                IPCC_C1_RX_IRQHandler
 .text.IPCC_C1_TX_IRQHandler
                0x08001be4       0x10 ./Application/User/Core/stm32wlxx_it.o
                0x08001be4                IPCC_C1_TX_IRQHandler
 .text.USART1_IRQHandler
                0x08001bf4       0x10 ./Application/User/Core/stm32wlxx_it.o
                0x08001bf4                USART1_IRQHandler
 .text.DMA1_Channel1_IRQHandler
                0x08001c04       0x10 ./Application/User/Core/stm32wlxx_it.o
                0x08001c04                DMA1_Channel1_IRQHandler
 .text.DMA1_Channel2_IRQHandler
                0x08001c14       0x10 ./Application/User/Core/stm32wlxx_it.o
                0x08001c14                DMA1_Channel2_IRQHandler
 .text.tiny_snprintf_like
                0x08001c24       0x1c ./Application/User/Core/sys_app.o
 .text.TimestampNow
                0x08001c40       0x30 ./Application/User/Core/sys_app.o
 .text.MBMUXIF_Init
                0x08001c70       0xd0 ./Application/User/Core/sys_app.o
 .text.SystemApp_Init
                0x08001d40       0x50 ./Application/User/Core/sys_app.o
                0x08001d40                SystemApp_Init
 .text.Process_Sys_Notif
                0x08001d90       0x3c ./Application/User/Core/sys_app.o
                0x08001d90                Process_Sys_Notif
 .text.UTIL_SEQ_EvtIdle
                0x08001dcc        0xa ./Application/User/Core/sys_app.o
                0x08001dcc                UTIL_SEQ_EvtIdle
 .text.UTIL_SEQ_Idle
                0x08001dd6        0x8 ./Application/User/Core/sys_app.o
                0x08001dd6                UTIL_SEQ_Idle
 .text.UTIL_ADV_TRACE_PreSendHook
                0x08001dde        0xc ./Application/User/Core/sys_app.o
                0x08001dde                UTIL_ADV_TRACE_PreSendHook
 .text.UTIL_ADV_TRACE_PostSendHook
                0x08001dea        0xc ./Application/User/Core/sys_app.o
                0x08001dea                UTIL_ADV_TRACE_PostSendHook
 .text.HAL_InitTick
                0x08001df6        0x4 ./Application/User/Core/sys_app.o
                0x08001df6                HAL_InitTick
 *fill*         0x08001dfa        0x2 
 .text.HAL_GetTick
                0x08001dfc       0x18 ./Application/User/Core/sys_app.o
                0x08001dfc                HAL_GetTick
 .text.HAL_Delay
                0x08001e14       0x12 ./Application/User/Core/sys_app.o
                0x08001e14                HAL_Delay
 .text._getpid  0x08001e26        0x4 ./Application/User/Core/syscalls.o
                0x08001e26                _getpid
 .text._kill    0x08001e2a       0x10 ./Application/User/Core/syscalls.o
                0x08001e2a                _kill
 .text._exit    0x08001e3a        0xc ./Application/User/Core/syscalls.o
                0x08001e3a                _exit
 .text._read    0x08001e46       0x20 ./Application/User/Core/syscalls.o
                0x08001e46                _read
 .text._write   0x08001e66       0x1c ./Application/User/Core/syscalls.o
                0x08001e66                _write
 .text._close   0x08001e82        0x6 ./Application/User/Core/syscalls.o
                0x08001e82                _close
 .text._fstat   0x08001e88        0xa ./Application/User/Core/syscalls.o
                0x08001e88                _fstat
 .text._isatty  0x08001e92        0x4 ./Application/User/Core/syscalls.o
                0x08001e92                _isatty
 .text._lseek   0x08001e96        0x4 ./Application/User/Core/syscalls.o
                0x08001e96                _lseek
 *fill*         0x08001e9a        0x2 
 .text._sbrk    0x08001e9c       0x48 ./Application/User/Core/sysmem.o
                0x08001e9c                _sbrk
 .text.TIMER_IF_SetTimerContext
                0x08001ee4       0x24 ./Application/User/Core/timer_if.o
                0x08001ee4                TIMER_IF_SetTimerContext
 .text.TIMER_IF_GetTimerContext
                0x08001f08        0xc ./Application/User/Core/timer_if.o
                0x08001f08                TIMER_IF_GetTimerContext
 .text.TIMER_IF_GetTimerElapsedTime
                0x08001f14       0x24 ./Application/User/Core/timer_if.o
                0x08001f14                TIMER_IF_GetTimerElapsedTime
 .text.TIMER_IF_GetTimerValue
                0x08001f38       0x28 ./Application/User/Core/timer_if.o
                0x08001f38                TIMER_IF_GetTimerValue
 .text.TIMER_IF_GetMinimumTimeout
                0x08001f60        0x4 ./Application/User/Core/timer_if.o
                0x08001f60                TIMER_IF_GetMinimumTimeout
 .text.TIMER_IF_Convert_ms2Tick
                0x08001f64       0x14 ./Application/User/Core/timer_if.o
                0x08001f64                TIMER_IF_Convert_ms2Tick
 .text.TIMER_IF_Convert_Tick2ms
                0x08001f78       0x28 ./Application/User/Core/timer_if.o
                0x08001f78                TIMER_IF_Convert_Tick2ms
 .text.TIMER_IF_Init
                0x08001fa0       0x2c ./Application/User/Core/timer_if.o
                0x08001fa0                TIMER_IF_Init
 .text.TIMER_IF_StopTimer
                0x08001fcc       0x20 ./Application/User/Core/timer_if.o
                0x08001fcc                TIMER_IF_StopTimer
 .text.TIMER_IF_StartTimer
                0x08001fec       0x50 ./Application/User/Core/timer_if.o
                0x08001fec                TIMER_IF_StartTimer
 .text.TIMER_IF_BkUp_Read_MSBticks
                0x0800203c       0x10 ./Application/User/Core/timer_if.o
 .text.TIMER_IF_GetTime
                0x0800204c       0x38 ./Application/User/Core/timer_if.o
                0x0800204c                TIMER_IF_GetTime
 .text.TIMER_IF_BkUp_Read_Seconds
                0x08002084       0x10 ./Application/User/Core/timer_if.o
                0x08002084                TIMER_IF_BkUp_Read_Seconds
 .text.TIMER_IF_BkUp_Read_SubSeconds
                0x08002094       0x10 ./Application/User/Core/timer_if.o
                0x08002094                TIMER_IF_BkUp_Read_SubSeconds
 .text.TIMER_IF_BkUp_Write_Seconds
                0x080020a4       0x14 ./Application/User/Core/timer_if.o
                0x080020a4                TIMER_IF_BkUp_Write_Seconds
 .text.TIMER_IF_BkUp_Write_SubSeconds
                0x080020b8       0x14 ./Application/User/Core/timer_if.o
                0x080020b8                TIMER_IF_BkUp_Write_SubSeconds
 .text.TIMER_IF_DelayMs
                0x080020cc       0x3c ./Application/User/Core/timer_if.o
                0x080020cc                TIMER_IF_DelayMs
 .text.MX_USART2_UART_Init
                0x08002108       0x68 ./Application/User/Core/usart.o
                0x08002108                MX_USART2_UART_Init
 .text.HAL_UART_MspInit
                0x08002170       0xe4 ./Application/User/Core/usart.o
                0x08002170                HAL_UART_MspInit
 .text.HAL_UART_MspDeInit
                0x08002254       0x38 ./Application/User/Core/usart.o
                0x08002254                HAL_UART_MspDeInit
 .text.vcom_Init
                0x0800228c       0x28 ./Application/User/Core/usart_if.o
                0x0800228c                vcom_Init
 .text.vcom_DeInit
                0x080022b4       0x2c ./Application/User/Core/usart_if.o
                0x080022b4                vcom_DeInit
 .text.vcom_Trace_DMA
                0x080022e0       0x14 ./Application/User/Core/usart_if.o
                0x080022e0                vcom_Trace_DMA
 .text.vcom_ReceiveInit
                0x080022f4       0x5c ./Application/User/Core/usart_if.o
                0x080022f4                vcom_ReceiveInit
 .text.vcom_Resume
                0x08002350       0x28 ./Application/User/Core/usart_if.o
                0x08002350                vcom_Resume
 .text.HAL_UART_TxCpltCallback
                0x08002378       0x20 ./Application/User/Core/usart_if.o
                0x08002378                HAL_UART_TxCpltCallback
 .text.HAL_UART_RxCpltCallback
                0x08002398       0x38 ./Application/User/Core/usart_if.o
                0x08002398                HAL_UART_RxCpltCallback
 .text.MBMUX_CheckIfFeatureSupportedByCm0plus
                0x080023d0       0x48 ./Application/User/MbMux/mbmux.o
 .text.MBMUX_IsrResponseRcvCb
                0x08002418       0x1c ./Application/User/MbMux/mbmux.o
 .text.MBMUX_IsrNotificationRcvCb
                0x08002434       0x24 ./Application/User/MbMux/mbmux.o
 .text.MBMUX_FindChStillUnregistered
                0x08002458       0x84 ./Application/User/MbMux/mbmux.o
 .text.MBMUX_GetFeatureChIdx
                0x080024dc       0x14 ./Application/User/MbMux/mbmux.o
 .text.MBMUX_IsrNotRegistered
                0x080024f0        0x8 ./Application/User/MbMux/mbmux.o
 .text.MBMUX_Init
                0x080024f8       0x7c ./Application/User/MbMux/mbmux.o
                0x080024f8                MBMUX_Init
 .text.MBMUX_SetCm0plusFeatureListPtr
                0x08002574        0xc ./Application/User/MbMux/mbmux.o
                0x08002574                MBMUX_SetCm0plusFeatureListPtr
 .text.MBMUX_RegisterFeature
                0x08002580       0xa8 ./Application/User/MbMux/mbmux.o
                0x08002580                MBMUX_RegisterFeature
 .text.MBMUX_GetFeatureComPtr
                0x08002628       0x34 ./Application/User/MbMux/mbmux.o
                0x08002628                MBMUX_GetFeatureComPtr
 .text.MBMUX_CommandSnd
                0x0800265c       0x30 ./Application/User/MbMux/mbmux.o
                0x0800265c                MBMUX_CommandSnd
 .text.MBMUX_AcknowledgeSnd
                0x0800268c        0xe ./Application/User/MbMux/mbmux.o
                0x0800268c                MBMUX_AcknowledgeSnd
 *fill*         0x0800269a        0x2 
 .text.MBMUXIF_TaskRadioNotifRcv
                0x0800269c       0x10 ./Application/User/MbMux/mbmuxif_radio.o
 .text.MBMUXIF_IsrRadioNotifRcvCb
                0x080026ac       0x14 ./Application/User/MbMux/mbmuxif_radio.o
 .text.MBMUXIF_IsrRadioRespRcvCb
                0x080026c0        0xa ./Application/User/MbMux/mbmuxif_radio.o
 *fill*         0x080026ca        0x2 
 .text.MBMUXIF_RadioInit
                0x080026cc       0x80 ./Application/User/MbMux/mbmuxif_radio.o
                0x080026cc                MBMUXIF_RadioInit
 .text.MBMUXIF_GetRadioFeatureCmdComPtr
                0x0800274c       0x18 ./Application/User/MbMux/mbmuxif_radio.o
                0x0800274c                MBMUXIF_GetRadioFeatureCmdComPtr
 .text.MBMUXIF_RadioSendCmd
                0x08002764       0x18 ./Application/User/MbMux/mbmuxif_radio.o
                0x08002764                MBMUXIF_RadioSendCmd
 .text.MBMUXIF_IsrSystemPrioARespRcvCb
                0x0800277c        0x2 ./Application/User/MbMux/mbmuxif_sys.o
 .text.MBMUXIF_IsrSystemPrioBRespRcvCb
                0x0800277e        0x2 ./Application/User/MbMux/mbmuxif_sys.o
 .text.MBMUXIF_IsrSystemPrioBNotifRcvCb
                0x08002780        0x2 ./Application/User/MbMux/mbmuxif_sys.o
 *fill*         0x08002782        0x2 
 .text.MBMUXIF_TaskSystemNotifRcv
                0x08002784       0x10 ./Application/User/MbMux/mbmuxif_sys.o
 .text.MBMUXIF_IsrSystemNotifRcvCb
                0x08002794       0x14 ./Application/User/MbMux/mbmuxif_sys.o
 .text.MBMUXIF_IsrSystemRespRcvCb
                0x080027a8       0x20 ./Application/User/MbMux/mbmuxif_sys.o
 .text.MBMUXIF_SetCpusSynchroFlag
                0x080027c8       0x10 ./Application/User/MbMux/mbmuxif_sys.o
                0x080027c8                MBMUXIF_SetCpusSynchroFlag
 .text.MBMUXIF_SystemInit
                0x080027d8      0x168 ./Application/User/MbMux/mbmuxif_sys.o
                0x080027d8                MBMUXIF_SystemInit
 .text.MBMUXIF_WaitCm0MbmuxIsInitialized
                0x08002940       0x18 ./Application/User/MbMux/mbmuxif_sys.o
                0x08002940                MBMUXIF_WaitCm0MbmuxIsInitialized
 .text.MBMUXIF_GetSystemFeatureCmdComPtr
                0x08002958       0x16 ./Application/User/MbMux/mbmuxif_sys.o
                0x08002958                MBMUXIF_GetSystemFeatureCmdComPtr
 *fill*         0x0800296e        0x2 
 .text.MBMUXIF_SystemSendCmd
                0x08002970       0x38 ./Application/User/MbMux/mbmuxif_sys.o
                0x08002970                MBMUXIF_SystemSendCmd
 .text.MBMUXIF_SystemSendAck
                0x080029a8       0x10 ./Application/User/MbMux/mbmuxif_sys.o
                0x080029a8                MBMUXIF_SystemSendAck
 .text.MBMUXIF_IsrSystemPrioANotifRcvCb
                0x080029b8        0xe ./Application/User/MbMux/mbmuxif_sys.o
 .text.MBMUXIF_SystemSendCm0plusInfoListReq
                0x080029c6       0x1e ./Application/User/MbMux/mbmuxif_sys.o
                0x080029c6                MBMUXIF_SystemSendCm0plusInfoListReq
 .text.MBMUXIF_SystemGetFeatCapabInfoPtr
                0x080029e4       0x40 ./Application/User/MbMux/mbmuxif_sys.o
                0x080029e4                MBMUXIF_SystemGetFeatCapabInfoPtr
 .text.MBMUXIF_SystemSendCm0plusRegistrationCmd
                0x08002a24       0x28 ./Application/User/MbMux/mbmuxif_sys.o
                0x08002a24                MBMUXIF_SystemSendCm0plusRegistrationCmd
 .text.MBMUXIF_SystemPrio_Add
                0x08002a4c       0x8c ./Application/User/MbMux/mbmuxif_sys.o
                0x08002a4c                MBMUXIF_SystemPrio_Add
 .text.MBMUXIF_TraceInit
                0x08002ad8       0x38 ./Application/User/MbMux/mbmuxif_trace.o
                0x08002ad8                MBMUXIF_TraceInit
 .text.MBMUXIF_TraceSendAck
                0x08002b10       0x12 ./Application/User/MbMux/mbmuxif_trace.o
                0x08002b10                MBMUXIF_TraceSendAck
 .text.MBMUXIF_IsrTraceNotifRcvCb
                0x08002b22       0x20 ./Application/User/MbMux/mbmuxif_trace.o
 .text.RadioSetTxGenericConfig
                0x08002b42       0x32 ./Application/User/MbMux/radio_mbwrapper.o
 .text.RadioSetRxGenericConfig
                0x08002b74       0x32 ./Application/User/MbMux/radio_mbwrapper.o
 .text.RadioIrqProcess
                0x08002ba6       0x14 ./Application/User/MbMux/radio_mbwrapper.o
 .text.RadioGetWakeUpTime
                0x08002bba       0x18 ./Application/User/MbMux/radio_mbwrapper.o
 .text.RadioStartCad
                0x08002bd2       0x14 ./Application/User/MbMux/radio_mbwrapper.o
 .text.RadioStandby
                0x08002be6       0x14 ./Application/User/MbMux/radio_mbwrapper.o
 .text.RadioSleep
                0x08002bfa       0x14 ./Application/User/MbMux/radio_mbwrapper.o
 .text.RadioRandom
                0x08002c0e       0x18 ./Application/User/MbMux/radio_mbwrapper.o
 .text.RadioGetStatus
                0x08002c26       0x18 ./Application/User/MbMux/radio_mbwrapper.o
 .text.RadioTxCw
                0x08002c3e       0x1a ./Application/User/MbMux/radio_mbwrapper.o
 .text.RadioTxPrbs
                0x08002c58       0x14 ./Application/User/MbMux/radio_mbwrapper.o
 .text.RadioSetRxDutyCycle
                0x08002c6c       0x1e ./Application/User/MbMux/radio_mbwrapper.o
 .text.RadioRxBoosted
                0x08002c8a       0x1a ./Application/User/MbMux/radio_mbwrapper.o
 .text.RadioSetPublicNetwork
                0x08002ca4       0x1a ./Application/User/MbMux/radio_mbwrapper.o
 .text.RadioSetMaxPayloadLength
                0x08002cbe       0x1e ./Application/User/MbMux/radio_mbwrapper.o
 .text.RadioReadRegisters
                0x08002cdc       0x22 ./Application/User/MbMux/radio_mbwrapper.o
 .text.RadioWriteRegisters
                0x08002cfe       0x22 ./Application/User/MbMux/radio_mbwrapper.o
 .text.RadioRead
                0x08002d20       0x1e ./Application/User/MbMux/radio_mbwrapper.o
 .text.RadioWrite
                0x08002d3e       0x1e ./Application/User/MbMux/radio_mbwrapper.o
 .text.RadioRssi
                0x08002d5c       0x20 ./Application/User/MbMux/radio_mbwrapper.o
 .text.RadioSetTxContinuousWave
                0x08002d7c       0x22 ./Application/User/MbMux/radio_mbwrapper.o
 .text.RadioRx  0x08002d9e       0x1a ./Application/User/MbMux/radio_mbwrapper.o
 .text.RadioSend
                0x08002db8       0x22 ./Application/User/MbMux/radio_mbwrapper.o
 .text.RadioGetTimeOnAir
                0x08002dda       0x4a ./Application/User/MbMux/radio_mbwrapper.o
 .text.RadioCheckRfFrequency
                0x08002e24       0x24 ./Application/User/MbMux/radio_mbwrapper.o
 .text.RadioSetTxConfig
                0x08002e48       0x5e ./Application/User/MbMux/radio_mbwrapper.o
 .text.RadioSetRxConfig
                0x08002ea6       0x66 ./Application/User/MbMux/radio_mbwrapper.o
 .text.RadioIsChannelFree
                0x08002f0c       0x36 ./Application/User/MbMux/radio_mbwrapper.o
 .text.RadioSetChannel
                0x08002f42       0x1a ./Application/User/MbMux/radio_mbwrapper.o
 .text.RadioSetModem
                0x08002f5c       0x1a ./Application/User/MbMux/radio_mbwrapper.o
 *fill*         0x08002f76        0x2 
 .text.RadioInit
                0x08002f78       0x40 ./Application/User/MbMux/radio_mbwrapper.o
 .text.Process_Radio_Notif
                0x08002fb8       0xac ./Application/User/MbMux/radio_mbwrapper.o
                0x08002fb8                Process_Radio_Notif
 .text.data_initializers
                0x08003064       0x18 ./Application/User/Startup/startup_stm32wl55jcix.o
 .text.Reset_Handler
                0x0800307c       0x64 ./Application/User/Startup/startup_stm32wl55jcix.o
                0x0800307c                Reset_Handler
 .text.Default_Handler
                0x080030e0        0x2 ./Application/User/Startup/startup_stm32wl55jcix.o
                0x080030e0                RTC_Alarm_IRQHandler
                0x080030e0                EXTI2_IRQHandler
                0x080030e0                TIM1_CC_IRQHandler
                0x080030e0                EXTI3_IRQHandler
                0x080030e0                LPTIM2_IRQHandler
                0x080030e0                I2C3_ER_IRQHandler
                0x080030e0                LPTIM3_IRQHandler
                0x080030e0                EXTI0_IRQHandler
                0x080030e0                I2C2_EV_IRQHandler
                0x080030e0                TAMP_STAMP_LSECSS_SSRU_IRQHandler
                0x080030e0                SPI1_IRQHandler
                0x080030e0                DMA2_Channel2_IRQHandler
                0x080030e0                DMA1_Channel4_IRQHandler
                0x080030e0                PKA_IRQHandler
                0x080030e0                TIM17_IRQHandler
                0x080030e0                DMA1_Channel7_IRQHandler
                0x080030e0                SUBGHZSPI_IRQHandler
                0x080030e0                DMA2_Channel1_IRQHandler
                0x080030e0                I2C1_EV_IRQHandler
                0x080030e0                SUBGHZ_Radio_IRQHandler
                0x080030e0                DMAMUX1_OVR_IRQHandler
                0x080030e0                DMA1_Channel6_IRQHandler
                0x080030e0                TIM16_IRQHandler
                0x080030e0                DMA2_Channel4_IRQHandler
                0x080030e0                RCC_IRQHandler
                0x080030e0                TIM1_TRG_COM_IRQHandler
                0x080030e0                Default_Handler
                0x080030e0                DMA2_Channel7_IRQHandler
                0x080030e0                EXTI15_10_IRQHandler
                0x080030e0                ADC_IRQHandler
                0x080030e0                C2SEV_PWR_C2H_IRQHandler
                0x080030e0                I2C3_EV_IRQHandler
                0x080030e0                EXTI9_5_IRQHandler
                0x080030e0                RTC_WKUP_IRQHandler
                0x080030e0                PVD_PVM_IRQHandler
                0x080030e0                SPI2_IRQHandler
                0x080030e0                DMA2_Channel5_IRQHandler
                0x080030e0                EXTI4_IRQHandler
                0x080030e0                RNG_IRQHandler
                0x080030e0                DMA1_Channel3_IRQHandler
                0x080030e0                COMP_IRQHandler
                0x080030e0                HSEM_IRQHandler
                0x080030e0                TIM1_UP_IRQHandler
                0x080030e0                WWDG_IRQHandler
                0x080030e0                LPUART1_IRQHandler
                0x080030e0                DMA2_Channel6_IRQHandler
                0x080030e0                TIM2_IRQHandler
                0x080030e0                TIM1_BRK_IRQHandler
                0x080030e0                DAC_IRQHandler
                0x080030e0                EXTI1_IRQHandler
                0x080030e0                AES_IRQHandler
                0x080030e0                I2C2_ER_IRQHandler
                0x080030e0                FLASH_IRQHandler
                0x080030e0                I2C1_ER_IRQHandler
                0x080030e0                LPTIM1_IRQHandler
                0x080030e0                DMA2_Channel3_IRQHandler
 .text.MX_SubGHz_Phy_Init
                0x080030e2        0xc ./Application/User/SubGHz_Phy/App/app_subghz_phy.o
                0x080030e2                MX_SubGHz_Phy_Init
 .text.MX_SubGHz_Phy_Process
                0x080030ee        0xc ./Application/User/SubGHz_Phy/App/app_subghz_phy.o
                0x080030ee                MX_SubGHz_Phy_Process
 *fill*         0x080030fa        0x2 
 .text.BuildGpsPacket
                0x080030fc       0x74 ./Application/User/SubGHz_Phy/App/subghz_phy_app.o
 .text.OnledEvent
                0x08003170       0x28 ./Application/User/SubGHz_Phy/App/subghz_phy_app.o
 .text.PingPong_Process
                0x08003198      0x1f0 ./Application/User/SubGHz_Phy/App/subghz_phy_app.o
 .text.OnRxError
                0x08003388       0x28 ./Application/User/SubGHz_Phy/App/subghz_phy_app.o
 .text.OnRxTimeout
                0x080033b0       0x24 ./Application/User/SubGHz_Phy/App/subghz_phy_app.o
 .text.OnTxTimeout
                0x080033d4       0x28 ./Application/User/SubGHz_Phy/App/subghz_phy_app.o
 .text.OnTxDone
                0x080033fc       0x28 ./Application/User/SubGHz_Phy/App/subghz_phy_app.o
 .text.OnRxDone
                0x08003424       0xdc ./Application/User/SubGHz_Phy/App/subghz_phy_app.o
 .text.SubghzApp_Init
                0x08003500      0x1d8 ./Application/User/SubGHz_Phy/App/subghz_phy_app.o
                0x08003500                SubghzApp_Init
 .text.SystemInit
                0x080036d8        0x2 ./Drivers/CMSIS/system_stm32wlxx.o
                0x080036d8                SystemInit
 *fill*         0x080036da        0x2 
 .text.HAL_Init
                0x080036dc       0x2c ./Drivers/STM32WLxx_HAL_Driver/stm32wlxx_hal.o
                0x080036dc                HAL_Init
 .text.HAL_SuspendTick
                0x08003708        0xe ./Drivers/STM32WLxx_HAL_Driver/stm32wlxx_hal.o
                0x08003708                HAL_SuspendTick
 .text.HAL_ResumeTick
                0x08003716        0xe ./Drivers/STM32WLxx_HAL_Driver/stm32wlxx_hal.o
                0x08003716                HAL_ResumeTick
 .text.HAL_DBGMCU_DisableDBGSleepMode
                0x08003724       0x10 ./Drivers/STM32WLxx_HAL_Driver/stm32wlxx_hal.o
                0x08003724                HAL_DBGMCU_DisableDBGSleepMode
 .text.HAL_DBGMCU_DisableDBGStopMode
                0x08003734       0x10 ./Drivers/STM32WLxx_HAL_Driver/stm32wlxx_hal.o
                0x08003734                HAL_DBGMCU_DisableDBGStopMode
 .text.HAL_DBGMCU_DisableDBGStandbyMode
                0x08003744       0x10 ./Drivers/STM32WLxx_HAL_Driver/stm32wlxx_hal.o
                0x08003744                HAL_DBGMCU_DisableDBGStandbyMode
 .text.__NVIC_EnableIRQ
                0x08003754       0x1c ./Drivers/STM32WLxx_HAL_Driver/stm32wlxx_hal_cortex.o
 .text.__NVIC_DisableIRQ
                0x08003770       0x24 ./Drivers/STM32WLxx_HAL_Driver/stm32wlxx_hal_cortex.o
 .text.__NVIC_SetPriority
                0x08003794       0x28 ./Drivers/STM32WLxx_HAL_Driver/stm32wlxx_hal_cortex.o
 .text.NVIC_EncodePriority
                0x080037bc       0x3e ./Drivers/STM32WLxx_HAL_Driver/stm32wlxx_hal_cortex.o
 *fill*         0x080037fa        0x2 
 .text.HAL_NVIC_SetPriorityGrouping
                0x080037fc       0x24 ./Drivers/STM32WLxx_HAL_Driver/stm32wlxx_hal_cortex.o
                0x080037fc                HAL_NVIC_SetPriorityGrouping
 .text.HAL_NVIC_SetPriority
                0x08003820       0x20 ./Drivers/STM32WLxx_HAL_Driver/stm32wlxx_hal_cortex.o
                0x08003820                HAL_NVIC_SetPriority
 .text.HAL_NVIC_EnableIRQ
                0x08003840        0x8 ./Drivers/STM32WLxx_HAL_Driver/stm32wlxx_hal_cortex.o
                0x08003840                HAL_NVIC_EnableIRQ
 .text.HAL_NVIC_DisableIRQ
                0x08003848        0x8 ./Drivers/STM32WLxx_HAL_Driver/stm32wlxx_hal_cortex.o
                0x08003848                HAL_NVIC_DisableIRQ
 .text.DMA_SetConfig
                0x08003850       0x4e ./Drivers/STM32WLxx_HAL_Driver/stm32wlxx_hal_dma.o
 *fill*         0x0800389e        0x2 
 .text.DMA_CalcDMAMUXChannelBaseAndMask
                0x080038a0       0x64 ./Drivers/STM32WLxx_HAL_Driver/stm32wlxx_hal_dma.o
 .text.DMA_CalcDMAMUXRequestGenBaseAndMask
                0x08003904       0x2c ./Drivers/STM32WLxx_HAL_Driver/stm32wlxx_hal_dma.o
 .text.HAL_DMA_Init
                0x08003930       0xe0 ./Drivers/STM32WLxx_HAL_Driver/stm32wlxx_hal_dma.o
                0x08003930                HAL_DMA_Init
 .text.HAL_DMA_DeInit
                0x08003a10       0xb8 ./Drivers/STM32WLxx_HAL_Driver/stm32wlxx_hal_dma.o
                0x08003a10                HAL_DMA_DeInit
 .text.HAL_DMA_Start_IT
                0x08003ac8       0x98 ./Drivers/STM32WLxx_HAL_Driver/stm32wlxx_hal_dma.o
                0x08003ac8                HAL_DMA_Start_IT
 .text.HAL_DMA_Abort
                0x08003b60       0x74 ./Drivers/STM32WLxx_HAL_Driver/stm32wlxx_hal_dma.o
                0x08003b60                HAL_DMA_Abort
 .text.HAL_DMA_Abort_IT
                0x08003bd4       0x72 ./Drivers/STM32WLxx_HAL_Driver/stm32wlxx_hal_dma.o
                0x08003bd4                HAL_DMA_Abort_IT
 *fill*         0x08003c46        0x2 
 .text.HAL_DMA_IRQHandler
                0x08003c48       0xe8 ./Drivers/STM32WLxx_HAL_Driver/stm32wlxx_hal_dma.o
                0x08003c48                HAL_DMA_IRQHandler
 .text.HAL_DMA_ConfigChannelAttributes
                0x08003d30       0x26 ./Drivers/STM32WLxx_HAL_Driver/stm32wlxx_hal_dma.o
                0x08003d30                HAL_DMA_ConfigChannelAttributes
 *fill*         0x08003d56        0x2 
 .text.HAL_FLASH_Unlock
                0x08003d58       0x30 ./Drivers/STM32WLxx_HAL_Driver/stm32wlxx_hal_flash.o
                0x08003d58                HAL_FLASH_Unlock
 .text.HAL_FLASH_Lock
                0x08003d88       0x1c ./Drivers/STM32WLxx_HAL_Driver/stm32wlxx_hal_flash.o
                0x08003d88                HAL_FLASH_Lock
 .text.HAL_FLASH_OB_Unlock
                0x08003da4       0x34 ./Drivers/STM32WLxx_HAL_Driver/stm32wlxx_hal_flash.o
                0x08003da4                HAL_FLASH_OB_Unlock
 .text.HAL_FLASH_OB_Lock
                0x08003dd8       0x20 ./Drivers/STM32WLxx_HAL_Driver/stm32wlxx_hal_flash.o
                0x08003dd8                HAL_FLASH_OB_Lock
 .text.HAL_FLASH_OB_Launch
                0x08003df8       0x14 ./Drivers/STM32WLxx_HAL_Driver/stm32wlxx_hal_flash.o
                0x08003df8                HAL_FLASH_OB_Launch
 .text.FLASH_WaitForLastOperation
                0x08003e0c       0x80 ./Drivers/STM32WLxx_HAL_Driver/stm32wlxx_hal_flash.o
                0x08003e0c                FLASH_WaitForLastOperation
 .text.FLASH_OB_WRPConfig
                0x08003e8c       0x2c ./Drivers/STM32WLxx_HAL_Driver/stm32wlxx_hal_flash_ex.o
 .text.FLASH_OB_OptrConfig
                0x08003eb8       0x1c ./Drivers/STM32WLxx_HAL_Driver/stm32wlxx_hal_flash_ex.o
 .text.FLASH_OB_PCROP1AConfig
                0x08003ed4       0x48 ./Drivers/STM32WLxx_HAL_Driver/stm32wlxx_hal_flash_ex.o
 .text.FLASH_OB_PCROP1BConfig
                0x08003f1c       0x18 ./Drivers/STM32WLxx_HAL_Driver/stm32wlxx_hal_flash_ex.o
 .text.FLASH_OB_IPCCBufferAddrConfig
                0x08003f34       0x10 ./Drivers/STM32WLxx_HAL_Driver/stm32wlxx_hal_flash_ex.o
 .text.FLASH_OB_GetWRP
                0x08003f44       0x30 ./Drivers/STM32WLxx_HAL_Driver/stm32wlxx_hal_flash_ex.o
 .text.FLASH_OB_GetRDP
                0x08003f74       0x18 ./Drivers/STM32WLxx_HAL_Driver/stm32wlxx_hal_flash_ex.o
 .text.FLASH_OB_GetUser
                0x08003f8c       0x14 ./Drivers/STM32WLxx_HAL_Driver/stm32wlxx_hal_flash_ex.o
 .text.FLASH_OB_GetPCROP
                0x08003fa0       0x50 ./Drivers/STM32WLxx_HAL_Driver/stm32wlxx_hal_flash_ex.o
 .text.FLASH_OB_GetIPCCBufferAddr
                0x08003ff0       0x18 ./Drivers/STM32WLxx_HAL_Driver/stm32wlxx_hal_flash_ex.o
 .text.FLASH_OB_GetC2BootResetConfig
                0x08004008       0x40 ./Drivers/STM32WLxx_HAL_Driver/stm32wlxx_hal_flash_ex.o
 .text.FLASH_OB_GetSUBGHZSPISecureAccess
                0x08004048       0x10 ./Drivers/STM32WLxx_HAL_Driver/stm32wlxx_hal_flash_ex.o
 .text.FLASH_OB_GetC2DebugAccessMode
                0x08004058       0x10 ./Drivers/STM32WLxx_HAL_Driver/stm32wlxx_hal_flash_ex.o
 .text.FLASH_OB_ConfigSecureMode
                0x08004068       0x16 ./Drivers/STM32WLxx_HAL_Driver/stm32wlxx_hal_flash_ex.o
 *fill*         0x0800407e        0x2 
 .text.FLASH_OB_SecureConfig
                0x08004080      0x134 ./Drivers/STM32WLxx_HAL_Driver/stm32wlxx_hal_flash_ex.o
 .text.FLASH_OB_GetSecureMode
                0x080041b4        0xa ./Drivers/STM32WLxx_HAL_Driver/stm32wlxx_hal_flash_ex.o
 *fill*         0x080041be        0x2 
 .text.FLASH_OB_GetSecureMemoryConfig
                0x080041c0       0x8c ./Drivers/STM32WLxx_HAL_Driver/stm32wlxx_hal_flash_ex.o
 .text.FLASH_OB_ProceedWriteOperation
                0x0800424c       0x28 ./Drivers/STM32WLxx_HAL_Driver/stm32wlxx_hal_flash_ex.o
 .text.HAL_FLASHEx_OBProgram
                0x08004274       0xd4 ./Drivers/STM32WLxx_HAL_Driver/stm32wlxx_hal_flash_ex.o
                0x08004274                HAL_FLASHEx_OBProgram
 .text.HAL_FLASHEx_OBGetConfig
                0x08004348       0x94 ./Drivers/STM32WLxx_HAL_Driver/stm32wlxx_hal_flash_ex.o
                0x08004348                HAL_FLASHEx_OBGetConfig
 .text.HAL_GPIO_Init
                0x080043dc      0x1a4 ./Drivers/STM32WLxx_HAL_Driver/stm32wlxx_hal_gpio.o
                0x080043dc                HAL_GPIO_Init
 .text.HAL_GPIO_DeInit
                0x08004580       0xfc ./Drivers/STM32WLxx_HAL_Driver/stm32wlxx_hal_gpio.o
                0x08004580                HAL_GPIO_DeInit
 .text.HAL_GPIO_WritePin
                0x0800467c        0xa ./Drivers/STM32WLxx_HAL_Driver/stm32wlxx_hal_gpio.o
                0x0800467c                HAL_GPIO_WritePin
 .text.HAL_GPIO_TogglePin
                0x08004686       0x12 ./Drivers/STM32WLxx_HAL_Driver/stm32wlxx_hal_gpio.o
                0x08004686                HAL_GPIO_TogglePin
 .text.HAL_IPCC_RxCallback
                0x08004698        0x2 ./Drivers/STM32WLxx_HAL_Driver/stm32wlxx_hal_ipcc.o
                0x08004698                HAL_IPCC_RxCallback
 .text.HAL_IPCC_TxCallback
                0x0800469a        0x2 ./Drivers/STM32WLxx_HAL_Driver/stm32wlxx_hal_ipcc.o
                0x0800469a                HAL_IPCC_TxCallback
 .text.HAL_IPCC_TX_IRQHandler
                0x0800469c       0x54 ./Drivers/STM32WLxx_HAL_Driver/stm32wlxx_hal_ipcc.o
                0x0800469c                HAL_IPCC_TX_IRQHandler
 .text.HAL_IPCC_RX_IRQHandler
                0x080046f0       0x4c ./Drivers/STM32WLxx_HAL_Driver/stm32wlxx_hal_ipcc.o
                0x080046f0                HAL_IPCC_RX_IRQHandler
 .text.IPCC_UnmaskInterrupt
                0x0800473c       0x30 ./Drivers/STM32WLxx_HAL_Driver/stm32wlxx_hal_ipcc.o
                0x0800473c                IPCC_UnmaskInterrupt
 .text.HAL_IPCC_ActivateNotification
                0x0800476c       0x66 ./Drivers/STM32WLxx_HAL_Driver/stm32wlxx_hal_ipcc.o
                0x0800476c                HAL_IPCC_ActivateNotification
 *fill*         0x080047d2        0x2 
 .text.HAL_IPCC_NotifyCPU
                0x080047d4       0x48 ./Drivers/STM32WLxx_HAL_Driver/stm32wlxx_hal_ipcc.o
                0x080047d4                HAL_IPCC_NotifyCPU
 .text.IPCC_SetDefaultCallbacks
                0x0800481c       0x28 ./Drivers/STM32WLxx_HAL_Driver/stm32wlxx_hal_ipcc.o
                0x0800481c                IPCC_SetDefaultCallbacks
 .text.IPCC_Reset_Register
                0x08004844       0x10 ./Drivers/STM32WLxx_HAL_Driver/stm32wlxx_hal_ipcc.o
                0x08004844                IPCC_Reset_Register
 .text.HAL_IPCC_Init
                0x08004854       0x3c ./Drivers/STM32WLxx_HAL_Driver/stm32wlxx_hal_ipcc.o
                0x08004854                HAL_IPCC_Init
 .text.HAL_PWR_EnableBkUpAccess
                0x08004890       0x10 ./Drivers/STM32WLxx_HAL_Driver/stm32wlxx_hal_pwr.o
                0x08004890                HAL_PWR_EnableBkUpAccess
 .text.HAL_PWR_EnterSLEEPMode
                0x080048a0       0x4c ./Drivers/STM32WLxx_HAL_Driver/stm32wlxx_hal_pwr.o
                0x080048a0                HAL_PWR_EnterSLEEPMode
 .text.HAL_PWREx_GetVoltageRange
                0x080048ec       0x10 ./Drivers/STM32WLxx_HAL_Driver/stm32wlxx_hal_pwr_ex.o
                0x080048ec                HAL_PWREx_GetVoltageRange
 .text.HAL_PWREx_ReleaseCore
                0x080048fc       0x10 ./Drivers/STM32WLxx_HAL_Driver/stm32wlxx_hal_pwr_ex.o
                0x080048fc                HAL_PWREx_ReleaseCore
 .text.HAL_PWREx_EnableLowPowerRunMode
                0x0800490c       0x10 ./Drivers/STM32WLxx_HAL_Driver/stm32wlxx_hal_pwr_ex.o
                0x0800490c                HAL_PWREx_EnableLowPowerRunMode
 .text.HAL_PWREx_DisableLowPowerRunMode
                0x0800491c       0x4c ./Drivers/STM32WLxx_HAL_Driver/stm32wlxx_hal_pwr_ex.o
                0x0800491c                HAL_PWREx_DisableLowPowerRunMode
 .text.HAL_PWREx_EnterSTOP2Mode
                0x08004968       0x3c ./Drivers/STM32WLxx_HAL_Driver/stm32wlxx_hal_pwr_ex.o
                0x08004968                HAL_PWREx_EnterSTOP2Mode
 .text.RCC_SetFlashLatency
                0x080049a4       0xbc ./Drivers/STM32WLxx_HAL_Driver/stm32wlxx_hal_rcc.o
 .text.RCC_SetFlashLatencyFromMSIRange
                0x08004a60       0x44 ./Drivers/STM32WLxx_HAL_Driver/stm32wlxx_hal_rcc.o
 .text.HAL_RCC_GetSysClockFreq
                0x08004aa4      0x110 ./Drivers/STM32WLxx_HAL_Driver/stm32wlxx_hal_rcc.o
                0x08004aa4                HAL_RCC_GetSysClockFreq
 .text.HAL_RCC_GetHCLKFreq
                0x08004bb4       0x20 ./Drivers/STM32WLxx_HAL_Driver/stm32wlxx_hal_rcc.o
                0x08004bb4                HAL_RCC_GetHCLKFreq
 .text.HAL_RCC_OscConfig
                0x08004bd4      0x664 ./Drivers/STM32WLxx_HAL_Driver/stm32wlxx_hal_rcc.o
                0x08004bd4                HAL_RCC_OscConfig
 .text.HAL_RCC_ClockConfig
                0x08005238      0x268 ./Drivers/STM32WLxx_HAL_Driver/stm32wlxx_hal_rcc.o
                0x08005238                HAL_RCC_ClockConfig
 .text.HAL_RCC_GetPCLK1Freq
                0x080054a0       0x20 ./Drivers/STM32WLxx_HAL_Driver/stm32wlxx_hal_rcc.o
                0x080054a0                HAL_RCC_GetPCLK1Freq
 .text.HAL_RCC_GetPCLK2Freq
                0x080054c0       0x20 ./Drivers/STM32WLxx_HAL_Driver/stm32wlxx_hal_rcc.o
                0x080054c0                HAL_RCC_GetPCLK2Freq
 .text.HAL_RCC_GetOscConfig
                0x080054e0       0x8c ./Drivers/STM32WLxx_HAL_Driver/stm32wlxx_hal_rcc.o
                0x080054e0                HAL_RCC_GetOscConfig
 .text.LL_RCC_SetI2CClockSource
                0x0800556c       0x20 ./Drivers/STM32WLxx_HAL_Driver/stm32wlxx_hal_rcc_ex.o
 .text.HAL_RCCEx_PeriphCLKConfig
                0x0800558c      0x240 ./Drivers/STM32WLxx_HAL_Driver/stm32wlxx_hal_rcc_ex.o
                0x0800558c                HAL_RCCEx_PeriphCLKConfig
 .text.HAL_RTC_DeactivateAlarm
                0x080057cc       0x80 ./Drivers/STM32WLxx_HAL_Driver/stm32wlxx_hal_rtc.o
                0x080057cc                HAL_RTC_DeactivateAlarm
 .text.RTC_ByteToBcd2
                0x0800584c       0x16 ./Drivers/STM32WLxx_HAL_Driver/stm32wlxx_hal_rtc.o
                0x0800584c                RTC_ByteToBcd2
 *fill*         0x08005862        0x2 
 .text.HAL_RTC_SetAlarm_IT
                0x08005864      0x178 ./Drivers/STM32WLxx_HAL_Driver/stm32wlxx_hal_rtc.o
                0x08005864                HAL_RTC_SetAlarm_IT
 .text.HAL_RTCEx_BKUPWrite
                0x080059dc        0xe ./Drivers/STM32WLxx_HAL_Driver/stm32wlxx_hal_rtc_ex.o
                0x080059dc                HAL_RTCEx_BKUPWrite
 .text.HAL_RTCEx_BKUPRead
                0x080059ea        0xe ./Drivers/STM32WLxx_HAL_Driver/stm32wlxx_hal_rtc_ex.o
                0x080059ea                HAL_RTCEx_BKUPRead
 .text.UART_EndTxTransfer
                0x080059f8       0x32 ./Drivers/STM32WLxx_HAL_Driver/stm32wlxx_hal_uart.o
 .text.UART_EndRxTransfer
                0x08005a2a       0x56 ./Drivers/STM32WLxx_HAL_Driver/stm32wlxx_hal_uart.o
 .text.HAL_UART_Transmit_DMA
                0x08005a80       0xa0 ./Drivers/STM32WLxx_HAL_Driver/stm32wlxx_hal_uart.o
                0x08005a80                HAL_UART_Transmit_DMA
 .text.UART_DMATransmitCplt
                0x08005b20       0x48 ./Drivers/STM32WLxx_HAL_Driver/stm32wlxx_hal_uart.o
 .text.UART_EndTransmit_IT
                0x08005b68       0x24 ./Drivers/STM32WLxx_HAL_Driver/stm32wlxx_hal_uart.o
 .text.HAL_UART_TxHalfCpltCallback
                0x08005b8c        0x2 ./Drivers/STM32WLxx_HAL_Driver/stm32wlxx_hal_uart.o
                0x08005b8c                HAL_UART_TxHalfCpltCallback
 .text.UART_DMATxHalfCplt
                0x08005b8e        0xa ./Drivers/STM32WLxx_HAL_Driver/stm32wlxx_hal_uart.o
 .text.HAL_UART_RxHalfCpltCallback
                0x08005b98        0x2 ./Drivers/STM32WLxx_HAL_Driver/stm32wlxx_hal_uart.o
                0x08005b98                HAL_UART_RxHalfCpltCallback
 .text.HAL_UART_ErrorCallback
                0x08005b9a        0x2 ./Drivers/STM32WLxx_HAL_Driver/stm32wlxx_hal_uart.o
                0x08005b9a                HAL_UART_ErrorCallback
 .text.UART_DMAError
                0x08005b9c       0x58 ./Drivers/STM32WLxx_HAL_Driver/stm32wlxx_hal_uart.o
 .text.UART_DMAAbortOnError
                0x08005bf4       0x14 ./Drivers/STM32WLxx_HAL_Driver/stm32wlxx_hal_uart.o
 .text.HAL_UARTEx_RxEventCallback
                0x08005c08        0x2 ./Drivers/STM32WLxx_HAL_Driver/stm32wlxx_hal_uart.o
                0x08005c08                HAL_UARTEx_RxEventCallback
 *fill*         0x08005c0a        0x2 
 .text.HAL_UART_IRQHandler
                0x08005c0c      0x344 ./Drivers/STM32WLxx_HAL_Driver/stm32wlxx_hal_uart.o
                0x08005c0c                HAL_UART_IRQHandler
 .text.UART_RxISR_8BIT
                0x08005f50       0xdc ./Drivers/STM32WLxx_HAL_Driver/stm32wlxx_hal_uart.o
 .text.UART_RxISR_16BIT
                0x0800602c       0xd8 ./Drivers/STM32WLxx_HAL_Driver/stm32wlxx_hal_uart.o
 .text.UART_RxISR_8BIT_FIFOEN
                0x08006104      0x1cc ./Drivers/STM32WLxx_HAL_Driver/stm32wlxx_hal_uart.o
 .text.UART_RxISR_16BIT_FIFOEN
                0x080062d0      0x1c8 ./Drivers/STM32WLxx_HAL_Driver/stm32wlxx_hal_uart.o
 .text.UART_DMARxHalfCplt
                0x08006498       0x20 ./Drivers/STM32WLxx_HAL_Driver/stm32wlxx_hal_uart.o
 .text.UART_DMAReceiveCplt
                0x080064b8       0x92 ./Drivers/STM32WLxx_HAL_Driver/stm32wlxx_hal_uart.o
 *fill*         0x0800654a        0x2 
 .text.UART_SetConfig
                0x0800654c      0x2cc ./Drivers/STM32WLxx_HAL_Driver/stm32wlxx_hal_uart.o
                0x0800654c                UART_SetConfig
 .text.UART_AdvFeatureConfig
                0x08006818       0xca ./Drivers/STM32WLxx_HAL_Driver/stm32wlxx_hal_uart.o
                0x08006818                UART_AdvFeatureConfig
 .text.UART_WaitOnFlagUntilTimeout
                0x080068e2       0xe0 ./Drivers/STM32WLxx_HAL_Driver/stm32wlxx_hal_uart.o
                0x080068e2                UART_WaitOnFlagUntilTimeout
 .text.UART_CheckIdleState
                0x080069c2       0x76 ./Drivers/STM32WLxx_HAL_Driver/stm32wlxx_hal_uart.o
                0x080069c2                UART_CheckIdleState
 .text.HAL_UART_Init
                0x08006a38       0x66 ./Drivers/STM32WLxx_HAL_Driver/stm32wlxx_hal_uart.o
                0x08006a38                HAL_UART_Init
 *fill*         0x08006a9e        0x2 
 .text.UART_Start_Receive_IT
                0x08006aa0      0x13c ./Drivers/STM32WLxx_HAL_Driver/stm32wlxx_hal_uart.o
                0x08006aa0                UART_Start_Receive_IT
 .text.HAL_UART_Receive_IT
                0x08006bdc       0x4c ./Drivers/STM32WLxx_HAL_Driver/stm32wlxx_hal_uart.o
                0x08006bdc                HAL_UART_Receive_IT
 .text.UART_Start_Receive_DMA
                0x08006c28       0xb0 ./Drivers/STM32WLxx_HAL_Driver/stm32wlxx_hal_uart.o
                0x08006c28                UART_Start_Receive_DMA
 .text.HAL_UART_Receive_DMA
                0x08006cd8       0x4c ./Drivers/STM32WLxx_HAL_Driver/stm32wlxx_hal_uart.o
                0x08006cd8                HAL_UART_Receive_DMA
 .text.UARTEx_Wakeup_AddressConfig
                0x08006d24       0x2e ./Drivers/STM32WLxx_HAL_Driver/stm32wlxx_hal_uart_ex.o
 *fill*         0x08006d52        0x2 
 .text.UARTEx_SetNbDataToProcess
                0x08006d54       0x4c ./Drivers/STM32WLxx_HAL_Driver/stm32wlxx_hal_uart_ex.o
 .text.HAL_UARTEx_WakeupCallback
                0x08006da0        0x2 ./Drivers/STM32WLxx_HAL_Driver/stm32wlxx_hal_uart_ex.o
                0x08006da0                HAL_UARTEx_WakeupCallback
 .text.HAL_UARTEx_RxFifoFullCallback
                0x08006da2        0x2 ./Drivers/STM32WLxx_HAL_Driver/stm32wlxx_hal_uart_ex.o
                0x08006da2                HAL_UARTEx_RxFifoFullCallback
 .text.HAL_UARTEx_TxFifoEmptyCallback
                0x08006da4        0x2 ./Drivers/STM32WLxx_HAL_Driver/stm32wlxx_hal_uart_ex.o
                0x08006da4                HAL_UARTEx_TxFifoEmptyCallback
 .text.HAL_UARTEx_StopModeWakeUpSourceConfig
                0x08006da6       0x82 ./Drivers/STM32WLxx_HAL_Driver/stm32wlxx_hal_uart_ex.o
                0x08006da6                HAL_UARTEx_StopModeWakeUpSourceConfig
 .text.HAL_UARTEx_EnableStopMode
                0x08006e28       0x2e ./Drivers/STM32WLxx_HAL_Driver/stm32wlxx_hal_uart_ex.o
                0x08006e28                HAL_UARTEx_EnableStopMode
 .text.HAL_UARTEx_EnableFifoMode
                0x08006e56       0x48 ./Drivers/STM32WLxx_HAL_Driver/stm32wlxx_hal_uart_ex.o
                0x08006e56                HAL_UARTEx_EnableFifoMode
 .text.HAL_UARTEx_SetTxFifoThreshold
                0x08006e9e       0x4a ./Drivers/STM32WLxx_HAL_Driver/stm32wlxx_hal_uart_ex.o
                0x08006e9e                HAL_UARTEx_SetTxFifoThreshold
 .text.HAL_UARTEx_SetRxFifoThreshold
                0x08006ee8       0x4a ./Drivers/STM32WLxx_HAL_Driver/stm32wlxx_hal_uart_ex.o
                0x08006ee8                HAL_UARTEx_SetRxFifoThreshold
 *fill*         0x08006f32        0x2 
 .text.TRACE_AllocateBufer
                0x08006f34       0x88 ./Utilities/stm32_adv_trace.o
 .text.TRACE_Lock
                0x08006fbc       0x18 ./Utilities/stm32_adv_trace.o
 .text.TRACE_UnLock
                0x08006fd4       0x18 ./Utilities/stm32_adv_trace.o
 .text.TRACE_IsLocked
                0x08006fec       0x10 ./Utilities/stm32_adv_trace.o
 .text.UTIL_ADV_TRACE_Init
                0x08006ffc       0x34 ./Utilities/stm32_adv_trace.o
                0x08006ffc                UTIL_ADV_TRACE_Init
 .text.UTIL_ADV_TRACE_IsBufferEmpty
                0x08007030       0x18 ./Utilities/stm32_adv_trace.o
                0x08007030                UTIL_ADV_TRACE_IsBufferEmpty
 .text.UTIL_ADV_TRACE_RegisterTimeStampFunction
                0x08007048        0xc ./Utilities/stm32_adv_trace.o
                0x08007048                UTIL_ADV_TRACE_RegisterTimeStampFunction
 .text.UTIL_ADV_TRACE_SetVerboseLevel
                0x08007054        0xc ./Utilities/stm32_adv_trace.o
                0x08007054                UTIL_ADV_TRACE_SetVerboseLevel
 .text.TRACE_Send
                0x08007060       0x9c ./Utilities/stm32_adv_trace.o
 .text.UTIL_ADV_TRACE_COND_FSend
                0x080070fc       0xc8 ./Utilities/stm32_adv_trace.o
                0x080070fc                UTIL_ADV_TRACE_COND_FSend
 .text.UTIL_ADV_TRACE_Send
                0x080071c4       0x58 ./Utilities/stm32_adv_trace.o
                0x080071c4                UTIL_ADV_TRACE_Send
 .text.TRACE_TxCpltCallback
                0x0800721c       0xb0 ./Utilities/stm32_adv_trace.o
 .text.UTIL_LPM_Init
                0x080072cc       0x14 ./Utilities/stm32_lpm.o
                0x080072cc                UTIL_LPM_Init
 .text.UTIL_LPM_SetStopMode
                0x080072e0       0x2c ./Utilities/stm32_lpm.o
                0x080072e0                UTIL_LPM_SetStopMode
 .text.UTIL_LPM_SetOffMode
                0x0800730c       0x2c ./Utilities/stm32_lpm.o
                0x0800730c                UTIL_LPM_SetOffMode
 .text.UTIL_LPM_EnterLowPower
                0x08007338       0x48 ./Utilities/stm32_lpm.o
                0x08007338                UTIL_LPM_EnterLowPower
 .text.UTIL_MEM_set_8
                0x08007380       0x12 ./Utilities/stm32_mem.o
                0x08007380                UTIL_MEM_set_8
 *fill*         0x08007392        0x2 
 .text.UTIL_SEQ_SetTask
                0x08007394       0x28 ./Utilities/stm32_seq.o
                0x08007394                UTIL_SEQ_SetTask
 .text.UTIL_SEQ_SetEvt
                0x080073bc       0x18 ./Utilities/stm32_seq.o
                0x080073bc                UTIL_SEQ_SetEvt
 .text.UTIL_SEQ_PreIdle
                0x080073d4        0x2 ./Utilities/stm32_seq.o
                0x080073d4                UTIL_SEQ_PreIdle
 .text.UTIL_SEQ_PostIdle
                0x080073d6        0x2 ./Utilities/stm32_seq.o
                0x080073d6                UTIL_SEQ_PostIdle
 .text.SEQ_BitPosition
                0x080073d8       0x3c ./Utilities/stm32_seq.o
                0x080073d8                SEQ_BitPosition
 .text.UTIL_SEQ_Run
                0x08007414      0x12c ./Utilities/stm32_seq.o
                0x08007414                UTIL_SEQ_Run
 .text.UTIL_SEQ_WaitEvt
                0x08007540       0x58 ./Utilities/stm32_seq.o
                0x08007540                UTIL_SEQ_WaitEvt
 .text.UTIL_SEQ_RegTask
                0x08007598       0x20 ./Utilities/stm32_seq.o
                0x08007598                UTIL_SEQ_RegTask
 .text.SysTimeAdd
                0x080075b8       0x3e ./Utilities/stm32_systime.o
                0x080075b8                SysTimeAdd
 *fill*         0x080075f6        0x2 
 .text.SysTimeGet
                0x080075f8       0x44 ./Utilities/stm32_systime.o
                0x080075f8                SysTimeGet
 .text.UTIL_TIMER_Init
                0x0800763c       0x18 ./Utilities/stm32_timer.o
                0x0800763c                UTIL_TIMER_Init
 .text.UTIL_TIMER_Create
                0x08007654       0x3c ./Utilities/stm32_timer.o
                0x08007654                UTIL_TIMER_Create
 .text.TimerExists
                0x08007690       0x1c ./Utilities/stm32_timer.o
                0x08007690                TimerExists
 .text.TimerSetTimeout
                0x080076ac       0x30 ./Utilities/stm32_timer.o
                0x080076ac                TimerSetTimeout
 .text.UTIL_TIMER_Stop
                0x080076dc       0x6c ./Utilities/stm32_timer.o
                0x080076dc                UTIL_TIMER_Stop
 .text.TimerInsertTimer
                0x08007748       0x2c ./Utilities/stm32_timer.o
                0x08007748                TimerInsertTimer
 .text.TimerInsertNewHeadTimer
                0x08007774       0x1c ./Utilities/stm32_timer.o
                0x08007774                TimerInsertNewHeadTimer
 .text.UTIL_TIMER_Start
                0x08007790       0x8c ./Utilities/stm32_timer.o
                0x08007790                UTIL_TIMER_Start
 .text.UTIL_TIMER_IRQ_Handler
                0x0800781c       0x8c ./Utilities/stm32_timer.o
                0x0800781c                UTIL_TIMER_IRQ_Handler
 .text.ee_skip_atoi
                0x080078a8       0x26 ./Utilities/stm32_tiny_vsnprintf.o
 *fill*         0x080078ce        0x2 
 .text.ee_number
                0x080078d0      0x114 ./Utilities/stm32_tiny_vsnprintf.o
 .text.tiny_vsnprintf_like
                0x080079e4      0x188 ./Utilities/stm32_tiny_vsnprintf.o
                0x080079e4                tiny_vsnprintf_like
 .text.atof     0x08007b6c        0x6 C:/ST/STM32CubeIDE_1.19.0/STM32CubeIDE/plugins/com.st.stm32cube.ide.mcu.externaltools.gnu-tools-for-stm32.13.3.rel1.win32_1.0.0.202411081344/tools/bin/../lib/gcc/arm-none-eabi/13.3.1/../../../../arm-none-eabi/lib/thumb/v7e-m/nofp\libc_nano.a(libc_a-atof.o)
                0x08007b6c                atof
 .text.atoi     0x08007b72        0x8 C:/ST/STM32CubeIDE_1.19.0/STM32CubeIDE/plugins/com.st.stm32cube.ide.mcu.externaltools.gnu-tools-for-stm32.13.3.rel1.win32_1.0.0.202411081344/tools/bin/../lib/gcc/arm-none-eabi/13.3.1/../../../../arm-none-eabi/lib/thumb/v7e-m/nofp\libc_nano.a(libc_a-atoi.o)
                0x08007b72                atoi
 .text.sulp     0x08007b7a       0x42 C:/ST/STM32CubeIDE_1.19.0/STM32CubeIDE/plugins/com.st.stm32cube.ide.mcu.externaltools.gnu-tools-for-stm32.13.3.rel1.win32_1.0.0.202411081344/tools/bin/../lib/gcc/arm-none-eabi/13.3.1/../../../../arm-none-eabi/lib/thumb/v7e-m/nofp\libc_nano.a(libc_a-strtod.o)
 *fill*         0x08007bbc        0x4 
 .text._strtod_l
                0x08007bc0      0xba8 C:/ST/STM32CubeIDE_1.19.0/STM32CubeIDE/plugins/com.st.stm32cube.ide.mcu.externaltools.gnu-tools-for-stm32.13.3.rel1.win32_1.0.0.202411081344/tools/bin/../lib/gcc/arm-none-eabi/13.3.1/../../../../arm-none-eabi/lib/thumb/v7e-m/nofp\libc_nano.a(libc_a-strtod.o)
                0x08007bc0                _strtod_l
 .text.strtod   0x08008768       0x18 C:/ST/STM32CubeIDE_1.19.0/STM32CubeIDE/plugins/com.st.stm32cube.ide.mcu.externaltools.gnu-tools-for-stm32.13.3.rel1.win32_1.0.0.202411081344/tools/bin/../lib/gcc/arm-none-eabi/13.3.1/../../../../arm-none-eabi/lib/thumb/v7e-m/nofp\libc_nano.a(libc_a-strtod.o)
                0x08008768                strtod
 .text._strtol_l.isra.0
                0x08008780       0xf4 C:/ST/STM32CubeIDE_1.19.0/STM32CubeIDE/plugins/com.st.stm32cube.ide.mcu.externaltools.gnu-tools-for-stm32.13.3.rel1.win32_1.0.0.202411081344/tools/bin/../lib/gcc/arm-none-eabi/13.3.1/../../../../arm-none-eabi/lib/thumb/v7e-m/nofp\libc_nano.a(libc_a-strtol.o)
 .text.strtol   0x08008874       0x14 C:/ST/STM32CubeIDE_1.19.0/STM32CubeIDE/plugins/com.st.stm32cube.ide.mcu.externaltools.gnu-tools-for-stm32.13.3.rel1.win32_1.0.0.202411081344/tools/bin/../lib/gcc/arm-none-eabi/13.3.1/../../../../arm-none-eabi/lib/thumb/v7e-m/nofp\libc_nano.a(libc_a-strtol.o)
                0x08008874                strtol
 .text.__cvt    0x08008888       0xc8 C:/ST/STM32CubeIDE_1.19.0/STM32CubeIDE/plugins/com.st.stm32cube.ide.mcu.externaltools.gnu-tools-for-stm32.13.3.rel1.win32_1.0.0.202411081344/tools/bin/../lib/gcc/arm-none-eabi/13.3.1/../../../../arm-none-eabi/lib/thumb/v7e-m/nofp\libc_nano.a(libc_a-nano-vfprintf_float.o)
                0x08008888                __cvt
 .text.__exponent
                0x08008950       0x74 C:/ST/STM32CubeIDE_1.19.0/STM32CubeIDE/plugins/com.st.stm32cube.ide.mcu.externaltools.gnu-tools-for-stm32.13.3.rel1.win32_1.0.0.202411081344/tools/bin/../lib/gcc/arm-none-eabi/13.3.1/../../../../arm-none-eabi/lib/thumb/v7e-m/nofp\libc_nano.a(libc_a-nano-vfprintf_float.o)
                0x08008950                __exponent
 .text._printf_float
                0x080089c4      0x458 C:/ST/STM32CubeIDE_1.19.0/STM32CubeIDE/plugins/com.st.stm32cube.ide.mcu.externaltools.gnu-tools-for-stm32.13.3.rel1.win32_1.0.0.202411081344/tools/bin/../lib/gcc/arm-none-eabi/13.3.1/../../../../arm-none-eabi/lib/thumb/v7e-m/nofp\libc_nano.a(libc_a-nano-vfprintf_float.o)
                0x080089c4                _printf_float
 .text._printf_common
                0x08008e1c       0xda C:/ST/STM32CubeIDE_1.19.0/STM32CubeIDE/plugins/com.st.stm32cube.ide.mcu.externaltools.gnu-tools-for-stm32.13.3.rel1.win32_1.0.0.202411081344/tools/bin/../lib/gcc/arm-none-eabi/13.3.1/../../../../arm-none-eabi/lib/thumb/v7e-m/nofp\libc_nano.a(libc_a-nano-vfprintf_i.o)
                0x08008e1c                _printf_common
 *fill*         0x08008ef6        0x2 
 .text._printf_i
                0x08008ef8      0x23c C:/ST/STM32CubeIDE_1.19.0/STM32CubeIDE/plugins/com.st.stm32cube.ide.mcu.externaltools.gnu-tools-for-stm32.13.3.rel1.win32_1.0.0.202411081344/tools/bin/../lib/gcc/arm-none-eabi/13.3.1/../../../../arm-none-eabi/lib/thumb/v7e-m/nofp\libc_nano.a(libc_a-nano-vfprintf_i.o)
                0x08008ef8                _printf_i
 .text.std      0x08009134       0x6c C:/ST/STM32CubeIDE_1.19.0/STM32CubeIDE/plugins/com.st.stm32cube.ide.mcu.externaltools.gnu-tools-for-stm32.13.3.rel1.win32_1.0.0.202411081344/tools/bin/../lib/gcc/arm-none-eabi/13.3.1/../../../../arm-none-eabi/lib/thumb/v7e-m/nofp\libc_nano.a(libc_a-findfp.o)
 .text.stdio_exit_handler
                0x080091a0       0x18 C:/ST/STM32CubeIDE_1.19.0/STM32CubeIDE/plugins/com.st.stm32cube.ide.mcu.externaltools.gnu-tools-for-stm32.13.3.rel1.win32_1.0.0.202411081344/tools/bin/../lib/gcc/arm-none-eabi/13.3.1/../../../../arm-none-eabi/lib/thumb/v7e-m/nofp\libc_nano.a(libc_a-findfp.o)
 .text.cleanup_stdio
                0x080091b8       0x40 C:/ST/STM32CubeIDE_1.19.0/STM32CubeIDE/plugins/com.st.stm32cube.ide.mcu.externaltools.gnu-tools-for-stm32.13.3.rel1.win32_1.0.0.202411081344/tools/bin/../lib/gcc/arm-none-eabi/13.3.1/../../../../arm-none-eabi/lib/thumb/v7e-m/nofp\libc_nano.a(libc_a-findfp.o)
 .text.global_stdio_init.part.0
                0x080091f8       0x3c C:/ST/STM32CubeIDE_1.19.0/STM32CubeIDE/plugins/com.st.stm32cube.ide.mcu.externaltools.gnu-tools-for-stm32.13.3.rel1.win32_1.0.0.202411081344/tools/bin/../lib/gcc/arm-none-eabi/13.3.1/../../../../arm-none-eabi/lib/thumb/v7e-m/nofp\libc_nano.a(libc_a-findfp.o)
 .text.__sfp_lock_acquire
                0x08009234        0xc C:/ST/STM32CubeIDE_1.19.0/STM32CubeIDE/plugins/com.st.stm32cube.ide.mcu.externaltools.gnu-tools-for-stm32.13.3.rel1.win32_1.0.0.202411081344/tools/bin/../lib/gcc/arm-none-eabi/13.3.1/../../../../arm-none-eabi/lib/thumb/v7e-m/nofp\libc_nano.a(libc_a-findfp.o)
                0x08009234                __sfp_lock_acquire
 .text.__sfp_lock_release
                0x08009240        0xc C:/ST/STM32CubeIDE_1.19.0/STM32CubeIDE/plugins/com.st.stm32cube.ide.mcu.externaltools.gnu-tools-for-stm32.13.3.rel1.win32_1.0.0.202411081344/tools/bin/../lib/gcc/arm-none-eabi/13.3.1/../../../../arm-none-eabi/lib/thumb/v7e-m/nofp\libc_nano.a(libc_a-findfp.o)
                0x08009240                __sfp_lock_release
 .text.__sinit  0x0800924c       0x30 C:/ST/STM32CubeIDE_1.19.0/STM32CubeIDE/plugins/com.st.stm32cube.ide.mcu.externaltools.gnu-tools-for-stm32.13.3.rel1.win32_1.0.0.202411081344/tools/bin/../lib/gcc/arm-none-eabi/13.3.1/../../../../arm-none-eabi/lib/thumb/v7e-m/nofp\libc_nano.a(libc_a-findfp.o)
                0x0800924c                __sinit
 .text._fwalk_sglue
                0x0800927c       0x3c C:/ST/STM32CubeIDE_1.19.0/STM32CubeIDE/plugins/com.st.stm32cube.ide.mcu.externaltools.gnu-tools-for-stm32.13.3.rel1.win32_1.0.0.202411081344/tools/bin/../lib/gcc/arm-none-eabi/13.3.1/../../../../arm-none-eabi/lib/thumb/v7e-m/nofp\libc_nano.a(libc_a-fwalk.o)
                0x0800927c                _fwalk_sglue
 .text.sprintf  0x080092b8       0x44 C:/ST/STM32CubeIDE_1.19.0/STM32CubeIDE/plugins/com.st.stm32cube.ide.mcu.externaltools.gnu-tools-for-stm32.13.3.rel1.win32_1.0.0.202411081344/tools/bin/../lib/gcc/arm-none-eabi/13.3.1/../../../../arm-none-eabi/lib/thumb/v7e-m/nofp\libc_nano.a(libc_a-sprintf.o)
                0x080092b8                siprintf
                0x080092b8                sprintf
 .text.__sread  0x080092fc       0x22 C:/ST/STM32CubeIDE_1.19.0/STM32CubeIDE/plugins/com.st.stm32cube.ide.mcu.externaltools.gnu-tools-for-stm32.13.3.rel1.win32_1.0.0.202411081344/tools/bin/../lib/gcc/arm-none-eabi/13.3.1/../../../../arm-none-eabi/lib/thumb/v7e-m/nofp\libc_nano.a(libc_a-stdio.o)
                0x080092fc                __sread
 .text.__swrite
                0x0800931e       0x38 C:/ST/STM32CubeIDE_1.19.0/STM32CubeIDE/plugins/com.st.stm32cube.ide.mcu.externaltools.gnu-tools-for-stm32.13.3.rel1.win32_1.0.0.202411081344/tools/bin/../lib/gcc/arm-none-eabi/13.3.1/../../../../arm-none-eabi/lib/thumb/v7e-m/nofp\libc_nano.a(libc_a-stdio.o)
                0x0800931e                __swrite
 .text.__sseek  0x08009356       0x24 C:/ST/STM32CubeIDE_1.19.0/STM32CubeIDE/plugins/com.st.stm32cube.ide.mcu.externaltools.gnu-tools-for-stm32.13.3.rel1.win32_1.0.0.202411081344/tools/bin/../lib/gcc/arm-none-eabi/13.3.1/../../../../arm-none-eabi/lib/thumb/v7e-m/nofp\libc_nano.a(libc_a-stdio.o)
                0x08009356                __sseek
 .text.__sclose
                0x0800937a        0x8 C:/ST/STM32CubeIDE_1.19.0/STM32CubeIDE/plugins/com.st.stm32cube.ide.mcu.externaltools.gnu-tools-for-stm32.13.3.rel1.win32_1.0.0.202411081344/tools/bin/../lib/gcc/arm-none-eabi/13.3.1/../../../../arm-none-eabi/lib/thumb/v7e-m/nofp\libc_nano.a(libc_a-stdio.o)
                0x0800937a                __sclose
 .text.memset   0x08009382       0x10 C:/ST/STM32CubeIDE_1.19.0/STM32CubeIDE/plugins/com.st.stm32cube.ide.mcu.externaltools.gnu-tools-for-stm32.13.3.rel1.win32_1.0.0.202411081344/tools/bin/../lib/gcc/arm-none-eabi/13.3.1/../../../../arm-none-eabi/lib/thumb/v7e-m/nofp\libc_nano.a(libc_a-memset.o)
                0x08009382                memset
 .text.strncmp  0x08009392       0x24 C:/ST/STM32CubeIDE_1.19.0/STM32CubeIDE/plugins/com.st.stm32cube.ide.mcu.externaltools.gnu-tools-for-stm32.13.3.rel1.win32_1.0.0.202411081344/tools/bin/../lib/gcc/arm-none-eabi/13.3.1/../../../../arm-none-eabi/lib/thumb/v7e-m/nofp\libc_nano.a(libc_a-strncmp.o)
                0x08009392                strncmp
 *fill*         0x080093b6        0x2 
 .text.strtok   0x080093b8       0x68 C:/ST/STM32CubeIDE_1.19.0/STM32CubeIDE/plugins/com.st.stm32cube.ide.mcu.externaltools.gnu-tools-for-stm32.13.3.rel1.win32_1.0.0.202411081344/tools/bin/../lib/gcc/arm-none-eabi/13.3.1/../../../../arm-none-eabi/lib/thumb/v7e-m/nofp\libc_nano.a(libc_a-strtok.o)
                0x080093b8                strtok
 .text.__strtok_r
                0x08009420       0x50 C:/ST/STM32CubeIDE_1.19.0/STM32CubeIDE/plugins/com.st.stm32cube.ide.mcu.externaltools.gnu-tools-for-stm32.13.3.rel1.win32_1.0.0.202411081344/tools/bin/../lib/gcc/arm-none-eabi/13.3.1/../../../../arm-none-eabi/lib/thumb/v7e-m/nofp\libc_nano.a(libc_a-strtok_r.o)
                0x08009420                __strtok_r
 .text.strstr   0x08009470       0x2c C:/ST/STM32CubeIDE_1.19.0/STM32CubeIDE/plugins/com.st.stm32cube.ide.mcu.externaltools.gnu-tools-for-stm32.13.3.rel1.win32_1.0.0.202411081344/tools/bin/../lib/gcc/arm-none-eabi/13.3.1/../../../../arm-none-eabi/lib/thumb/v7e-m/nofp\libc_nano.a(libc_a-strstr.o)
                0x08009470                strstr
 .text._localeconv_r
                0x0800949c        0x8 C:/ST/STM32CubeIDE_1.19.0/STM32CubeIDE/plugins/com.st.stm32cube.ide.mcu.externaltools.gnu-tools-for-stm32.13.3.rel1.win32_1.0.0.202411081344/tools/bin/../lib/gcc/arm-none-eabi/13.3.1/../../../../arm-none-eabi/lib/thumb/v7e-m/nofp\libc_nano.a(libc_a-localeconv.o)
                0x0800949c                _localeconv_r
 .text._close_r
                0x080094a4       0x20 C:/ST/STM32CubeIDE_1.19.0/STM32CubeIDE/plugins/com.st.stm32cube.ide.mcu.externaltools.gnu-tools-for-stm32.13.3.rel1.win32_1.0.0.202411081344/tools/bin/../lib/gcc/arm-none-eabi/13.3.1/../../../../arm-none-eabi/lib/thumb/v7e-m/nofp\libc_nano.a(libc_a-closer.o)
                0x080094a4                _close_r
 .text._lseek_r
                0x080094c4       0x24 C:/ST/STM32CubeIDE_1.19.0/STM32CubeIDE/plugins/com.st.stm32cube.ide.mcu.externaltools.gnu-tools-for-stm32.13.3.rel1.win32_1.0.0.202411081344/tools/bin/../lib/gcc/arm-none-eabi/13.3.1/../../../../arm-none-eabi/lib/thumb/v7e-m/nofp\libc_nano.a(libc_a-lseekr.o)
                0x080094c4                _lseek_r
 .text._read_r  0x080094e8       0x24 C:/ST/STM32CubeIDE_1.19.0/STM32CubeIDE/plugins/com.st.stm32cube.ide.mcu.externaltools.gnu-tools-for-stm32.13.3.rel1.win32_1.0.0.202411081344/tools/bin/../lib/gcc/arm-none-eabi/13.3.1/../../../../arm-none-eabi/lib/thumb/v7e-m/nofp\libc_nano.a(libc_a-readr.o)
                0x080094e8                _read_r
 .text._write_r
                0x0800950c       0x24 C:/ST/STM32CubeIDE_1.19.0/STM32CubeIDE/plugins/com.st.stm32cube.ide.mcu.externaltools.gnu-tools-for-stm32.13.3.rel1.win32_1.0.0.202411081344/tools/bin/../lib/gcc/arm-none-eabi/13.3.1/../../../../arm-none-eabi/lib/thumb/v7e-m/nofp\libc_nano.a(libc_a-writer.o)
                0x0800950c                _write_r
 .text.__errno  0x08009530        0xc C:/ST/STM32CubeIDE_1.19.0/STM32CubeIDE/plugins/com.st.stm32cube.ide.mcu.externaltools.gnu-tools-for-stm32.13.3.rel1.win32_1.0.0.202411081344/tools/bin/../lib/gcc/arm-none-eabi/13.3.1/../../../../arm-none-eabi/lib/thumb/v7e-m/nofp\libc_nano.a(libc_a-errno.o)
                0x08009530                __errno
 .text.__libc_init_array
                0x0800953c       0x48 C:/ST/STM32CubeIDE_1.19.0/STM32CubeIDE/plugins/com.st.stm32cube.ide.mcu.externaltools.gnu-tools-for-stm32.13.3.rel1.win32_1.0.0.202411081344/tools/bin/../lib/gcc/arm-none-eabi/13.3.1/../../../../arm-none-eabi/lib/thumb/v7e-m/nofp\libc_nano.a(libc_a-init.o)
                0x0800953c                __libc_init_array
 .text.__retarget_lock_init_recursive
                0x08009584        0x2 C:/ST/STM32CubeIDE_1.19.0/STM32CubeIDE/plugins/com.st.stm32cube.ide.mcu.externaltools.gnu-tools-for-stm32.13.3.rel1.win32_1.0.0.202411081344/tools/bin/../lib/gcc/arm-none-eabi/13.3.1/../../../../arm-none-eabi/lib/thumb/v7e-m/nofp\libc_nano.a(libc_a-lock.o)
                0x08009584                __retarget_lock_init_recursive
 .text.__retarget_lock_acquire_recursive
                0x08009586        0x2 C:/ST/STM32CubeIDE_1.19.0/STM32CubeIDE/plugins/com.st.stm32cube.ide.mcu.externaltools.gnu-tools-for-stm32.13.3.rel1.win32_1.0.0.202411081344/tools/bin/../lib/gcc/arm-none-eabi/13.3.1/../../../../arm-none-eabi/lib/thumb/v7e-m/nofp\libc_nano.a(libc_a-lock.o)
                0x08009586                __retarget_lock_acquire_recursive
 .text.__retarget_lock_release_recursive
                0x08009588        0x2 C:/ST/STM32CubeIDE_1.19.0/STM32CubeIDE/plugins/com.st.stm32cube.ide.mcu.externaltools.gnu-tools-for-stm32.13.3.rel1.win32_1.0.0.202411081344/tools/bin/../lib/gcc/arm-none-eabi/13.3.1/../../../../arm-none-eabi/lib/thumb/v7e-m/nofp\libc_nano.a(libc_a-lock.o)
                0x08009588                __retarget_lock_release_recursive
 .text.memcpy   0x0800958a       0x1c C:/ST/STM32CubeIDE_1.19.0/STM32CubeIDE/plugins/com.st.stm32cube.ide.mcu.externaltools.gnu-tools-for-stm32.13.3.rel1.win32_1.0.0.202411081344/tools/bin/../lib/gcc/arm-none-eabi/13.3.1/../../../../arm-none-eabi/lib/thumb/v7e-m/nofp\libc_nano.a(libc_a-memcpy-stub.o)
                0x0800958a                memcpy
 *fill*         0x080095a6        0x2 
 .text.nan      0x080095a8        0xc C:/ST/STM32CubeIDE_1.19.0/STM32CubeIDE/plugins/com.st.stm32cube.ide.mcu.externaltools.gnu-tools-for-stm32.13.3.rel1.win32_1.0.0.202411081344/tools/bin/../lib/gcc/arm-none-eabi/13.3.1/../../../../arm-none-eabi/lib/thumb/v7e-m/nofp\libc_nano.a(libm_a-s_nan.o)
                0x080095a8                nan
 .text.__assert_func
                0x080095b4       0x3c C:/ST/STM32CubeIDE_1.19.0/STM32CubeIDE/plugins/com.st.stm32cube.ide.mcu.externaltools.gnu-tools-for-stm32.13.3.rel1.win32_1.0.0.202411081344/tools/bin/../lib/gcc/arm-none-eabi/13.3.1/../../../../arm-none-eabi/lib/thumb/v7e-m/nofp\libc_nano.a(libc_a-assert.o)
                0x080095b4                __assert_func
 .text.quorem   0x080095f0      0x110 C:/ST/STM32CubeIDE_1.19.0/STM32CubeIDE/plugins/com.st.stm32cube.ide.mcu.externaltools.gnu-tools-for-stm32.13.3.rel1.win32_1.0.0.202411081344/tools/bin/../lib/gcc/arm-none-eabi/13.3.1/../../../../arm-none-eabi/lib/thumb/v7e-m/nofp\libc_nano.a(libc_a-dtoa.o)
 .text._dtoa_r  0x08009700      0xba0 C:/ST/STM32CubeIDE_1.19.0/STM32CubeIDE/plugins/com.st.stm32cube.ide.mcu.externaltools.gnu-tools-for-stm32.13.3.rel1.win32_1.0.0.202411081344/tools/bin/../lib/gcc/arm-none-eabi/13.3.1/../../../../arm-none-eabi/lib/thumb/v7e-m/nofp\libc_nano.a(libc_a-dtoa.o)
                0x08009700                _dtoa_r
 .text._free_r  0x0800a2a0       0x94 C:/ST/STM32CubeIDE_1.19.0/STM32CubeIDE/plugins/com.st.stm32cube.ide.mcu.externaltools.gnu-tools-for-stm32.13.3.rel1.win32_1.0.0.202411081344/tools/bin/../lib/gcc/arm-none-eabi/13.3.1/../../../../arm-none-eabi/lib/thumb/v7e-m/nofp\libc_nano.a(libc_a-freer.o)
                0x0800a2a0                _free_r
 .text.rshift   0x0800a334       0xa4 C:/ST/STM32CubeIDE_1.19.0/STM32CubeIDE/plugins/com.st.stm32cube.ide.mcu.externaltools.gnu-tools-for-stm32.13.3.rel1.win32_1.0.0.202411081344/tools/bin/../lib/gcc/arm-none-eabi/13.3.1/../../../../arm-none-eabi/lib/thumb/v7e-m/nofp\libc_nano.a(libc_a-gdtoa-gethex.o)
 .text.__hexdig_fun
                0x0800a3d8       0x2a C:/ST/STM32CubeIDE_1.19.0/STM32CubeIDE/plugins/com.st.stm32cube.ide.mcu.externaltools.gnu-tools-for-stm32.13.3.rel1.win32_1.0.0.202411081344/tools/bin/../lib/gcc/arm-none-eabi/13.3.1/../../../../arm-none-eabi/lib/thumb/v7e-m/nofp\libc_nano.a(libc_a-gdtoa-gethex.o)
                0x0800a3d8                __hexdig_fun
 *fill*         0x0800a402        0x2 
 .text.__gethex
                0x0800a404      0x420 C:/ST/STM32CubeIDE_1.19.0/STM32CubeIDE/plugins/com.st.stm32cube.ide.mcu.externaltools.gnu-tools-for-stm32.13.3.rel1.win32_1.0.0.202411081344/tools/bin/../lib/gcc/arm-none-eabi/13.3.1/../../../../arm-none-eabi/lib/thumb/v7e-m/nofp\libc_nano.a(libc_a-gdtoa-gethex.o)
                0x0800a404                __gethex
 .text.L_shift  0x0800a824       0x24 C:/ST/STM32CubeIDE_1.19.0/STM32CubeIDE/plugins/com.st.stm32cube.ide.mcu.externaltools.gnu-tools-for-stm32.13.3.rel1.win32_1.0.0.202411081344/tools/bin/../lib/gcc/arm-none-eabi/13.3.1/../../../../arm-none-eabi/lib/thumb/v7e-m/nofp\libc_nano.a(libc_a-gdtoa-hexnan.o)
 .text.__match  0x0800a848       0x28 C:/ST/STM32CubeIDE_1.19.0/STM32CubeIDE/plugins/com.st.stm32cube.ide.mcu.externaltools.gnu-tools-for-stm32.13.3.rel1.win32_1.0.0.202411081344/tools/bin/../lib/gcc/arm-none-eabi/13.3.1/../../../../arm-none-eabi/lib/thumb/v7e-m/nofp\libc_nano.a(libc_a-gdtoa-hexnan.o)
                0x0800a848                __match
 .text.__hexnan
                0x0800a870      0x136 C:/ST/STM32CubeIDE_1.19.0/STM32CubeIDE/plugins/com.st.stm32cube.ide.mcu.externaltools.gnu-tools-for-stm32.13.3.rel1.win32_1.0.0.202411081344/tools/bin/../lib/gcc/arm-none-eabi/13.3.1/../../../../arm-none-eabi/lib/thumb/v7e-m/nofp\libc_nano.a(libc_a-gdtoa-hexnan.o)
                0x0800a870                __hexnan
 *fill*         0x0800a9a6        0x2 
 .text.malloc   0x0800a9a8       0x10 C:/ST/STM32CubeIDE_1.19.0/STM32CubeIDE/plugins/com.st.stm32cube.ide.mcu.externaltools.gnu-tools-for-stm32.13.3.rel1.win32_1.0.0.202411081344/tools/bin/../lib/gcc/arm-none-eabi/13.3.1/../../../../arm-none-eabi/lib/thumb/v7e-m/nofp\libc_nano.a(libc_a-malloc.o)
                0x0800a9a8                malloc
 .text.sbrk_aligned
                0x0800a9b8       0x44 C:/ST/STM32CubeIDE_1.19.0/STM32CubeIDE/plugins/com.st.stm32cube.ide.mcu.externaltools.gnu-tools-for-stm32.13.3.rel1.win32_1.0.0.202411081344/tools/bin/../lib/gcc/arm-none-eabi/13.3.1/../../../../arm-none-eabi/lib/thumb/v7e-m/nofp\libc_nano.a(libc_a-mallocr.o)
 .text._malloc_r
                0x0800a9fc      0x100 C:/ST/STM32CubeIDE_1.19.0/STM32CubeIDE/plugins/com.st.stm32cube.ide.mcu.externaltools.gnu-tools-for-stm32.13.3.rel1.win32_1.0.0.202411081344/tools/bin/../lib/gcc/arm-none-eabi/13.3.1/../../../../arm-none-eabi/lib/thumb/v7e-m/nofp\libc_nano.a(libc_a-mallocr.o)
                0x0800a9fc                _malloc_r
 .text.__ascii_mbtowc
                0x0800aafc       0x24 C:/ST/STM32CubeIDE_1.19.0/STM32CubeIDE/plugins/com.st.stm32cube.ide.mcu.externaltools.gnu-tools-for-stm32.13.3.rel1.win32_1.0.0.202411081344/tools/bin/../lib/gcc/arm-none-eabi/13.3.1/../../../../arm-none-eabi/lib/thumb/v7e-m/nofp\libc_nano.a(libc_a-mbtowc_r.o)
                0x0800aafc                __ascii_mbtowc
 .text.__malloc_lock
                0x0800ab20        0xc C:/ST/STM32CubeIDE_1.19.0/STM32CubeIDE/plugins/com.st.stm32cube.ide.mcu.externaltools.gnu-tools-for-stm32.13.3.rel1.win32_1.0.0.202411081344/tools/bin/../lib/gcc/arm-none-eabi/13.3.1/../../../../arm-none-eabi/lib/thumb/v7e-m/nofp\libc_nano.a(libc_a-mlock.o)
                0x0800ab20                __malloc_lock
 .text.__malloc_unlock
                0x0800ab2c        0xc C:/ST/STM32CubeIDE_1.19.0/STM32CubeIDE/plugins/com.st.stm32cube.ide.mcu.externaltools.gnu-tools-for-stm32.13.3.rel1.win32_1.0.0.202411081344/tools/bin/../lib/gcc/arm-none-eabi/13.3.1/../../../../arm-none-eabi/lib/thumb/v7e-m/nofp\libc_nano.a(libc_a-mlock.o)
                0x0800ab2c                __malloc_unlock
 .text._Balloc  0x0800ab38       0x80 C:/ST/STM32CubeIDE_1.19.0/STM32CubeIDE/plugins/com.st.stm32cube.ide.mcu.externaltools.gnu-tools-for-stm32.13.3.rel1.win32_1.0.0.202411081344/tools/bin/../lib/gcc/arm-none-eabi/13.3.1/../../../../arm-none-eabi/lib/thumb/v7e-m/nofp\libc_nano.a(libc_a-mprec.o)
                0x0800ab38                _Balloc
 .text._Bfree   0x0800abb8       0x44 C:/ST/STM32CubeIDE_1.19.0/STM32CubeIDE/plugins/com.st.stm32cube.ide.mcu.externaltools.gnu-tools-for-stm32.13.3.rel1.win32_1.0.0.202411081344/tools/bin/../lib/gcc/arm-none-eabi/13.3.1/../../../../arm-none-eabi/lib/thumb/v7e-m/nofp\libc_nano.a(libc_a-mprec.o)
                0x0800abb8                _Bfree
 .text.__multadd
                0x0800abfc       0x8c C:/ST/STM32CubeIDE_1.19.0/STM32CubeIDE/plugins/com.st.stm32cube.ide.mcu.externaltools.gnu-tools-for-stm32.13.3.rel1.win32_1.0.0.202411081344/tools/bin/../lib/gcc/arm-none-eabi/13.3.1/../../../../arm-none-eabi/lib/thumb/v7e-m/nofp\libc_nano.a(libc_a-mprec.o)
                0x0800abfc                __multadd
 .text.__s2b    0x0800ac88       0x94 C:/ST/STM32CubeIDE_1.19.0/STM32CubeIDE/plugins/com.st.stm32cube.ide.mcu.externaltools.gnu-tools-for-stm32.13.3.rel1.win32_1.0.0.202411081344/tools/bin/../lib/gcc/arm-none-eabi/13.3.1/../../../../arm-none-eabi/lib/thumb/v7e-m/nofp\libc_nano.a(libc_a-mprec.o)
                0x0800ac88                __s2b
 .text.__hi0bits
                0x0800ad1c       0x3e C:/ST/STM32CubeIDE_1.19.0/STM32CubeIDE/plugins/com.st.stm32cube.ide.mcu.externaltools.gnu-tools-for-stm32.13.3.rel1.win32_1.0.0.202411081344/tools/bin/../lib/gcc/arm-none-eabi/13.3.1/../../../../arm-none-eabi/lib/thumb/v7e-m/nofp\libc_nano.a(libc_a-mprec.o)
                0x0800ad1c                __hi0bits
 .text.__lo0bits
                0x0800ad5a       0x5a C:/ST/STM32CubeIDE_1.19.0/STM32CubeIDE/plugins/com.st.stm32cube.ide.mcu.externaltools.gnu-tools-for-stm32.13.3.rel1.win32_1.0.0.202411081344/tools/bin/../lib/gcc/arm-none-eabi/13.3.1/../../../../arm-none-eabi/lib/thumb/v7e-m/nofp\libc_nano.a(libc_a-mprec.o)
                0x0800ad5a                __lo0bits
 .text.__i2b    0x0800adb4       0x2c C:/ST/STM32CubeIDE_1.19.0/STM32CubeIDE/plugins/com.st.stm32cube.ide.mcu.externaltools.gnu-tools-for-stm32.13.3.rel1.win32_1.0.0.202411081344/tools/bin/../lib/gcc/arm-none-eabi/13.3.1/../../../../arm-none-eabi/lib/thumb/v7e-m/nofp\libc_nano.a(libc_a-mprec.o)
                0x0800adb4                __i2b
 .text.__multiply
                0x0800ade0      0x144 C:/ST/STM32CubeIDE_1.19.0/STM32CubeIDE/plugins/com.st.stm32cube.ide.mcu.externaltools.gnu-tools-for-stm32.13.3.rel1.win32_1.0.0.202411081344/tools/bin/../lib/gcc/arm-none-eabi/13.3.1/../../../../arm-none-eabi/lib/thumb/v7e-m/nofp\libc_nano.a(libc_a-mprec.o)
                0x0800ade0                __multiply
 .text.__pow5mult
                0x0800af24       0xb4 C:/ST/STM32CubeIDE_1.19.0/STM32CubeIDE/plugins/com.st.stm32cube.ide.mcu.externaltools.gnu-tools-for-stm32.13.3.rel1.win32_1.0.0.202411081344/tools/bin/../lib/gcc/arm-none-eabi/13.3.1/../../../../arm-none-eabi/lib/thumb/v7e-m/nofp\libc_nano.a(libc_a-mprec.o)
                0x0800af24                __pow5mult
 .text.__lshift
                0x0800afd8       0xd8 C:/ST/STM32CubeIDE_1.19.0/STM32CubeIDE/plugins/com.st.stm32cube.ide.mcu.externaltools.gnu-tools-for-stm32.13.3.rel1.win32_1.0.0.202411081344/tools/bin/../lib/gcc/arm-none-eabi/13.3.1/../../../../arm-none-eabi/lib/thumb/v7e-m/nofp\libc_nano.a(libc_a-mprec.o)
                0x0800afd8                __lshift
 .text.__mcmp   0x0800b0b0       0x36 C:/ST/STM32CubeIDE_1.19.0/STM32CubeIDE/plugins/com.st.stm32cube.ide.mcu.externaltools.gnu-tools-for-stm32.13.3.rel1.win32_1.0.0.202411081344/tools/bin/../lib/gcc/arm-none-eabi/13.3.1/../../../../arm-none-eabi/lib/thumb/v7e-m/nofp\libc_nano.a(libc_a-mprec.o)
                0x0800b0b0                __mcmp
 *fill*         0x0800b0e6        0x2 