C:/Users/my1du/Repos/ECE_406/Drivers/STM32WLxx_HAL_Driver/Src/stm32wlxx_hal_ipcc.c:597:13:HAL_IPCC_RxCallback	0	static
C:/Users/my1du/Repos/ECE_406/Drivers/STM32WLxx_HAL_Driver/Src/stm32wlxx_hal_ipcc.c:622:13:HAL_IPCC_TxCallback	0	static
C:/Users/my1du/Repos/ECE_406/Drivers/STM32WLxx_HAL_Driver/Src/stm32wlxx_hal_ipcc.c:219:13:HAL_IPCC_MspInit	0	static
C:/Users/my1du/Repos/ECE_406/Drivers/STM32WLxx_HAL_Driver/Src/stm32wlxx_hal_ipcc.c:234:13:HAL_IPCC_MspDeInit	0	static
C:/Users/my1du/Repos/ECE_406/Drivers/STM32WLxx_HAL_Driver/Src/stm32wlxx_hal_ipcc.c:423:27:HAL_IPCC_GetChannelStatus	0	static
C:/Users/my1du/Repos/ECE_406/Drivers/STM32WLxx_HAL_Driver/Src/stm32wlxx_hal_ipcc.c:511:6:HAL_IPCC_TX_IRQHandler	24	static
C:/Users/my1du/Repos/ECE_406/Drivers/STM32WLxx_HAL_Driver/Src/stm32wlxx_hal_ipcc.c:549:6:HAL_IPCC_RX_IRQHandler	24	static
C:/Users/my1du/Repos/ECE_406/Drivers/STM32WLxx_HAL_Driver/Src/stm32wlxx_hal_ipcc.c:658:23:HAL_IPCC_GetState	0	static
C:/Users/my1du/Repos/ECE_406/Drivers/STM32WLxx_HAL_Driver/Src/stm32wlxx_hal_ipcc.c:687:6:IPCC_MaskInterrupt	0	static
C:/Users/my1du/Repos/ECE_406/Drivers/STM32WLxx_HAL_Driver/Src/stm32wlxx_hal_ipcc.c:369:19:HAL_IPCC_DeActivateNotification	8	static
C:/Users/my1du/Repos/ECE_406/Drivers/STM32WLxx_HAL_Driver/Src/stm32wlxx_hal_ipcc.c:717:6:IPCC_UnmaskInterrupt	0	static
C:/Users/my1du/Repos/ECE_406/Drivers/STM32WLxx_HAL_Driver/Src/stm32wlxx_hal_ipcc.c:312:19:HAL_IPCC_ActivateNotification	8	static
C:/Users/my1du/Repos/ECE_406/Drivers/STM32WLxx_HAL_Driver/Src/stm32wlxx_hal_ipcc.c:464:19:HAL_IPCC_NotifyCPU	8	static
C:/Users/my1du/Repos/ECE_406/Drivers/STM32WLxx_HAL_Driver/Src/stm32wlxx_hal_ipcc.c:740:6:IPCC_SetDefaultCallbacks	0	static
C:/Users/my1du/Repos/ECE_406/Drivers/STM32WLxx_HAL_Driver/Src/stm32wlxx_hal_ipcc.c:755:6:IPCC_Reset_Register	0	static
C:/Users/my1du/Repos/ECE_406/Drivers/STM32WLxx_HAL_Driver/Src/stm32wlxx_hal_ipcc.c:126:19:HAL_IPCC_Init	16	static
C:/Users/my1du/Repos/ECE_406/Drivers/STM32WLxx_HAL_Driver/Src/stm32wlxx_hal_ipcc.c:175:19:HAL_IPCC_DeInit	16	static
