C:/Repositories/ECE_406/Projects/NUCLEO-WL55JC/Applications/SubGHz_Phy/SubGHz_Phy_PingPong_DualCore/CM4/Core/Src/main.c:177:6:USART1_DMA_Init	56	static
C:/Repositories/ECE_406/Projects/NUCLEO-WL55JC/Applications/SubGHz_Phy/SubGHz_Phy_PingPong_DualCore/CM4/Core/Src/main.c:305:6:Error_Handler	0	static,ignoring_inline_asm
C:/Repositories/ECE_406/Projects/NUCLEO-WL55JC/Applications/SubGHz_Phy/SubGHz_Phy_PingPong_DualCore/CM4/Core/Src/main.c:131:6:SystemClock_Config	112	static
C:/Repositories/ECE_406/Projects/NUCLEO-WL55JC/Applications/SubGHz_Phy/SubGHz_Phy_PingPong_DualCore/CM4/Core/Src/main.c:83:5:main	8	static
