C:/Users/my1du/Repos/ECE_406/Projects/NUCLEO-WL55JC/Applications/SubGHz_Phy/SubGHz_Phy_PingPong_DualCore/CM4/Core/Src/stm32wlxx_it.c:73:6:NMI_Handler	0	static
C:/Users/my1du/Repos/ECE_406/Projects/NUCLEO-WL55JC/Applications/SubGHz_Phy/SubGHz_Phy_PingPong_DualCore/CM4/Core/Src/stm32wlxx_it.c:88:6:HardFault_Handler	0	static
C:/Users/my1du/Repos/ECE_406/Projects/NUCLEO-WL55JC/Applications/SubGHz_Phy/SubGHz_Phy_PingPong_DualCore/CM4/Core/Src/stm32wlxx_it.c:103:6:MemManage_Handler	0	static
C:/Users/my1du/Repos/ECE_406/Projects/NUCLEO-WL55JC/Applications/SubGHz_Phy/SubGHz_Phy_PingPong_DualCore/CM4/Core/Src/stm32wlxx_it.c:118:6:BusFault_Handler	0	static
C:/Users/my1du/Repos/ECE_406/Projects/NUCLEO-WL55JC/Applications/SubGHz_Phy/SubGHz_Phy_PingPong_DualCore/CM4/Core/Src/stm32wlxx_it.c:133:6:UsageFault_Handler	0	static
C:/Users/my1du/Repos/ECE_406/Projects/NUCLEO-WL55JC/Applications/SubGHz_Phy/SubGHz_Phy_PingPong_DualCore/CM4/Core/Src/stm32wlxx_it.c:148:6:SVC_Handler	0	static
C:/Users/my1du/Repos/ECE_406/Projects/NUCLEO-WL55JC/Applications/SubGHz_Phy/SubGHz_Phy_PingPong_DualCore/CM4/Core/Src/stm32wlxx_it.c:161:6:DebugMon_Handler	0	static
C:/Users/my1du/Repos/ECE_406/Projects/NUCLEO-WL55JC/Applications/SubGHz_Phy/SubGHz_Phy_PingPong_DualCore/CM4/Core/Src/stm32wlxx_it.c:174:6:PendSV_Handler	0	static
C:/Users/my1du/Repos/ECE_406/Projects/NUCLEO-WL55JC/Applications/SubGHz_Phy/SubGHz_Phy_PingPong_DualCore/CM4/Core/Src/stm32wlxx_it.c:187:6:SysTick_Handler	0	static
C:/Users/my1du/Repos/ECE_406/Projects/NUCLEO-WL55JC/Applications/SubGHz_Phy/SubGHz_Phy_PingPong_DualCore/CM4/Core/Src/stm32wlxx_it.c:207:6:DMA1_Channel5_IRQHandler	8	static
C:/Users/my1du/Repos/ECE_406/Projects/NUCLEO-WL55JC/Applications/SubGHz_Phy/SubGHz_Phy_PingPong_DualCore/CM4/Core/Src/stm32wlxx_it.c:221:6:USART2_IRQHandler	8	static
C:/Users/my1du/Repos/ECE_406/Projects/NUCLEO-WL55JC/Applications/SubGHz_Phy/SubGHz_Phy_PingPong_DualCore/CM4/Core/Src/stm32wlxx_it.c:235:6:IPCC_C1_RX_IRQHandler	8	static
C:/Users/my1du/Repos/ECE_406/Projects/NUCLEO-WL55JC/Applications/SubGHz_Phy/SubGHz_Phy_PingPong_DualCore/CM4/Core/Src/stm32wlxx_it.c:249:6:IPCC_C1_TX_IRQHandler	8	static
C:/Users/my1du/Repos/ECE_406/Projects/NUCLEO-WL55JC/Applications/SubGHz_Phy/SubGHz_Phy_PingPong_DualCore/CM4/Core/Src/stm32wlxx_it.c:262:6:USART1_IRQHandler	8	static
C:/Users/my1du/Repos/ECE_406/Projects/NUCLEO-WL55JC/Applications/SubGHz_Phy/SubGHz_Phy_PingPong_DualCore/CM4/Core/Src/stm32wlxx_it.c:267:6:DMA1_Channel1_IRQHandler	8	static
C:/Users/my1du/Repos/ECE_406/Projects/NUCLEO-WL55JC/Applications/SubGHz_Phy/SubGHz_Phy_PingPong_DualCore/CM4/Core/Src/stm32wlxx_it.c:272:6:DMA1_Channel2_IRQHandler	8	static
