C:/Repositories/ECE_406/Projects/NUCLEO-WL55JC/Applications/SubGHz_Phy/SubGHz_Phy_PingPong_DualCore/CM4/Core/Src/sys_app.c:311:13:tiny_snprintf_like	16	static
C:/Repositories/ECE_406/Projects/NUCLEO-WL55JC/Applications/SubGHz_Phy/SubGHz_Phy_PingPong_DualCore/CM4/Core/Src/sys_app.c:275:13:TimestampNow	32	static
C:/Repositories/ECE_406/Projects/NUCLEO-WL55JC/Applications/SubGHz_Phy/SubGHz_Phy_PingPong_DualCore/CM4/Core/Src/sys_app.c:212:13:MBMUXIF_Init	8	static
C:/Repositories/ECE_406/Projects/NUCLEO-WL55JC/Applications/SubGHz_Phy/SubGHz_Phy_PingPong_DualCore/CM4/Core/Src/sys_app.c:94:6:SystemApp_Init	8	static
C:/Repositories/ECE_406/Projects/NUCLEO-WL55JC/Applications/SubGHz_Phy/SubGHz_Phy_PingPong_DualCore/CM4/Core/Src/sys_app.c:137:6:Process_Sys_Notif	8	static
C:/Repositories/ECE_406/Projects/NUCLEO-WL55JC/Applications/SubGHz_Phy/SubGHz_Phy_PingPong_DualCore/CM4/Core/Src/sys_app.c:177:6:UTIL_SEQ_EvtIdle	8	static
C:/Repositories/ECE_406/Projects/NUCLEO-WL55JC/Applications/SubGHz_Phy/SubGHz_Phy_PingPong_DualCore/CM4/Core/Src/sys_app.c:196:6:UTIL_SEQ_Idle	8	static
C:/Repositories/ECE_406/Projects/NUCLEO-WL55JC/Applications/SubGHz_Phy/SubGHz_Phy_PingPong_DualCore/CM4/Core/Src/sys_app.c:289:6:UTIL_ADV_TRACE_PreSendHook	8	static
C:/Repositories/ECE_406/Projects/NUCLEO-WL55JC/Applications/SubGHz_Phy/SubGHz_Phy_PingPong_DualCore/CM4/Core/Src/sys_app.c:300:6:UTIL_ADV_TRACE_PostSendHook	8	static
C:/Repositories/ECE_406/Projects/NUCLEO-WL55JC/Applications/SubGHz_Phy/SubGHz_Phy_PingPong_DualCore/CM4/Core/Src/sys_app.c:334:19:HAL_InitTick	0	static
C:/Repositories/ECE_406/Projects/NUCLEO-WL55JC/Applications/SubGHz_Phy/SubGHz_Phy_PingPong_DualCore/CM4/Core/Src/sys_app.c:349:10:HAL_GetTick	8	static
C:/Repositories/ECE_406/Projects/NUCLEO-WL55JC/Applications/SubGHz_Phy/SubGHz_Phy_PingPong_DualCore/CM4/Core/Src/sys_app.c:380:6:HAL_Delay	16	static
