C:/Users/my1du/Repos/ECE_406/Projects/NUCLEO-WL55JC/Applications/SubGHz_Phy/SubGHz_Phy_PingPong_DualCore/CM4/Core/Src/timer_if.c:219:10:TIMER_IF_SetTimerContext	0	static
C:/Users/my1du/Repos/ECE_406/Projects/NUCLEO-WL55JC/Applications/SubGHz_Phy/SubGHz_Phy_PingPong_DualCore/CM4/Core/Src/timer_if.c:233:10:TIMER_IF_GetTimerContext	0	static
C:/Users/my1du/Repos/ECE_406/Projects/NUCLEO-WL55JC/Applications/SubGHz_Phy/SubGHz_Phy_PingPong_DualCore/CM4/Core/Src/timer_if.c:244:10:TIMER_IF_GetTimerElapsedTime	0	static
C:/Users/my1du/Repos/ECE_406/Projects/NUCLEO-WL55JC/Applications/SubGHz_Phy/SubGHz_Phy_PingPong_DualCore/CM4/Core/Src/timer_if.c:257:10:TIMER_IF_GetTimerValue	0	static
C:/Users/my1du/Repos/ECE_406/Projects/NUCLEO-WL55JC/Applications/SubGHz_Phy/SubGHz_Phy_PingPong_DualCore/CM4/Core/Src/timer_if.c:273:10:TIMER_IF_GetMinimumTimeout	0	static
C:/Users/my1du/Repos/ECE_406/Projects/NUCLEO-WL55JC/Applications/SubGHz_Phy/SubGHz_Phy_PingPong_DualCore/CM4/Core/Src/timer_if.c:286:10:TIMER_IF_Convert_ms2Tick	8	static
C:/Users/my1du/Repos/ECE_406/Projects/NUCLEO-WL55JC/Applications/SubGHz_Phy/SubGHz_Phy_PingPong_DualCore/CM4/Core/Src/timer_if.c:299:10:TIMER_IF_Convert_Tick2ms	0	static
C:/Users/my1du/Repos/ECE_406/Projects/NUCLEO-WL55JC/Applications/SubGHz_Phy/SubGHz_Phy_PingPong_DualCore/CM4/Core/Src/timer_if.c:161:21:TIMER_IF_Init	8	static
C:/Users/my1du/Repos/ECE_406/Projects/NUCLEO-WL55JC/Applications/SubGHz_Phy/SubGHz_Phy_PingPong_DualCore/CM4/Core/Src/timer_if.c:203:21:TIMER_IF_StopTimer	8	static
C:/Users/my1du/Repos/ECE_406/Projects/NUCLEO-WL55JC/Applications/SubGHz_Phy/SubGHz_Phy_PingPong_DualCore/CM4/Core/Src/timer_if.c:175:21:TIMER_IF_StartTimer	56	static
C:/Users/my1du/Repos/ECE_406/Projects/NUCLEO-WL55JC/Applications/SubGHz_Phy/SubGHz_Phy_PingPong_DualCore/CM4/Core/Src/timer_if.c:407:17:TIMER_IF_BkUp_Read_MSBticks	8	static
C:/Users/my1du/Repos/ECE_406/Projects/NUCLEO-WL55JC/Applications/SubGHz_Phy/SubGHz_Phy_PingPong_DualCore/CM4/Core/Src/timer_if.c:330:10:TIMER_IF_GetTime	16	static
C:/Users/my1du/Repos/ECE_406/Projects/NUCLEO-WL55JC/Applications/SubGHz_Phy/SubGHz_Phy_PingPong_DualCore/CM4/Core/Src/timer_if.c:376:10:TIMER_IF_BkUp_Read_Seconds	8	static
C:/Users/my1du/Repos/ECE_406/Projects/NUCLEO-WL55JC/Applications/SubGHz_Phy/SubGHz_Phy_PingPong_DualCore/CM4/Core/Src/timer_if.c:389:10:TIMER_IF_BkUp_Read_SubSeconds	8	static
C:/Users/my1du/Repos/ECE_406/Projects/NUCLEO-WL55JC/Applications/SubGHz_Phy/SubGHz_Phy_PingPong_DualCore/CM4/Core/Src/timer_if.c:354:6:TIMER_IF_BkUp_Write_Seconds	8	static
C:/Users/my1du/Repos/ECE_406/Projects/NUCLEO-WL55JC/Applications/SubGHz_Phy/SubGHz_Phy_PingPong_DualCore/CM4/Core/Src/timer_if.c:365:6:TIMER_IF_BkUp_Write_SubSeconds	8	static
C:/Users/my1du/Repos/ECE_406/Projects/NUCLEO-WL55JC/Applications/SubGHz_Phy/SubGHz_Phy_PingPong_DualCore/CM4/Core/Src/timer_if.c:312:6:TIMER_IF_DelayMs	8	static,ignoring_inline_asm
