../../../../../../../Drivers/STM32WLxx_HAL_Driver/Inc/stm32wlxx_ll_adc.h:3664:22:LL_ADC_SetAnalogWDMonitChannels	0	static
../../../../../../../Drivers/STM32WLxx_HAL_Driver/Inc/stm32wlxx_ll_adc.h:3883:22:LL_ADC_ConfigAnalogWDThresholds	0	static
C:/Repositories/ECE_406/Drivers/STM32WLxx_HAL_Driver/Src/stm32wlxx_hal_adc.c:860:13:HAL_ADC_MspInit	0	static
C:/Repositories/ECE_406/Drivers/STM32WLxx_HAL_Driver/Src/stm32wlxx_hal_adc.c:379:19:HAL_ADC_Init	24	static
C:/Repositories/ECE_406/Drivers/STM32WLxx_HAL_Driver/Src/stm32wlxx_hal_adc.c:877:13:HAL_ADC_MspDeInit	0	static
C:/Repositories/ECE_406/Drivers/STM32WLxx_HAL_Driver/Src/stm32wlxx_hal_adc.c:1262:19:HAL_ADC_PollForConversion	24	static
C:/Repositories/ECE_406/Drivers/STM32WLxx_HAL_Driver/Src/stm32wlxx_hal_adc.c:1395:19:HAL_ADC_PollForEvent	24	static
C:/Repositories/ECE_406/Drivers/STM32WLxx_HAL_Driver/Src/stm32wlxx_hal_adc.c:1840:10:HAL_ADC_GetValue	0	static
C:/Repositories/ECE_406/Drivers/STM32WLxx_HAL_Driver/Src/stm32wlxx_hal_adc.c:2067:13:HAL_ADC_ConvCpltCallback	0	static
C:/Repositories/ECE_406/Drivers/STM32WLxx_HAL_Driver/Src/stm32wlxx_hal_adc.c:2082:13:HAL_ADC_ConvHalfCpltCallback	0	static
C:/Repositories/ECE_406/Drivers/STM32WLxx_HAL_Driver/Src/stm32wlxx_hal_adc.c:2937:13:ADC_DMAHalfConvCplt	8	static
C:/Repositories/ECE_406/Drivers/STM32WLxx_HAL_Driver/Src/stm32wlxx_hal_adc.c:2097:13:HAL_ADC_LevelOutOfWindowCallback	0	static
C:/Repositories/ECE_406/Drivers/STM32WLxx_HAL_Driver/Src/stm32wlxx_hal_adc.c:2119:13:HAL_ADC_ErrorCallback	0	static
C:/Repositories/ECE_406/Drivers/STM32WLxx_HAL_Driver/Src/stm32wlxx_hal_adc.c:2955:13:ADC_DMAError	8	static
C:/Repositories/ECE_406/Drivers/STM32WLxx_HAL_Driver/Src/stm32wlxx_hal_adc.c:2859:13:ADC_DMAConvCplt	8	static
C:/Repositories/ECE_406/Drivers/STM32WLxx_HAL_Driver/Src/stm32wlxx_hal_adc.c:1857:6:HAL_ADC_IRQHandler	16	static
C:/Repositories/ECE_406/Drivers/STM32WLxx_HAL_Driver/Src/stm32wlxx_hal_adc.c:2165:19:HAL_ADC_ConfigChannel	24	static,ignoring_inline_asm
C:/Repositories/ECE_406/Drivers/STM32WLxx_HAL_Driver/Src/stm32wlxx_hal_adc.c:2609:10:HAL_ADC_GetState	0	static
C:/Repositories/ECE_406/Drivers/STM32WLxx_HAL_Driver/Src/stm32wlxx_hal_adc.c:2623:10:HAL_ADC_GetError	0	static
C:/Repositories/ECE_406/Drivers/STM32WLxx_HAL_Driver/Src/stm32wlxx_hal_adc.c:2650:19:ADC_ConversionStop	16	static
C:/Repositories/ECE_406/Drivers/STM32WLxx_HAL_Driver/Src/stm32wlxx_hal_adc.c:2704:19:ADC_Enable	24	static
C:/Repositories/ECE_406/Drivers/STM32WLxx_HAL_Driver/Src/stm32wlxx_hal_adc.c:1144:19:HAL_ADC_Start	8	static
C:/Repositories/ECE_406/Drivers/STM32WLxx_HAL_Driver/Src/stm32wlxx_hal_adc.c:1525:19:HAL_ADC_Start_IT	8	static
C:/Repositories/ECE_406/Drivers/STM32WLxx_HAL_Driver/Src/stm32wlxx_hal_adc.c:1663:19:HAL_ADC_Start_DMA	24	static
C:/Repositories/ECE_406/Drivers/STM32WLxx_HAL_Driver/Src/stm32wlxx_hal_adc.c:2797:19:ADC_Disable	16	static
C:/Repositories/ECE_406/Drivers/STM32WLxx_HAL_Driver/Src/stm32wlxx_hal_adc.c:732:19:HAL_ADC_DeInit	16	static
C:/Repositories/ECE_406/Drivers/STM32WLxx_HAL_Driver/Src/stm32wlxx_hal_adc.c:1211:19:HAL_ADC_Stop	8	static
C:/Repositories/ECE_406/Drivers/STM32WLxx_HAL_Driver/Src/stm32wlxx_hal_adc.c:1616:19:HAL_ADC_Stop_IT	8	static
C:/Repositories/ECE_406/Drivers/STM32WLxx_HAL_Driver/Src/stm32wlxx_hal_adc.c:1759:19:HAL_ADC_Stop_DMA	16	static
C:/Repositories/ECE_406/Drivers/STM32WLxx_HAL_Driver/Src/stm32wlxx_hal_adc.c:2373:19:HAL_ADC_AnalogWDGConfig	16	static,ignoring_inline_asm
