C:/Repositories/ECE_406/Drivers/STM32WLxx_HAL_Driver/Src/stm32wlxx_hal_subghz.c:418:13:HAL_SUBGHZ_MspInit	0	static
C:/Repositories/ECE_406/Drivers/STM32WLxx_HAL_Driver/Src/stm32wlxx_hal_subghz.c:434:13:HAL_SUBGHZ_MspDeInit	0	static
C:/Repositories/ECE_406/Drivers/STM32WLxx_HAL_Driver/Src/stm32wlxx_hal_subghz.c:1357:13:HAL_SUBGHZ_TxCpltCallback	0	static
C:/Repositories/ECE_406/Drivers/STM32WLxx_HAL_Driver/Src/stm32wlxx_hal_subghz.c:1373:13:HAL_SUBGHZ_RxCpltCallback	0	static
C:/Repositories/ECE_406/Drivers/STM32WLxx_HAL_Driver/Src/stm32wlxx_hal_subghz.c:1389:13:HAL_SUBGHZ_PreambleDetectedCallback	0	static
C:/Repositories/ECE_406/Drivers/STM32WLxx_HAL_Driver/Src/stm32wlxx_hal_subghz.c:1405:13:HAL_SUBGHZ_SyncWordValidCallback	0	static
C:/Repositories/ECE_406/Drivers/STM32WLxx_HAL_Driver/Src/stm32wlxx_hal_subghz.c:1421:13:HAL_SUBGHZ_HeaderValidCallback	0	static
C:/Repositories/ECE_406/Drivers/STM32WLxx_HAL_Driver/Src/stm32wlxx_hal_subghz.c:1437:13:HAL_SUBGHZ_HeaderErrorCallback	0	static
C:/Repositories/ECE_406/Drivers/STM32WLxx_HAL_Driver/Src/stm32wlxx_hal_subghz.c:1453:13:HAL_SUBGHZ_CRCErrorCallback	0	static
C:/Repositories/ECE_406/Drivers/STM32WLxx_HAL_Driver/Src/stm32wlxx_hal_subghz.c:1471:13:HAL_SUBGHZ_CADStatusCallback	0	static
C:/Repositories/ECE_406/Drivers/STM32WLxx_HAL_Driver/Src/stm32wlxx_hal_subghz.c:1489:13:HAL_SUBGHZ_RxTxTimeoutCallback	0	static
C:/Repositories/ECE_406/Drivers/STM32WLxx_HAL_Driver/Src/stm32wlxx_hal_subghz.c:1505:13:HAL_SUBGHZ_LrFhssHopCallback	0	static
C:/Repositories/ECE_406/Drivers/STM32WLxx_HAL_Driver/Src/stm32wlxx_hal_subghz.c:1539:25:HAL_SUBGHZ_GetState	0	static
C:/Repositories/ECE_406/Drivers/STM32WLxx_HAL_Driver/Src/stm32wlxx_hal_subghz.c:1551:10:HAL_SUBGHZ_GetError	0	static
C:/Repositories/ECE_406/Drivers/STM32WLxx_HAL_Driver/Src/stm32wlxx_hal_subghz.c:1575:6:SUBGHZSPI_Init	0	static
C:/Repositories/ECE_406/Drivers/STM32WLxx_HAL_Driver/Src/stm32wlxx_hal_subghz.c:218:19:HAL_SUBGHZ_Init	24	static
C:/Repositories/ECE_406/Drivers/STM32WLxx_HAL_Driver/Src/stm32wlxx_hal_subghz.c:1611:7:SUBGHZSPI_DeInit	0	static
C:/Repositories/ECE_406/Drivers/STM32WLxx_HAL_Driver/Src/stm32wlxx_hal_subghz.c:335:19:HAL_SUBGHZ_DeInit	16	static
C:/Repositories/ECE_406/Drivers/STM32WLxx_HAL_Driver/Src/stm32wlxx_hal_subghz.c:1627:19:SUBGHZSPI_Transmit	8	static
C:/Repositories/ECE_406/Drivers/STM32WLxx_HAL_Driver/Src/stm32wlxx_hal_subghz.c:1686:19:SUBGHZSPI_Receive	8	static
C:/Repositories/ECE_406/Drivers/STM32WLxx_HAL_Driver/Src/stm32wlxx_hal_subghz.c:1775:19:SUBGHZ_WaitOnBusy	8	static
C:/Repositories/ECE_406/Drivers/STM32WLxx_HAL_Driver/Src/stm32wlxx_hal_subghz.c:1744:19:SUBGHZ_CheckDeviceReady	16	static
C:/Repositories/ECE_406/Drivers/STM32WLxx_HAL_Driver/Src/stm32wlxx_hal_subghz.c:799:19:HAL_SUBGHZ_WriteRegisters	24	static
C:/Repositories/ECE_406/Drivers/STM32WLxx_HAL_Driver/Src/stm32wlxx_hal_subghz.c:927:19:HAL_SUBGHZ_WriteRegister	16	static
C:/Repositories/ECE_406/Drivers/STM32WLxx_HAL_Driver/Src/stm32wlxx_hal_subghz.c:863:19:HAL_SUBGHZ_ReadRegisters	24	static
C:/Repositories/ECE_406/Drivers/STM32WLxx_HAL_Driver/Src/stm32wlxx_hal_subghz.c:942:19:HAL_SUBGHZ_ReadRegister	8	static
C:/Repositories/ECE_406/Drivers/STM32WLxx_HAL_Driver/Src/stm32wlxx_hal_subghz.c:958:19:HAL_SUBGHZ_ExecSetCmd	32	static
C:/Repositories/ECE_406/Drivers/STM32WLxx_HAL_Driver/Src/stm32wlxx_hal_subghz.c:1034:19:HAL_SUBGHZ_ExecGetCmd	24	static
C:/Repositories/ECE_406/Drivers/STM32WLxx_HAL_Driver/Src/stm32wlxx_hal_subghz.c:1220:6:HAL_SUBGHZ_IRQHandler	24	static
C:/Repositories/ECE_406/Drivers/STM32WLxx_HAL_Driver/Src/stm32wlxx_hal_subghz.c:1099:19:HAL_SUBGHZ_WriteBuffer	24	static
C:/Repositories/ECE_406/Drivers/STM32WLxx_HAL_Driver/Src/stm32wlxx_hal_subghz.c:1159:19:HAL_SUBGHZ_ReadBuffer	24	static
