C:/Repositories/ECE_406/Middlewares/Third_Party/LoRaWAN/Mac/LoRaMac.c:997:13:UpdateRxSlotIdleState	0	static
C:/Repositories/ECE_406/Middlewares/Third_Party/LoRaWAN/Mac/LoRaMac.c:1978:13:LoRaMacEnableRequests	0	static
C:/Repositories/ECE_406/Middlewares/Third_Party/LoRaWAN/Mac/LoRaMac.c:2027:13:LoRaMacHandleIndicationEvents	8	static
C:/Repositories/ECE_406/Middlewares/Third_Party/LoRaWAN/Mac/LoRaMac.c:2204:13:CheckForMinimumAbpDatarate	0	static
C:/Repositories/ECE_406/Middlewares/Third_Party/LoRaWAN/Mac/LoRaMac.c:2216:13:LoRaMacCheckForRxAbort	0	static
C:/Repositories/ECE_406/Middlewares/Third_Party/LoRaWAN/Mac/LoRaMac.c:3729:13:CalculateBackOff	0	static
C:/Repositories/ECE_406/Middlewares/Third_Party/LoRaWAN/Mac/LoRaMac.c:4142:24:SetTxContinuousWave	8	static
C:/Repositories/ECE_406/Middlewares/Third_Party/LoRaWAN/Mac/LoRaMac.c:4237:24:DetermineFrameType	0	static
C:/Repositories/ECE_406/Middlewares/Third_Party/LoRaWAN/Mac/LoRaMac.c:4334:13:CheckRetrans	0	static
C:/Repositories/ECE_406/Middlewares/Third_Party/LoRaWAN/Mac/LoRaMac.c:4343:13:CheckRetransUnconfirmedUplink	8	static
C:/Repositories/ECE_406/Middlewares/Third_Party/LoRaWAN/Mac/LoRaMac.c:4365:13:CheckRetransConfirmedUplink	8	static
C:/Repositories/ECE_406/Middlewares/Third_Party/LoRaWAN/Mac/LoRaMac.c:4384:17:IncreaseAdrAckCounter	0	static
C:/Repositories/ECE_406/Middlewares/Third_Party/LoRaWAN/Mac/LoRaMac.c:4394:13:StopRetransmission	8	static
C:/Repositories/ECE_406/Middlewares/Third_Party/LoRaWAN/Mac/LoRaMac.c:4452:13:OnMacProcessNotify	8	static
C:/Repositories/ECE_406/Middlewares/Third_Party/LoRaWAN/Mac/LoRaMac.c:982:13:OnRadioRxError	8	static
C:/Repositories/ECE_406/Middlewares/Third_Party/LoRaWAN/Mac/LoRaMac.c:4460:13:CallNvmDataChangeCallback	8	static
C:/Repositories/ECE_406/Middlewares/Third_Party/LoRaWAN/Mac/LoRaMac.c:4505:16:IsRequestPending	0	static
C:/Repositories/ECE_406/Middlewares/Third_Party/LoRaWAN/Mac/LoRaMac.c:6142:13:OnAbpJoinPendingTimerEvent	8	static
C:/Repositories/ECE_406/Middlewares/Third_Party/LoRaWAN/Mac/LoRaMac.c:2680:16:GetMaxAppPayloadWithoutFOptsLength	24	static
C:/Repositories/ECE_406/Middlewares/Third_Party/LoRaWAN/Mac/LoRaMac.c:2700:13:ValidatePayloadLength	16	static
C:/Repositories/ECE_406/Middlewares/Third_Party/LoRaWAN/Mac/LoRaMac.c:1009:13:ProcessRadioTxDone	80	static,ignoring_inline_asm
C:/Repositories/ECE_406/Middlewares/Third_Party/LoRaWAN/Mac/LoRaMac.c:2506:13:OnRetransmitTimeoutTimerEvent	8	static
C:/Repositories/ECE_406/Middlewares/Third_Party/LoRaWAN/Mac/LoRaMac.c:1094:13:PrepareRxDoneAbort	8	static
C:/Repositories/ECE_406/Middlewares/Third_Party/LoRaWAN/Mac/LoRaMac.c:2189:16:LoRaMacCheckForBeaconAcquisition	8	static
C:/Repositories/ECE_406/Middlewares/Third_Party/LoRaWAN/Mac/LoRaMac.c:2517:30:GetFCntDown	16	static
C:/Repositories/ECE_406/Middlewares/Third_Party/LoRaWAN/Mac/LoRaMac.c:3741:13:RemoveMacCommands	8	static
C:/Repositories/ECE_406/Middlewares/Third_Party/LoRaWAN/Mac/LoRaMac.c:2718:13:ProcessMacCommands	96	static
C:/Repositories/ECE_406/Middlewares/Third_Party/LoRaWAN/Mac/LoRaMac.c:1113:13:ProcessRadioRxDone	176	static
C:/Repositories/ECE_406/Middlewares/Third_Party/LoRaWAN/Mac/LoRaMac.c:1813:13:ProcessRadioTxTimeout	8	static
C:/Repositories/ECE_406/Middlewares/Third_Party/LoRaWAN/Mac/LoRaMac.c:3468:24:CheckForClassBCollision	8	static
C:/Repositories/ECE_406/Middlewares/Third_Party/LoRaWAN/Mac/LoRaMac.c:1834:13:HandleRadioRxErrorTimeout	24	static
C:/Repositories/ECE_406/Middlewares/Third_Party/LoRaWAN/Mac/LoRaMac.c:1903:13:ProcessRadioRxError	8	static
C:/Repositories/ECE_406/Middlewares/Third_Party/LoRaWAN/Mac/LoRaMac.c:1908:13:ProcessRadioRxTimeout	8	static
C:/Repositories/ECE_406/Middlewares/Third_Party/LoRaWAN/Mac/LoRaMac.c:1913:13:LoRaMacHandleIrqEvents	8	static,ignoring_inline_asm
C:/Repositories/ECE_406/Middlewares/Third_Party/LoRaWAN/Mac/LoRaMac.c:2302:13:LoRaMacHandleResponseTimeout	8	static
C:/Repositories/ECE_406/Middlewares/Third_Party/LoRaWAN/Mac/LoRaMac.c:2152:13:LoRaMacHandleMlmeRequest	8	static
C:/Repositories/ECE_406/Middlewares/Third_Party/LoRaWAN/Mac/LoRaMac.c:3537:24:SerializeTxFrame	8	static
C:/Repositories/ECE_406/Middlewares/Third_Party/LoRaWAN/Mac/LoRaMac.c:3489:13:ComputeRxWindowParameters	24	static
C:/Repositories/ECE_406/Middlewares/Third_Party/LoRaWAN/Mac/LoRaMac.c:3518:24:VerifyTxFrame	16	static
C:/Repositories/ECE_406/Middlewares/Third_Party/LoRaWAN/Mac/LoRaMac.c:3665:24:SecureFrame	24	static
C:/Repositories/ECE_406/Middlewares/Third_Party/LoRaWAN/Mac/LoRaMac.c:4042:24:SendFrameOnChannel	40	static
C:/Repositories/ECE_406/Middlewares/Third_Party/LoRaWAN/Mac/LoRaMac.c:3585:24:ScheduleTx	72	static
C:/Repositories/ECE_406/Middlewares/Third_Party/LoRaWAN/Mac/LoRaMac.c:2361:13:OnTxDelayedTimerEvent	8	static
C:/Repositories/ECE_406/Middlewares/Third_Party/LoRaWAN/Mac/LoRaMac.c:2083:13:LoRaMacHandleMcpsRequest	8	static
C:/Repositories/ECE_406/Middlewares/Third_Party/LoRaWAN/Mac/LoRaMac.c:1983:13:LoRaMacHandleRequestEvents	16	static
C:/Repositories/ECE_406/Middlewares/Third_Party/LoRaWAN/Mac/LoRaMac.c:3907:13:OpenContinuousRxCWindow	24	static
C:/Repositories/ECE_406/Middlewares/Third_Party/LoRaWAN/Mac/LoRaMac.c:3892:13:RxWindowSetup	16	static
C:/Repositories/ECE_406/Middlewares/Third_Party/LoRaWAN/Mac/LoRaMac.c:2414:13:OnRxWindow2TimerEvent	8	static
C:/Repositories/ECE_406/Middlewares/Third_Party/LoRaWAN/Mac/LoRaMac.c:2399:13:OnRxWindow1TimerEvent	8	static
C:/Repositories/ECE_406/Middlewares/Third_Party/LoRaWAN/Mac/LoRaMac.c:2226:13:LoRaMacHandleNvm	16	static
C:/Repositories/ECE_406/Middlewares/Third_Party/LoRaWAN/Mac/LoRaMac.c:4152:24:RestoreNvmData	16	static
C:/Repositories/ECE_406/Middlewares/Third_Party/LoRaWAN/Mac/LoRaMac.c:6152:13:AbpJoinPendingStart	16	static
C:/Repositories/ECE_406/Middlewares/Third_Party/LoRaWAN/Mac/LoRaMac.c:989:13:OnRadioRxTimeout	8	static
C:/Repositories/ECE_406/Middlewares/Third_Party/LoRaWAN/Mac/LoRaMac.c:974:13:OnRadioTxTimeout	8	static
C:/Repositories/ECE_406/Middlewares/Third_Party/LoRaWAN/Mac/LoRaMac.c:957:13:OnRadioRxDone	24	static
C:/Repositories/ECE_406/Middlewares/Third_Party/LoRaWAN/Mac/LoRaMac.c:946:13:OnRadioTxDone	16	static
C:/Repositories/ECE_406/Middlewares/Third_Party/LoRaWAN/Mac/LoRaMac.c:3761:13:ResetMacParameters	88	static
C:/Repositories/ECE_406/Middlewares/Third_Party/LoRaWAN/Mac/LoRaMac.c:2574:24:SwitchClass	16	static
C:/Repositories/ECE_406/Middlewares/Third_Party/LoRaWAN/Mac/LoRaMac.c:3371:24:SendReJoinReq	16	static
C:/Repositories/ECE_406/Middlewares/Third_Party/LoRaWAN/Mac/LoRaMac.c:3933:24:PrepareFrame	40	static
C:/Repositories/ECE_406/Middlewares/Third_Party/LoRaWAN/Mac/LoRaMac.c:3279:24:Send	72	static
C:/Repositories/ECE_406/Middlewares/Third_Party/LoRaWAN/Mac/LoRaMac.c:1947:6:LoRaMacIsBusy	0	static
C:/Repositories/ECE_406/Middlewares/Third_Party/LoRaWAN/Mac/LoRaMac.c:1969:6:LoRaMacIsStopped	0	static
C:/Repositories/ECE_406/Middlewares/Third_Party/LoRaWAN/Mac/LoRaMac.c:2317:6:LoRaMacProcess	8	static
C:/Repositories/ECE_406/Middlewares/Third_Party/LoRaWAN/Mac/LoRaMac.c:4515:17:LoRaMacInitialization	88	static
C:/Repositories/ECE_406/Middlewares/Third_Party/LoRaWAN/Mac/LoRaMac.c:4741:17:LoRaMacStart	8	static
C:/Repositories/ECE_406/Middlewares/Third_Party/LoRaWAN/Mac/LoRaMac.c:4748:17:LoRaMacStop	8	static
C:/Repositories/ECE_406/Middlewares/Third_Party/LoRaWAN/Mac/LoRaMac.c:4766:17:LoRaMacHalt	16	static
C:/Repositories/ECE_406/Middlewares/Third_Party/LoRaWAN/Mac/LoRaMac.c:4798:17:LoRaMacQueryTxPossible	56	static
C:/Repositories/ECE_406/Middlewares/Third_Party/LoRaWAN/Mac/LoRaMac.c:4868:17:LoRaMacMibGetRequestConfirm	24	static
C:/Repositories/ECE_406/Middlewares/Third_Party/LoRaWAN/Mac/LoRaMac.c:5156:17:LoRaMacMibSetRequestConfirm	32	static
C:/Repositories/ECE_406/Middlewares/Third_Party/LoRaWAN/Mac/LoRaMac.c:5949:17:LoRaMacChannelAdd	32	static
C:/Repositories/ECE_406/Middlewares/Third_Party/LoRaWAN/Mac/LoRaMac.c:5967:17:LoRaMacChannelRemove	16	static
C:/Repositories/ECE_406/Middlewares/Third_Party/LoRaWAN/Mac/LoRaMac.c:5988:17:LoRaMacMcChannelSetup	16	static
C:/Repositories/ECE_406/Middlewares/Third_Party/LoRaWAN/Mac/LoRaMac.c:6032:17:LoRaMacMcChannelDelete	48	static
C:/Repositories/ECE_406/Middlewares/Third_Party/LoRaWAN/Mac/LoRaMac.c:6055:9:LoRaMacMcChannelGetGroupId	0	static
C:/Repositories/ECE_406/Middlewares/Third_Party/LoRaWAN/Mac/LoRaMac.c:6067:17:LoRaMacMcChannelSetupRxParams	32	static
C:/Repositories/ECE_406/Middlewares/Third_Party/LoRaWAN/Mac/LoRaMac.c:6170:17:LoRaMacProcessMicForDatablock	16	static
C:/Repositories/ECE_406/Middlewares/Third_Party/LoRaWAN/Mac/LoRaMac.c:6183:17:LoRaMacMlmeRequest	48	static
C:/Repositories/ECE_406/Middlewares/Third_Party/LoRaWAN/Mac/LoRaMac.c:6439:17:LoRaMacMcpsRequest	104	static
C:/Repositories/ECE_406/Middlewares/Third_Party/LoRaWAN/Mac/LoRaMac.c:6736:6:LoRaMacTestSetDutyCycleOn	16	static
C:/Repositories/ECE_406/Middlewares/Third_Party/LoRaWAN/Mac/LoRaMac.c:6750:17:LoRaMacDeInitialization	16	static
C:/Repositories/ECE_406/Middlewares/Third_Party/LoRaWAN/Mac/LoRaMac.c:6781:6:LoRaMacReset	8	static
