C:/Repositories/ECE_406/Middlewares/Third_Party/LoRaWAN/Mac/LoRaMacCrypto.c:287:30:PrepareB0	4	static
C:/Repositories/ECE_406/Middlewares/Third_Party/LoRaWAN/Mac/LoRaMacCrypto.c:528:30:PrepareB0ForDataBlock	4	static
C:/Repositories/ECE_406/Middlewares/Third_Party/LoRaWAN/Mac/LoRaMacCrypto.c:600:30:GetKeyAddrItem	0	static
C:/Repositories/ECE_406/Middlewares/Third_Party/LoRaWAN/Mac/LoRaMacCrypto.c:766:30:GetLastFcntDown	0	static
C:/Repositories/ECE_406/Middlewares/Third_Party/LoRaWAN/Mac/LoRaMacCrypto.c:817:13:CheckFCntDown	16	static
C:/Repositories/ECE_406/Middlewares/Third_Party/LoRaWAN/Mac/LoRaMacCrypto.c:844:13:UpdateFCntDown	0	static
C:/Repositories/ECE_406/Middlewares/Third_Party/LoRaWAN/Mac/LoRaMacCrypto.c:888:13:ResetFCnts	0	static
C:/Repositories/ECE_406/Middlewares/Third_Party/LoRaWAN/Mac/LoRaMacCrypto.c:902:13:IsJoinNonce10xOk	0	static
C:/Repositories/ECE_406/Middlewares/Third_Party/LoRaWAN/Mac/LoRaMacCrypto.c:351:30:ComputeCmacB0	56	static
C:/Repositories/ECE_406/Middlewares/Third_Party/LoRaWAN/Mac/LoRaMacCrypto.c:574:30:ComputeCmacB0ForDataBlock	48	static
C:/Repositories/ECE_406/Middlewares/Third_Party/LoRaWAN/Mac/LoRaMacCrypto.c:622:30:DeriveSessionKey10x	24	static
C:/Repositories/ECE_406/Middlewares/Third_Party/LoRaWAN/Mac/LoRaMacCrypto.c:145:30:PayloadEncrypt	56	static
C:/Repositories/ECE_406/Middlewares/Third_Party/LoRaWAN/Mac/LoRaMacCrypto.c:387:30:VerifyCmacB0	312	static
C:/Repositories/ECE_406/Middlewares/Third_Party/LoRaWAN/Mac/LoRaMacCrypto.c:923:23:LoRaMacCryptoInit	8	static
C:/Repositories/ECE_406/Middlewares/Third_Party/LoRaWAN/Mac/LoRaMacCrypto.c:948:23:LoRaMacCryptoSetLrWanVersion	0	static
C:/Repositories/ECE_406/Middlewares/Third_Party/LoRaWAN/Mac/LoRaMacCrypto.c:954:23:LoRaMacCryptoGetFCntUp	0	static
C:/Repositories/ECE_406/Middlewares/Third_Party/LoRaWAN/Mac/LoRaMacCrypto.c:1020:23:LoRaMacCryptoGetFCntDown	24	static
C:/Repositories/ECE_406/Middlewares/Third_Party/LoRaWAN/Mac/LoRaMacCrypto.c:1066:23:LoRaMacCryptoGetRJcount	0	static
C:/Repositories/ECE_406/Middlewares/Third_Party/LoRaWAN/Mac/LoRaMacCrypto.c:1090:23:LoRaMacCryptoSetMulticastReference	0	static
C:/Repositories/ECE_406/Middlewares/Third_Party/LoRaWAN/Mac/LoRaMacCrypto.c:1130:23:LoRaMacCryptoPrepareJoinRequest	16	static
C:/Repositories/ECE_406/Middlewares/Third_Party/LoRaWAN/Mac/LoRaMacCrypto.c:1181:23:LoRaMacCryptoPrepareReJoinType1	0	static
C:/Repositories/ECE_406/Middlewares/Third_Party/LoRaWAN/Mac/LoRaMacCrypto.c:1223:23:LoRaMacCryptoPrepareReJoinType0or2	0	static
C:/Repositories/ECE_406/Middlewares/Third_Party/LoRaWAN/Mac/LoRaMacCrypto.c:1447:23:LoRaMacCryptoSecureMessage	32	static
C:/Repositories/ECE_406/Middlewares/Third_Party/LoRaWAN/Mac/LoRaMacCrypto.c:1551:23:LoRaMacCryptoUnsecureMessage	56	static
C:/Repositories/ECE_406/Middlewares/Third_Party/LoRaWAN/Mac/LoRaMacCrypto.c:1645:23:LoRaMacCryptoComputeDataBlock	24	static
C:/Repositories/ECE_406/Middlewares/Third_Party/LoRaWAN/Mac/LoRaMacCrypto.c:1659:23:LoRaMacCryptoDeriveLifeTimeKey	24	static
C:/Repositories/ECE_406/Middlewares/Third_Party/LoRaWAN/Mac/LoRaMacCrypto.c:1105:23:LoRaMacCryptoSetKey	8	static
C:/Repositories/ECE_406/Middlewares/Third_Party/LoRaWAN/Mac/LoRaMacCrypto.c:1265:23:LoRaMacCryptoHandleJoinAccept	80	static
C:/Repositories/ECE_406/Middlewares/Third_Party/LoRaWAN/Mac/LoRaMacCrypto.c:1689:23:LoRaMacCryptoDeriveMcSessionKeyPair	48	static
