C:/Users/my1du/Repos/ECE_406/Projects/NUCLEO-WL55JC/Applications/SubGHz_Phy/SubGHz_Phy_PingPong_DualCore/CM4/MbMux/mbmuxif_trace.c:70:8:MBMUXIF_TraceInit	16	static
C:/Users/my1du/Repos/ECE_406/Projects/NUCLEO-WL55JC/Applications/SubGHz_Phy/SubGHz_Phy_PingPong_DualCore/CM4/MbMux/mbmuxif_trace.c:97:6:MBMUXIF_TraceSendAck	8	static
C:/Users/my1du/Repos/ECE_406/Projects/NUCLEO-WL55JC/Applications/SubGHz_Phy/SubGHz_Phy_PingPong_DualCore/CM4/MbMux/mbmuxif_trace.c:116:13:MBMUXIF_IsrTraceNotifRcvCb	8	static
