C:/Users/my1du/Repos/ECE_406/Projects/NUCLEO-WL55JC/Applications/SubGHz_Phy/SubGHz_Phy_PingPong_DualCore/CM4/MbMux/mbmuxif_radio.c:227:13:MBMUXIF_TaskRadioNotifRcv	8	static
C:/Users/my1du/Repos/ECE_406/Projects/NUCLEO-WL55JC/Applications/SubGHz_Phy/SubGHz_Phy_PingPong_DualCore/CM4/MbMux/mbmuxif_radio.c:215:13:MBMUXIF_IsrRadioNotifRcvCb	8	static
C:/Users/my1du/Repos/ECE_406/Projects/NUCLEO-WL55JC/Applications/SubGHz_Phy/SubGHz_Phy_PingPong_DualCore/CM4/MbMux/mbmuxif_radio.c:204:13:MBMUXIF_IsrRadioRespRcvCb	8	static
C:/Users/my1du/Repos/ECE_406/Projects/NUCLEO-WL55JC/Applications/SubGHz_Phy/SubGHz_Phy_PingPong_DualCore/CM4/MbMux/mbmuxif_radio.c:96:8:MBMUXIF_RadioInit	16	static
C:/Users/my1du/Repos/ECE_406/Projects/NUCLEO-WL55JC/Applications/SubGHz_Phy/SubGHz_Phy_PingPong_DualCore/CM4/MbMux/mbmuxif_radio.c:151:19:MBMUXIF_GetRadioFeatureCmdComPtr	8	static
C:/Users/my1du/Repos/ECE_406/Projects/NUCLEO-WL55JC/Applications/SubGHz_Phy/SubGHz_Phy_PingPong_DualCore/CM4/MbMux/mbmuxif_radio.c:167:6:MBMUXIF_RadioSendCmd	8	static
C:/Users/my1du/Repos/ECE_406/Projects/NUCLEO-WL55JC/Applications/SubGHz_Phy/SubGHz_Phy_PingPong_DualCore/CM4/MbMux/mbmuxif_radio.c:185:6:MBMUXIF_RadioSendAck	8	static
