C:/Repositories/ECE_406/Projects/NUCLEO-WL55JC/Applications/SubGHz_Phy/SubGHz_Phy_PingPong_DualCore/CM4/MbMux/radio_mbwrapper.c:1394:16:RadioSetTxGenericConfig	32	static
C:/Repositories/ECE_406/Projects/NUCLEO-WL55JC/Applications/SubGHz_Phy/SubGHz_Phy_PingPong_DualCore/CM4/MbMux/radio_mbwrapper.c:1365:16:RadioSetRxGenericConfig	32	static
C:/Repositories/ECE_406/Projects/NUCLEO-WL55JC/Applications/SubGHz_Phy/SubGHz_Phy_PingPong_DualCore/CM4/MbMux/radio_mbwrapper.c:1240:13:RadioIrqProcess	8	static
C:/Repositories/ECE_406/Projects/NUCLEO-WL55JC/Applications/SubGHz_Phy/SubGHz_Phy_PingPong_DualCore/CM4/MbMux/radio_mbwrapper.c:1219:17:RadioGetWakeUpTime	8	static
C:/Repositories/ECE_406/Projects/NUCLEO-WL55JC/Applications/SubGHz_Phy/SubGHz_Phy_PingPong_DualCore/CM4/MbMux/radio_mbwrapper.c:972:13:RadioStartCad	8	static
C:/Repositories/ECE_406/Projects/NUCLEO-WL55JC/Applications/SubGHz_Phy/SubGHz_Phy_PingPong_DualCore/CM4/MbMux/radio_mbwrapper.c:926:13:RadioStandby	8	static
C:/Repositories/ECE_406/Projects/NUCLEO-WL55JC/Applications/SubGHz_Phy/SubGHz_Phy_PingPong_DualCore/CM4/MbMux/radio_mbwrapper.c:907:13:RadioSleep	8	static
C:/Repositories/ECE_406/Projects/NUCLEO-WL55JC/Applications/SubGHz_Phy/SubGHz_Phy_PingPong_DualCore/CM4/MbMux/radio_mbwrapper.c:699:17:RadioRandom	8	static
C:/Repositories/ECE_406/Projects/NUCLEO-WL55JC/Applications/SubGHz_Phy/SubGHz_Phy_PingPong_DualCore/CM4/MbMux/radio_mbwrapper.c:592:21:RadioGetStatus	8	static
C:/Repositories/ECE_406/Projects/NUCLEO-WL55JC/Applications/SubGHz_Phy/SubGHz_Phy_PingPong_DualCore/CM4/MbMux/radio_mbwrapper.c:1338:13:RadioTxCw	8	static
C:/Repositories/ECE_406/Projects/NUCLEO-WL55JC/Applications/SubGHz_Phy/SubGHz_Phy_PingPong_DualCore/CM4/MbMux/radio_mbwrapper.c:1314:13:RadioTxPrbs	8	static
C:/Repositories/ECE_406/Projects/NUCLEO-WL55JC/Applications/SubGHz_Phy/SubGHz_Phy_PingPong_DualCore/CM4/MbMux/radio_mbwrapper.c:1286:13:RadioSetRxDutyCycle	16	static
C:/Repositories/ECE_406/Projects/NUCLEO-WL55JC/Applications/SubGHz_Phy/SubGHz_Phy_PingPong_DualCore/CM4/MbMux/radio_mbwrapper.c:1259:13:RadioRxBoosted	8	static
C:/Repositories/ECE_406/Projects/NUCLEO-WL55JC/Applications/SubGHz_Phy/SubGHz_Phy_PingPong_DualCore/CM4/MbMux/radio_mbwrapper.c:1192:13:RadioSetPublicNetwork	8	static
C:/Repositories/ECE_406/Projects/NUCLEO-WL55JC/Applications/SubGHz_Phy/SubGHz_Phy_PingPong_DualCore/CM4/MbMux/radio_mbwrapper.c:1164:13:RadioSetMaxPayloadLength	16	static
C:/Repositories/ECE_406/Projects/NUCLEO-WL55JC/Applications/SubGHz_Phy/SubGHz_Phy_PingPong_DualCore/CM4/MbMux/radio_mbwrapper.c:1135:13:RadioReadRegisters	16	static
C:/Repositories/ECE_406/Projects/NUCLEO-WL55JC/Applications/SubGHz_Phy/SubGHz_Phy_PingPong_DualCore/CM4/MbMux/radio_mbwrapper.c:1106:13:RadioWriteRegisters	16	static
C:/Repositories/ECE_406/Projects/NUCLEO-WL55JC/Applications/SubGHz_Phy/SubGHz_Phy_PingPong_DualCore/CM4/MbMux/radio_mbwrapper.c:1077:16:RadioRead	16	static
C:/Repositories/ECE_406/Projects/NUCLEO-WL55JC/Applications/SubGHz_Phy/SubGHz_Phy_PingPong_DualCore/CM4/MbMux/radio_mbwrapper.c:1049:13:RadioWrite	16	static
C:/Repositories/ECE_406/Projects/NUCLEO-WL55JC/Applications/SubGHz_Phy/SubGHz_Phy_PingPong_DualCore/CM4/MbMux/radio_mbwrapper.c:1020:16:RadioRssi	16	static
C:/Repositories/ECE_406/Projects/NUCLEO-WL55JC/Applications/SubGHz_Phy/SubGHz_Phy_PingPong_DualCore/CM4/MbMux/radio_mbwrapper.c:991:13:RadioSetTxContinuousWave	16	static
C:/Repositories/ECE_406/Projects/NUCLEO-WL55JC/Applications/SubGHz_Phy/SubGHz_Phy_PingPong_DualCore/CM4/MbMux/radio_mbwrapper.c:945:13:RadioRx	8	static
C:/Repositories/ECE_406/Projects/NUCLEO-WL55JC/Applications/SubGHz_Phy/SubGHz_Phy_PingPong_DualCore/CM4/MbMux/radio_mbwrapper.c:877:23:RadioSend	16	static
C:/Repositories/ECE_406/Projects/NUCLEO-WL55JC/Applications/SubGHz_Phy/SubGHz_Phy_PingPong_DualCore/CM4/MbMux/radio_mbwrapper.c:838:17:RadioGetTimeOnAir	32	static
C:/Repositories/ECE_406/Projects/NUCLEO-WL55JC/Applications/SubGHz_Phy/SubGHz_Phy_PingPong_DualCore/CM4/MbMux/radio_mbwrapper.c:809:13:RadioCheckRfFrequency	16	static
C:/Repositories/ECE_406/Projects/NUCLEO-WL55JC/Applications/SubGHz_Phy/SubGHz_Phy_PingPong_DualCore/CM4/MbMux/radio_mbwrapper.c:766:13:RadioSetTxConfig	24	static
C:/Repositories/ECE_406/Projects/NUCLEO-WL55JC/Applications/SubGHz_Phy/SubGHz_Phy_PingPong_DualCore/CM4/MbMux/radio_mbwrapper.c:720:13:RadioSetRxConfig	24	static
C:/Repositories/ECE_406/Projects/NUCLEO-WL55JC/Applications/SubGHz_Phy/SubGHz_Phy_PingPong_DualCore/CM4/MbMux/radio_mbwrapper.c:667:13:RadioIsChannelFree	32	static
C:/Repositories/ECE_406/Projects/NUCLEO-WL55JC/Applications/SubGHz_Phy/SubGHz_Phy_PingPong_DualCore/CM4/MbMux/radio_mbwrapper.c:640:13:RadioSetChannel	8	static
C:/Repositories/ECE_406/Projects/NUCLEO-WL55JC/Applications/SubGHz_Phy/SubGHz_Phy_PingPong_DualCore/CM4/MbMux/radio_mbwrapper.c:613:13:RadioSetModem	8	static
C:/Repositories/ECE_406/Projects/NUCLEO-WL55JC/Applications/SubGHz_Phy/SubGHz_Phy_PingPong_DualCore/CM4/MbMux/radio_mbwrapper.c:555:13:RadioInit	8	static
C:/Repositories/ECE_406/Projects/NUCLEO-WL55JC/Applications/SubGHz_Phy/SubGHz_Phy_PingPong_DualCore/CM4/MbMux/radio_mbwrapper.c:466:6:Process_Radio_Notif	16	static
