../../../../../../../../Drivers/CMSIS/Include/core_cm0plus.h:850:22:__NVIC_SetPriority	16	static
../../../../../../../../Drivers/CMSIS/Include/core_cm0plus.h:874:26:__NVIC_GetPriority	0	static
../../../../../../../../Drivers/CMSIS/Include/core_cm0plus.h:985:34:__NVIC_SystemReset	0	static,ignoring_inline_asm
../../../../../../../../Drivers/CMSIS/Include/core_cm0plus.h:1056:26:SysTick_Config	0	static
C:/Users/my1du/Repos/ECE_406/Drivers/STM32WLxx_HAL_Driver/Src/stm32wlxx_hal_cortex.c:158:6:HAL_NVIC_SetPriority	8	static
C:/Users/my1du/Repos/ECE_406/Drivers/STM32WLxx_HAL_Driver/Src/stm32wlxx_hal_cortex.c:231:6:HAL_NVIC_EnableIRQ	0	static,ignoring_inline_asm
C:/Users/my1du/Repos/ECE_406/Drivers/STM32WLxx_HAL_Driver/Src/stm32wlxx_hal_cortex.c:248:6:HAL_NVIC_DisableIRQ	0	static,ignoring_inline_asm
C:/Users/my1du/Repos/ECE_406/Drivers/STM32WLxx_HAL_Driver/Src/stm32wlxx_hal_cortex.c:261:6:HAL_NVIC_SystemReset	8	static
C:/Users/my1du/Repos/ECE_406/Drivers/STM32WLxx_HAL_Driver/Src/stm32wlxx_hal_cortex.c:274:10:HAL_SYSTICK_Config	8	static
C:/Users/my1du/Repos/ECE_406/Drivers/STM32WLxx_HAL_Driver/Src/stm32wlxx_hal_cortex.c:307:10:HAL_NVIC_GetPriority	8	static
C:/Users/my1du/Repos/ECE_406/Drivers/STM32WLxx_HAL_Driver/Src/stm32wlxx_hal_cortex.c:379:6:HAL_NVIC_SetPendingIRQ	0	static
C:/Users/my1du/Repos/ECE_406/Drivers/STM32WLxx_HAL_Driver/Src/stm32wlxx_hal_cortex.c:398:10:HAL_NVIC_GetPendingIRQ	0	static
C:/Users/my1du/Repos/ECE_406/Drivers/STM32WLxx_HAL_Driver/Src/stm32wlxx_hal_cortex.c:415:6:HAL_NVIC_ClearPendingIRQ	0	static
C:/Users/my1du/Repos/ECE_406/Drivers/STM32WLxx_HAL_Driver/Src/stm32wlxx_hal_cortex.c:432:6:HAL_SYSTICK_CLKSourceConfig	0	static
C:/Users/my1du/Repos/ECE_406/Drivers/STM32WLxx_HAL_Driver/Src/stm32wlxx_hal_cortex.c:459:13:HAL_SYSTICK_Callback	0	static
C:/Users/my1du/Repos/ECE_406/Drivers/STM32WLxx_HAL_Driver/Src/stm32wlxx_hal_cortex.c:450:6:HAL_SYSTICK_IRQHandler	8	static
C:/Users/my1du/Repos/ECE_406/Drivers/STM32WLxx_HAL_Driver/Src/stm32wlxx_hal_cortex.c:479:6:HAL_MPU_Enable	0	static,ignoring_inline_asm
C:/Users/my1du/Repos/ECE_406/Drivers/STM32WLxx_HAL_Driver/Src/stm32wlxx_hal_cortex.c:494:6:HAL_MPU_Disable	0	static,ignoring_inline_asm
C:/Users/my1du/Repos/ECE_406/Drivers/STM32WLxx_HAL_Driver/Src/stm32wlxx_hal_cortex.c:507:6:HAL_MPU_EnableRegion	0	static
C:/Users/my1du/Repos/ECE_406/Drivers/STM32WLxx_HAL_Driver/Src/stm32wlxx_hal_cortex.c:523:6:HAL_MPU_DisableRegion	0	static
C:/Users/my1du/Repos/ECE_406/Drivers/STM32WLxx_HAL_Driver/Src/stm32wlxx_hal_cortex.c:541:6:HAL_MPU_ConfigRegion	0	static
