C:/Users/my1du/Repos/ECE_406/Projects/NUCLEO-WL55JC/Applications/SubGHz_Phy/SubGHz_Phy_PingPong_DualCore/CM0PLUS/Core/Src/stm32wlxx_it.c:71:6:NMI_Handler	0	static
C:/Users/my1du/Repos/ECE_406/Projects/NUCLEO-WL55JC/Applications/SubGHz_Phy/SubGHz_Phy_PingPong_DualCore/CM0PLUS/Core/Src/stm32wlxx_it.c:86:6:HardFault_Handler	0	static
C:/Users/my1du/Repos/ECE_406/Projects/NUCLEO-WL55JC/Applications/SubGHz_Phy/SubGHz_Phy_PingPong_DualCore/CM0PLUS/Core/Src/stm32wlxx_it.c:101:6:SVC_Handler	0	static
C:/Users/my1du/Repos/ECE_406/Projects/NUCLEO-WL55JC/Applications/SubGHz_Phy/SubGHz_Phy_PingPong_DualCore/CM0PLUS/Core/Src/stm32wlxx_it.c:114:6:PendSV_Handler	0	static
C:/Users/my1du/Repos/ECE_406/Projects/NUCLEO-WL55JC/Applications/SubGHz_Phy/SubGHz_Phy_PingPong_DualCore/CM0PLUS/Core/Src/stm32wlxx_it.c:127:6:SysTick_Handler	0	static
C:/Users/my1du/Repos/ECE_406/Projects/NUCLEO-WL55JC/Applications/SubGHz_Phy/SubGHz_Phy_PingPong_DualCore/CM0PLUS/Core/Src/stm32wlxx_it.c:147:6:RTC_LSECSS_IRQHandler	8	static
C:/Users/my1du/Repos/ECE_406/Projects/NUCLEO-WL55JC/Applications/SubGHz_Phy/SubGHz_Phy_PingPong_DualCore/CM0PLUS/Core/Src/stm32wlxx_it.c:162:6:IPCC_C2_RX_C2_TX_IRQHandler	8	static
C:/Users/my1du/Repos/ECE_406/Projects/NUCLEO-WL55JC/Applications/SubGHz_Phy/SubGHz_Phy_PingPong_DualCore/CM0PLUS/Core/Src/stm32wlxx_it.c:177:6:SUBGHZ_Radio_IRQHandler	8	static
