C:/Users/my1du/Repos/ECE_406/Projects/NUCLEO-WL55JC/Applications/SubGHz_Phy/SubGHz_Phy_PingPong_DualCore/CM0PLUS/Core/Src/timer_if.c:267:10:TIMER_IF_SetTimerContext	0	static
C:/Users/my1du/Repos/ECE_406/Projects/NUCLEO-WL55JC/Applications/SubGHz_Phy/SubGHz_Phy_PingPong_DualCore/CM0PLUS/Core/Src/timer_if.c:281:10:TIMER_IF_GetTimerContext	0	static
C:/Users/my1du/Repos/ECE_406/Projects/NUCLEO-WL55JC/Applications/SubGHz_Phy/SubGHz_Phy_PingPong_DualCore/CM0PLUS/Core/Src/timer_if.c:292:10:TIMER_IF_GetTimerElapsedTime	0	static
C:/Users/my1du/Repos/ECE_406/Projects/NUCLEO-WL55JC/Applications/SubGHz_Phy/SubGHz_Phy_PingPong_DualCore/CM0PLUS/Core/Src/timer_if.c:305:10:TIMER_IF_GetTimerValue	0	static
C:/Users/my1du/Repos/ECE_406/Projects/NUCLEO-WL55JC/Applications/SubGHz_Phy/SubGHz_Phy_PingPong_DualCore/CM0PLUS/Core/Src/timer_if.c:321:10:TIMER_IF_GetMinimumTimeout	0	static
C:/Users/my1du/Repos/ECE_406/Projects/NUCLEO-WL55JC/Applications/SubGHz_Phy/SubGHz_Phy_PingPong_DualCore/CM0PLUS/Core/Src/timer_if.c:334:10:TIMER_IF_Convert_ms2Tick	8	static
C:/Users/my1du/Repos/ECE_406/Projects/NUCLEO-WL55JC/Applications/SubGHz_Phy/SubGHz_Phy_PingPong_DualCore/CM0PLUS/Core/Src/timer_if.c:347:10:TIMER_IF_Convert_Tick2ms	8	static
C:/Users/my1du/Repos/ECE_406/Projects/NUCLEO-WL55JC/Applications/SubGHz_Phy/SubGHz_Phy_PingPong_DualCore/CM0PLUS/Core/Src/timer_if.c:249:21:TIMER_IF_StopTimer	8	static
C:/Users/my1du/Repos/ECE_406/Projects/NUCLEO-WL55JC/Applications/SubGHz_Phy/SubGHz_Phy_PingPong_DualCore/CM0PLUS/Core/Src/timer_if.c:504:13:TIMER_IF_BkUp_Write_MSBticks	8	static
C:/Users/my1du/Repos/ECE_406/Projects/NUCLEO-WL55JC/Applications/SubGHz_Phy/SubGHz_Phy_PingPong_DualCore/CM0PLUS/Core/Src/timer_if.c:183:21:TIMER_IF_Init	16	static
C:/Users/my1du/Repos/ECE_406/Projects/NUCLEO-WL55JC/Applications/SubGHz_Phy/SubGHz_Phy_PingPong_DualCore/CM0PLUS/Core/Src/timer_if.c:451:6:TIMER_IF_BkUp_Write_Seconds	8	static
C:/Users/my1du/Repos/ECE_406/Projects/NUCLEO-WL55JC/Applications/SubGHz_Phy/SubGHz_Phy_PingPong_DualCore/CM0PLUS/Core/Src/timer_if.c:462:6:TIMER_IF_BkUp_Write_SubSeconds	8	static
C:/Users/my1du/Repos/ECE_406/Projects/NUCLEO-WL55JC/Applications/SubGHz_Phy/SubGHz_Phy_PingPong_DualCore/CM0PLUS/Core/Src/timer_if.c:221:21:TIMER_IF_StartTimer	56	static
C:/Users/my1du/Repos/ECE_406/Projects/NUCLEO-WL55JC/Applications/SubGHz_Phy/SubGHz_Phy_PingPong_DualCore/CM0PLUS/Core/Src/timer_if.c:515:17:TIMER_IF_BkUp_Read_MSBticks	8	static
C:/Users/my1du/Repos/ECE_406/Projects/NUCLEO-WL55JC/Applications/SubGHz_Phy/SubGHz_Phy_PingPong_DualCore/CM0PLUS/Core/Src/timer_if.c:427:10:TIMER_IF_GetTime	24	static
C:/Users/my1du/Repos/ECE_406/Projects/NUCLEO-WL55JC/Applications/SubGHz_Phy/SubGHz_Phy_PingPong_DualCore/CM0PLUS/Core/Src/timer_if.c:473:10:TIMER_IF_BkUp_Read_Seconds	8	static
C:/Users/my1du/Repos/ECE_406/Projects/NUCLEO-WL55JC/Applications/SubGHz_Phy/SubGHz_Phy_PingPong_DualCore/CM0PLUS/Core/Src/timer_if.c:486:10:TIMER_IF_BkUp_Read_SubSeconds	8	static
C:/Users/my1du/Repos/ECE_406/Projects/NUCLEO-WL55JC/Applications/SubGHz_Phy/SubGHz_Phy_PingPong_DualCore/CM0PLUS/Core/Src/timer_if.c:360:6:TIMER_IF_DelayMs	8	static,ignoring_inline_asm
C:/Users/my1du/Repos/ECE_406/Projects/NUCLEO-WL55JC/Applications/SubGHz_Phy/SubGHz_Phy_PingPong_DualCore/CM0PLUS/Core/Src/timer_if.c:378:6:HAL_RTC_AlarmAEventCallback	8	static
C:/Users/my1du/Repos/ECE_406/Projects/NUCLEO-WL55JC/Applications/SubGHz_Phy/SubGHz_Phy_PingPong_DualCore/CM0PLUS/Core/Src/timer_if.c:401:6:HAL_RTCEx_AlarmBEventCallback	8	static
C:/Users/my1du/Repos/ECE_406/Projects/NUCLEO-WL55JC/Applications/SubGHz_Phy/SubGHz_Phy_PingPong_DualCore/CM0PLUS/Core/Src/timer_if.c:412:6:HAL_RTCEx_SSRUEventCallback	8	static
