C:/Repositories/ECE_406/Projects/NUCLEO-WL55JC/Applications/LoRaWAN/LoRaWAN_End_Node_FreeRTOS/Core/Src/flash_if.c:411:16:FLASH_IF_INT_IsEmpty	0	static
C:/Repositories/ECE_406/Projects/NUCLEO-WL55JC/Applications/LoRaWAN/LoRaWAN_End_Node_FreeRTOS/Core/Src/flash_if.c:341:31:FLASH_IF_INT_Read	8	static
C:/Repositories/ECE_406/Projects/NUCLEO-WL55JC/Applications/LoRaWAN/LoRaWAN_End_Node_FreeRTOS/Core/Src/flash_if.c:433:31:FLASH_IF_INT_Clear_Error	8	static
C:/Repositories/ECE_406/Projects/NUCLEO-WL55JC/Applications/LoRaWAN/LoRaWAN_End_Node_FreeRTOS/Core/Src/flash_if.c:359:31:FLASH_IF_INT_Erase	32	static
C:/Repositories/ECE_406/Projects/NUCLEO-WL55JC/Applications/LoRaWAN/LoRaWAN_End_Node_FreeRTOS/Core/Src/flash_if.c:208:31:FLASH_IF_INT_Write	64	static
C:/Repositories/ECE_406/Projects/NUCLEO-WL55JC/Applications/LoRaWAN/LoRaWAN_End_Node_FreeRTOS/Core/Src/flash_if.c:124:24:FLASH_IF_Init	0	static
C:/Repositories/ECE_406/Projects/NUCLEO-WL55JC/Applications/LoRaWAN/LoRaWAN_End_Node_FreeRTOS/Core/Src/flash_if.c:138:24:FLASH_IF_DeInit	0	static
C:/Repositories/ECE_406/Projects/NUCLEO-WL55JC/Applications/LoRaWAN/LoRaWAN_End_Node_FreeRTOS/Core/Src/flash_if.c:152:24:FLASH_IF_Write	8	static
C:/Repositories/ECE_406/Projects/NUCLEO-WL55JC/Applications/LoRaWAN/LoRaWAN_End_Node_FreeRTOS/Core/Src/flash_if.c:168:24:FLASH_IF_Read	8	static
C:/Repositories/ECE_406/Projects/NUCLEO-WL55JC/Applications/LoRaWAN/LoRaWAN_End_Node_FreeRTOS/Core/Src/flash_if.c:184:24:FLASH_IF_Erase	8	static
C:/Repositories/ECE_406/Projects/NUCLEO-WL55JC/Applications/LoRaWAN/LoRaWAN_End_Node_FreeRTOS/Core/Src/flash_if.c:464:6:HAL_FLASH_EndOfOperationCallback	0	static
C:/Repositories/ECE_406/Projects/NUCLEO-WL55JC/Applications/LoRaWAN/LoRaWAN_End_Node_FreeRTOS/Core/Src/flash_if.c:481:6:HAL_FLASH_OperationErrorCallback	0	static
