C:/Repositories/ECE_406/Middlewares/Third_Party/LoRaWAN/Mac/LoRaMacCommands.c:99:13:IsSlotFree	0	static
C:/Repositories/ECE_406/Middlewares/Third_Party/LoRaWAN/Mac/LoRaMacCommands.c:118:22:MallocNewMacCommandSlot	16	static
C:/Repositories/ECE_406/Middlewares/Third_Party/LoRaWAN/Mac/LoRaMacCommands.c:161:13:LinkedListInit	0	static
C:/Repositories/ECE_406/Middlewares/Third_Party/LoRaWAN/Mac/LoRaMacCommands.c:181:13:LinkedListAdd	0	static
C:/Repositories/ECE_406/Middlewares/Third_Party/LoRaWAN/Mac/LoRaMacCommands.c:216:22:LinkedListGetPrevious	0	static
C:/Repositories/ECE_406/Middlewares/Third_Party/LoRaWAN/Mac/LoRaMacCommands.c:252:13:LinkedListRemove	16	static
C:/Repositories/ECE_406/Middlewares/Third_Party/LoRaWAN/Mac/LoRaMacCommands.c:288:13:IsSticky	0	static
C:/Repositories/ECE_406/Middlewares/Third_Party/LoRaWAN/Mac/LoRaMacCommands.c:317:13:IsConfirmationRequired	0	static
C:/Repositories/ECE_406/Middlewares/Third_Party/LoRaWAN/Mac/LoRaMacCommands.c:141:13:FreeMacCommandSlot	8	static
C:/Repositories/ECE_406/Middlewares/Third_Party/LoRaWAN/Mac/LoRaMacCommands.c:332:24:LoRaMacCommandsInit	8	static
C:/Repositories/ECE_406/Middlewares/Third_Party/LoRaWAN/Mac/LoRaMacCommands.c:342:24:LoRaMacCommandsAddCmd	24	static
C:/Repositories/ECE_406/Middlewares/Third_Party/LoRaWAN/Mac/LoRaMacCommands.c:376:24:LoRaMacCommandsRemoveCmd	8	static
C:/Repositories/ECE_406/Middlewares/Third_Party/LoRaWAN/Mac/LoRaMacCommands.c:400:24:LoRaMacCommandsGetCmd	0	static
C:/Repositories/ECE_406/Middlewares/Third_Party/LoRaWAN/Mac/LoRaMacCommands.c:424:24:LoRaMacCommandsRemoveNoneStickyCmds	8	static
C:/Repositories/ECE_406/Middlewares/Third_Party/LoRaWAN/Mac/LoRaMacCommands.c:450:24:LoRaMacCommandsRemoveStickyAnsCmds	16	static
C:/Repositories/ECE_406/Middlewares/Third_Party/LoRaWAN/Mac/LoRaMacCommands.c:473:24:LoRaMacCommandsGetSizeSerializedCmds	0	static
C:/Repositories/ECE_406/Middlewares/Third_Party/LoRaWAN/Mac/LoRaMacCommands.c:483:24:LoRaMacCommandsSerializeCmds	24	static
C:/Repositories/ECE_406/Middlewares/Third_Party/LoRaWAN/Mac/LoRaMacCommands.c:526:9:LoRaMacCommandsGetCmdSize	0	static
