C:/Repositories/ECE_406/Middlewares/Third_Party/LoRaWAN/Mac/Region/RegionAS923.c:309:12:RegionAS923GetPhyParam	8	static
C:/Repositories/ECE_406/Middlewares/Third_Party/LoRaWAN/Mac/Region/RegionAS923.c:557:6:RegionAS923SetBandTxDone	0	static
C:/Repositories/ECE_406/Middlewares/Third_Party/LoRaWAN/Mac/Region/RegionAS923.c:570:6:RegionAS923InitDefaults	0	static
C:/Repositories/ECE_406/Middlewares/Third_Party/LoRaWAN/Mac/Region/RegionAS923.c:646:6:RegionAS923Verify	0	static
C:/Repositories/ECE_406/Middlewares/Third_Party/LoRaWAN/Mac/Region/RegionAS923.c:699:6:RegionAS923ApplyCFList	0	static
C:/Repositories/ECE_406/Middlewares/Third_Party/LoRaWAN/Mac/Region/RegionAS923.c:760:6:RegionAS923ChanMaskSet	0	static
C:/Repositories/ECE_406/Middlewares/Third_Party/LoRaWAN/Mac/Region/RegionAS923.c:784:6:RegionAS923ComputeRxWindowParameters	0	static
C:/Repositories/ECE_406/Middlewares/Third_Party/LoRaWAN/Mac/Region/RegionAS923.c:806:6:RegionAS923RxConfig	0	static
C:/Repositories/ECE_406/Middlewares/Third_Party/LoRaWAN/Mac/Region/RegionAS923.c:868:6:RegionAS923TxConfig	0	static
C:/Repositories/ECE_406/Middlewares/Third_Party/LoRaWAN/Mac/Region/RegionAS923.c:912:9:RegionAS923LinkAdrReq	0	static
C:/Repositories/ECE_406/Middlewares/Third_Party/LoRaWAN/Mac/Region/RegionAS923.c:1019:9:RegionAS923RxParamSetupReq	0	static
C:/Repositories/ECE_406/Middlewares/Third_Party/LoRaWAN/Mac/Region/RegionAS923.c:1099:8:RegionAS923TxParamSetupReq	0	static
C:/Repositories/ECE_406/Middlewares/Third_Party/LoRaWAN/Mac/Region/RegionAS923.c:1105:8:RegionAS923DlChannelReq	0	static
C:/Repositories/ECE_406/Middlewares/Third_Party/LoRaWAN/Mac/Region/RegionAS923.c:1137:8:RegionAS923AlternateDr	0	static
C:/Repositories/ECE_406/Middlewares/Third_Party/LoRaWAN/Mac/Region/RegionAS923.c:1147:17:RegionAS923NextChannel	0	static
C:/Repositories/ECE_406/Middlewares/Third_Party/LoRaWAN/Mac/Region/RegionAS923.c:1231:17:RegionAS923ChannelAdd	0	static
C:/Repositories/ECE_406/Middlewares/Third_Party/LoRaWAN/Mac/Region/RegionAS923.c:1294:6:RegionAS923ChannelsRemove	0	static
C:/Repositories/ECE_406/Middlewares/Third_Party/LoRaWAN/Mac/Region/RegionAS923.c:1046:8:RegionAS923NewChannelReq	24	static
C:/Repositories/ECE_406/Middlewares/Third_Party/LoRaWAN/Mac/Region/RegionAS923.c:1348:9:RegionAS923ApplyDrOffset	0	static
C:/Repositories/ECE_406/Middlewares/Third_Party/LoRaWAN/Mac/Region/RegionAS923.c:1373:6:RegionAS923RxBeaconSetup	0	static
